../Core/Src/main.c:114:6:HAL_GPIO_EXTI_Callback	24	static
../Core/Src/main.c:132:6:set_val_for_nfr24	16	static
../Core/Src/main.c:157:6:quad_up	8	static
../Core/Src/main.c:162:6:quad_down	8	static
../Core/Src/main.c:166:6:quad_right	4	static
../Core/Src/main.c:170:6:quad_left	4	static
../Core/Src/main.c:174:6:quad_front	4	static
../Core/Src/main.c:178:6:quad_behind	4	static
../Core/Src/main.c:182:6:quad_giudocao	8	static
../Core/Src/main.c:188:6:hacanh_quad	8	static
../Core/Src/main.c:194:6:quad_stop	8	static
../Core/Src/main.c:203:6:quad_start	8	static
../Core/Src/main.c:214:6:quad_reset	4	static
../Core/Src/main.c:218:6:calibrate_gyro	16	static
../Core/Src/main.c:244:6:correct_data_and_calibrate_3truc	8	static
../Core/Src/main.c:256:6:calculate_agl_roll_pitch	24	static
../Core/Src/main.c:280:6:calculate_setpoint_pid	8	static
../Core/Src/main.c:301:6:read_hc05	8	static
../Core/Src/main.c:305:6:read_hc05_and_fillter	16	static
../Core/Src/main.c:317:6:check_looptime	8	static
../Core/Src/main.c:332:5:main	16	static
../Core/Src/main.c:479:6:SystemClock_Config	72	static
../Core/Src/main.c:519:13:MX_I2C2_Init	8	static
../Core/Src/main.c:553:13:MX_SPI1_Init	8	static
../Core/Src/main.c:591:13:MX_TIM1_Init	80	static
../Core/Src/main.c:668:13:MX_TIM2_Init	32	static
../Core/Src/main.c:713:13:MX_GPIO_Init	40	static
../Core/Src/main.c:779:6:Error_Handler	4	static,ignoring_inline_asm
