../Core/Src/nrf24l01mbal.c:63:9:mbal_NRF24L01_Init	16	static
../Core/Src/nrf24l01mbal.c:128:6:mbal_NRF24L01_CE_LOW	16	static
../Core/Src/nrf24l01mbal.c:132:6:mbal_NRF24L01_CE_HIGH	16	static
../Core/Src/nrf24l01mbal.c:136:6:mbal_NRF24L01_CSN_LOW	16	static
../Core/Src/nrf24l01mbal.c:140:6:mbal_NRF24L01_CSN_HIGH	16	static
../Core/Src/nrf24l01mbal.c:148:6:mbal_NRF24L01_FLUSH_TX	24	static
../Core/Src/nrf24l01mbal.c:157:6:mbal_NRF24L01_FLUSH_RX	24	static
../Core/Src/nrf24l01mbal.c:166:6:mbal_NRF24L01_WriteBit	24	static
../Core/Src/nrf24l01mbal.c:181:9:mbal_NRF24L01_ReadBit	24	static
../Core/Src/nrf24l01mbal.c:191:9:mbal_NRF24L01_ReadRegister	32	static
../Core/Src/nrf24l01mbal.c:207:6:mbal_NRF24L01_ReadRegisterMulti	72	dynamic
../Core/Src/nrf24l01mbal.c:223:6:mbal_NRF24L01_WriteRegister	24	static
../Core/Src/nrf24l01mbal.c:235:6:mbal_NRF24L01_WriteRegisterMulti	32	static
../Core/Src/nrf24l01mbal.c:247:6:mbal_NRF24L01_PowerUpTx	16	static
../Core/Src/nrf24l01mbal.c:252:6:mbal_NRF24L01_PowerUpRx	16	static
../Core/Src/nrf24l01mbal.c:265:6:mbal_NRF24L01_PowerDown	16	static
../Core/Src/nrf24l01mbal.c:270:6:mbal_NRF24L01_Transmit	24	static
../Core/Src/nrf24l01mbal.c:299:6:mbal_NRF24L01_GetData	32	static
../Core/Src/nrf24l01mbal.c:318:9:mbal_NRF24L01_DataReady	24	static
../Core/Src/nrf24l01mbal.c:327:9:mbal_NRF24L01_RxFifoEmpty	24	static
../Core/Src/nrf24l01mbal.c:332:9:mbal_NRF24L01_GetStatus	32	static
../Core/Src/nrf24l01mbal.c:347:31:mbal_NRF24L01_GetTransmissionStatus	24	static
../Core/Src/nrf24l01mbal.c:361:6:mbal_NRF24L01_SoftwareReset	24	static
../Core/Src/nrf24l01mbal.c:415:9:mbal_NRF24L01_GetRetransmissionsCount	16	static
../Core/Src/nrf24l01mbal.c:420:6:mbal_NRF24L01_SetChannel	16	static
../Core/Src/nrf24l01mbal.c:427:6:mbal_NRF24L01_SetRF	24	static
../Core/Src/nrf24l01mbal.c:453:6:mbal_NRF24L01_Clear_Interrupts	16	static
../Core/Src/nrf24l01mbal.c:457:6:mbal_NRF24L01_ReadConfig	32	static
