Archive member included to satisfy reference by file (symbol)

c:/st/stm32cubeide_1.10.1/stm32cubeide/plugins/com.st.stm32cube.ide.mcu.externaltools.gnu-tools-for-stm32.10.3-2021.10.win32_1.0.0.202111181127/tools/bin/../lib/gcc/arm-none-eabi/10.3.1/../../../../arm-none-eabi/lib/thumb/v7-m/nofp\libc_nano.a(lib_a-errno.o)
                              ./Core/Src/syscalls.o (__errno)
c:/st/stm32cubeide_1.10.1/stm32cubeide/plugins/com.st.stm32cube.ide.mcu.externaltools.gnu-tools-for-stm32.10.3-2021.10.win32_1.0.0.202111181127/tools/bin/../lib/gcc/arm-none-eabi/10.3.1/../../../../arm-none-eabi/lib/thumb/v7-m/nofp\libc_nano.a(lib_a-exit.o)
                              c:/st/stm32cubeide_1.10.1/stm32cubeide/plugins/com.st.stm32cube.ide.mcu.externaltools.gnu-tools-for-stm32.10.3-2021.10.win32_1.0.0.202111181127/tools/bin/../lib/gcc/arm-none-eabi/10.3.1/../../../../arm-none-eabi/lib/thumb/v7-m/nofp/crt0.o (exit)
c:/st/stm32cubeide_1.10.1/stm32cubeide/plugins/com.st.stm32cube.ide.mcu.externaltools.gnu-tools-for-stm32.10.3-2021.10.win32_1.0.0.202111181127/tools/bin/../lib/gcc/arm-none-eabi/10.3.1/../../../../arm-none-eabi/lib/thumb/v7-m/nofp\libc_nano.a(lib_a-impure.o)
                              c:/st/stm32cubeide_1.10.1/stm32cubeide/plugins/com.st.stm32cube.ide.mcu.externaltools.gnu-tools-for-stm32.10.3-2021.10.win32_1.0.0.202111181127/tools/bin/../lib/gcc/arm-none-eabi/10.3.1/../../../../arm-none-eabi/lib/thumb/v7-m/nofp\libc_nano.a(lib_a-exit.o) (_global_impure_ptr)
c:/st/stm32cubeide_1.10.1/stm32cubeide/plugins/com.st.stm32cube.ide.mcu.externaltools.gnu-tools-for-stm32.10.3-2021.10.win32_1.0.0.202111181127/tools/bin/../lib/gcc/arm-none-eabi/10.3.1/../../../../arm-none-eabi/lib/thumb/v7-m/nofp\libc_nano.a(lib_a-init.o)
                              c:/st/stm32cubeide_1.10.1/stm32cubeide/plugins/com.st.stm32cube.ide.mcu.externaltools.gnu-tools-for-stm32.10.3-2021.10.win32_1.0.0.202111181127/tools/bin/../lib/gcc/arm-none-eabi/10.3.1/../../../../arm-none-eabi/lib/thumb/v7-m/nofp/crt0.o (__libc_init_array)
c:/st/stm32cubeide_1.10.1/stm32cubeide/plugins/com.st.stm32cube.ide.mcu.externaltools.gnu-tools-for-stm32.10.3-2021.10.win32_1.0.0.202111181127/tools/bin/../lib/gcc/arm-none-eabi/10.3.1/../../../../arm-none-eabi/lib/thumb/v7-m/nofp\libc_nano.a(lib_a-memset.o)
                              c:/st/stm32cubeide_1.10.1/stm32cubeide/plugins/com.st.stm32cube.ide.mcu.externaltools.gnu-tools-for-stm32.10.3-2021.10.win32_1.0.0.202111181127/tools/bin/../lib/gcc/arm-none-eabi/10.3.1/../../../../arm-none-eabi/lib/thumb/v7-m/nofp/crt0.o (memset)

Discarded input sections

 .text          0x0000000000000000        0x0 c:/st/stm32cubeide_1.10.1/stm32cubeide/plugins/com.st.stm32cube.ide.mcu.externaltools.gnu-tools-for-stm32.10.3-2021.10.win32_1.0.0.202111181127/tools/bin/../lib/gcc/arm-none-eabi/10.3.1/thumb/v7-m/nofp/crti.o
 .data          0x0000000000000000        0x0 c:/st/stm32cubeide_1.10.1/stm32cubeide/plugins/com.st.stm32cube.ide.mcu.externaltools.gnu-tools-for-stm32.10.3-2021.10.win32_1.0.0.202111181127/tools/bin/../lib/gcc/arm-none-eabi/10.3.1/thumb/v7-m/nofp/crti.o
 .bss           0x0000000000000000        0x0 c:/st/stm32cubeide_1.10.1/stm32cubeide/plugins/com.st.stm32cube.ide.mcu.externaltools.gnu-tools-for-stm32.10.3-2021.10.win32_1.0.0.202111181127/tools/bin/../lib/gcc/arm-none-eabi/10.3.1/thumb/v7-m/nofp/crti.o
 .data          0x0000000000000000        0x4 c:/st/stm32cubeide_1.10.1/stm32cubeide/plugins/com.st.stm32cube.ide.mcu.externaltools.gnu-tools-for-stm32.10.3-2021.10.win32_1.0.0.202111181127/tools/bin/../lib/gcc/arm-none-eabi/10.3.1/thumb/v7-m/nofp/crtbegin.o
 .rodata        0x0000000000000000       0x24 c:/st/stm32cubeide_1.10.1/stm32cubeide/plugins/com.st.stm32cube.ide.mcu.externaltools.gnu-tools-for-stm32.10.3-2021.10.win32_1.0.0.202111181127/tools/bin/../lib/gcc/arm-none-eabi/10.3.1/thumb/v7-m/nofp/crtbegin.o
 .text          0x0000000000000000       0x7c c:/st/stm32cubeide_1.10.1/stm32cubeide/plugins/com.st.stm32cube.ide.mcu.externaltools.gnu-tools-for-stm32.10.3-2021.10.win32_1.0.0.202111181127/tools/bin/../lib/gcc/arm-none-eabi/10.3.1/../../../../arm-none-eabi/lib/thumb/v7-m/nofp/crt0.o
 .data          0x0000000000000000        0x0 c:/st/stm32cubeide_1.10.1/stm32cubeide/plugins/com.st.stm32cube.ide.mcu.externaltools.gnu-tools-for-stm32.10.3-2021.10.win32_1.0.0.202111181127/tools/bin/../lib/gcc/arm-none-eabi/10.3.1/../../../../arm-none-eabi/lib/thumb/v7-m/nofp/crt0.o
 .bss           0x0000000000000000        0x0 c:/st/stm32cubeide_1.10.1/stm32cubeide/plugins/com.st.stm32cube.ide.mcu.externaltools.gnu-tools-for-stm32.10.3-2021.10.win32_1.0.0.202111181127/tools/bin/../lib/gcc/arm-none-eabi/10.3.1/../../../../arm-none-eabi/lib/thumb/v7-m/nofp/crt0.o
[...]
Memory Configuration

Name             Origin             Length             Attributes
RAM              0x0000000020000000 0x0000000000002800 xrw
FLASH            0x0000000008000000 0x0000000000008000 xr
*default*        0x0000000000000000 0xffffffffffffffff

Linker script and memory map

LOAD c:/st/stm32cubeide_1.10.1/stm32cubeide/plugins/com.st.stm32cube.ide.mcu.externaltools.gnu-tools-for-stm32.10.3-2021.10.win32_1.0.0.202111181127/tools/bin/../lib/gcc/arm-none-eabi/10.3.1/thumb/v7-m/nofp/crti.o
LOAD c:/st/stm32cubeide_1.10.1/stm32cubeide/plugins/com.st.stm32cube.ide.mcu.externaltools.gnu-tools-for-stm32.10.3-2021.10.win32_1.0.0.202111181127/tools/bin/../lib/gcc/arm-none-eabi/10.3.1/thumb/v7-m/nofp/crtbegin.o
LOAD c:/st/stm32cubeide_1.10.1/stm32cubeide/plugins/com.st.stm32cube.ide.mcu.externaltools.gnu-tools-for-stm32.10.3-2021.10.win32_1.0.0.202111181127/tools/bin/../lib/gcc/arm-none-eabi/10.3.1/../../../../arm-none-eabi/lib/thumb/v7-m/nofp/crt0.o
LOAD ./Core/Src/main.o
LOAD ./Core/Src/nrf24l01mbal.o
LOAD ./Core/Src/stm32f1xx_hal_msp.o
LOAD ./Core/Src/stm32f1xx_it.o
LOAD ./Core/Src/syscalls.o
LOAD ./Core/Src/sysmem.o
LOAD ./Core/Src/system_stm32f1xx.o
LOAD ./Core/Startup/startup_stm32f103c6tx.o
LOAD ./Drivers/STM32F1xx_HAL_Driver/Src/stm32f1xx_hal.o
LOAD ./Drivers/STM32F1xx_HAL_Driver/Src/stm32f1xx_hal_adc.o
LOAD ./Drivers/STM32F1xx_HAL_Driver/Src/stm32f1xx_hal_adc_ex.o
LOAD ./Drivers/STM32F1xx_HAL_Driver/Src/stm32f1xx_hal_cortex.o
LOAD ./Drivers/STM32F1xx_HAL_Driver/Src/stm32f1xx_hal_dma.o
LOAD ./Drivers/STM32F1xx_HAL_Driver/Src/stm32f1xx_hal_exti.o
LOAD ./Drivers/STM32F1xx_HAL_Driver/Src/stm32f1xx_hal_flash.o
LOAD ./Drivers/STM32F1xx_HAL_Driver/Src/stm32f1xx_hal_flash_ex.o
LOAD ./Drivers/STM32F1xx_HAL_Driver/Src/stm32f1xx_hal_gpio.o
LOAD ./Drivers/STM32F1xx_HAL_Driver/Src/stm32f1xx_hal_gpio_ex.o
LOAD ./Drivers/STM32F1xx_HAL_Driver/Src/stm32f1xx_hal_pwr.o
LOAD ./Drivers/STM32F1xx_HAL_Driver/Src/stm32f1xx_hal_rcc.o
LOAD ./Drivers/STM32F1xx_HAL_Driver/Src/stm32f1xx_hal_rcc_ex.o
LOAD ./Drivers/STM32F1xx_HAL_Driver/Src/stm32f1xx_hal_spi.o
LOAD ./Drivers/STM32F1xx_HAL_Driver/Src/stm32f1xx_hal_tim.o
LOAD ./Drivers/STM32F1xx_HAL_Driver/Src/stm32f1xx_hal_tim_ex.o
START GROUP
LOAD c:/st/stm32cubeide_1.10.1/stm32cubeide/plugins/com.st.stm32cube.ide.mcu.externaltools.gnu-tools-for-stm32.10.3-2021.10.win32_1.0.0.202111181127/tools/bin/../lib/gcc/arm-none-eabi/10.3.1/../../../../arm-none-eabi/lib/thumb/v7-m/nofp\libc_nano.a
LOAD c:/st/stm32cubeide_1.10.1/stm32cubeide/plugins/com.st.stm32cube.ide.mcu.externaltools.gnu-tools-for-stm32.10.3-2021.10.win32_1.0.0.202111181127/tools/bin/../lib/gcc/arm-none-eabi/10.3.1/../../../../arm-none-eabi/lib/thumb/v7-m/nofp\libm.a
END GROUP
START GROUP
LOAD c:/st/stm32cubeide_1.10.1/stm32cubeide/plugins/com.st.stm32cube.ide.mcu.externaltools.gnu-tools-for-stm32.10.3-2021.10.win32_1.0.0.202111181127/tools/bin/../lib/gcc/arm-none-eabi/10.3.1/thumb/v7-m/nofp\libgcc.a
LOAD c:/st/stm32cubeide_1.10.1/stm32cubeide/plugins/com.st.stm32cube.ide.mcu.externaltools.gnu-tools-for-stm32.10.3-2021.10.win32_1.0.0.202111181127/tools/bin/../lib/gcc/arm-none-eabi/10.3.1/../../../../arm-none-eabi/lib/thumb/v7-m/nofp\libc_nano.a
END GROUP
START GROUP
LOAD c:/st/stm32cubeide_1.10.1/stm32cubeide/plugins/com.st.stm32cube.ide.mcu.externaltools.gnu-tools-for-stm32.10.3-2021.10.win32_1.0.0.202111181127/tools/bin/../lib/gcc/arm-none-eabi/10.3.1/thumb/v7-m/nofp\libgcc.a
LOAD c:/st/stm32cubeide_1.10.1/stm32cubeide/plugins/com.st.stm32cube.ide.mcu.externaltools.gnu-tools-for-stm32.10.3-2021.10.win32_1.0.0.202111181127/tools/bin/../lib/gcc/arm-none-eabi/10.3.1/../../../../arm-none-eabi/lib/thumb/v7-m/nofp\libc_nano.a
LOAD c:/st/stm32cubeide_1.10.1/stm32cubeide/plugins/com.st.stm32cube.ide.mcu.externaltools.gnu-tools-for-stm32.10.3-2021.10.win32_1.0.0.202111181127/tools/bin/../lib/gcc/arm-none-eabi/10.3.1/../../../../arm-none-eabi/lib/thumb/v7-m/nofp\libnosys.a
END GROUP
START GROUP
LOAD c:/st/stm32cubeide_1.10.1/stm32cubeide/plugins/com.st.stm32cube.ide.mcu.externaltools.gnu-tools-for-stm32.10.3-2021.10.win32_1.0.0.202111181127/tools/bin/../lib/gcc/arm-none-eabi/10.3.1/thumb/v7-m/nofp\libgcc.a
LOAD c:/st/stm32cubeide_1.10.1/stm32cubeide/plugins/com.st.stm32cube.ide.mcu.externaltools.gnu-tools-for-stm32.10.3-2021.10.win32_1.0.0.202111181127/tools/bin/../lib/gcc/arm-none-eabi/10.3.1/../../../../arm-none-eabi/lib/thumb/v7-m/nofp\libc_nano.a
LOAD c:/st/stm32cubeide_1.10.1/stm32cubeide/plugins/com.st.stm32cube.ide.mcu.externaltools.gnu-tools-for-stm32.10.3-2021.10.win32_1.0.0.202111181127/tools/bin/../lib/gcc/arm-none-eabi/10.3.1/../../../../arm-none-eabi/lib/thumb/v7-m/nofp\libnosys.a
END GROUP
LOAD c:/st/stm32cubeide_1.10.1/stm32cubeide/plugins/com.st.stm32cube.ide.mcu.externaltools.gnu-tools-for-stm32.10.3-2021.10.win32_1.0.0.202111181127/tools/bin/../lib/gcc/arm-none-eabi/10.3.1/thumb/v7-m/nofp/crtend.o
LOAD c:/st/stm32cubeide_1.10.1/stm32cubeide/plugins/com.st.stm32cube.ide.mcu.externaltools.gnu-tools-for-stm32.10.3-2021.10.win32_1.0.0.202111181127/tools/bin/../lib/gcc/arm-none-eabi/10.3.1/thumb/v7-m/nofp/crtn.o
                0x0000000020002800                _estack = (ORIGIN (RAM) + LENGTH (RAM))
                0x0000000000000200                _Min_Heap_Size = 0x200
                0x0000000000000400                _Min_Stack_Size = 0x400

.isr_vector     0x0000000008000000      0x10c
                0x0000000008000000                . = ALIGN (0x4)
 *(.isr_vector)
 .isr_vector    0x0000000008000000      0x10c ./Core/Startup/startup_stm32f103c6tx.o
                0x0000000008000000                g_pfnVectors
                0x000000000800010c                . = ALIGN (0x4)

.text           0x000000000800010c     0x31f4
                0x000000000800010c                . = ALIGN (0x4)
 *(.text)
 .text          0x000000000800010c       0x40 c:/st/stm32cubeide_1.10.1/stm32cubeide/plugins/com.st.stm32cube.ide.mcu.externaltools.gnu-tools-for-stm32.10.3-2021.10.win32_1.0.0.202111181127/tools/bin/../lib/gcc/arm-none-eabi/10.3.1/thumb/v7-m/nofp/crtbegin.o
 *(.text*)
 .text.ADC_Select_CH0
                0x000000000800014c       0x3c ./Core/Src/main.o
                0x000000000800014c                ADC_Select_CH0
 .text.ADC_Select_CH1
                0x0000000008000188       0x3c ./Core/Src/main.o
                0x0000000008000188                ADC_Select_CH1
 .text.HAL_GPIO_EXTI_Callback
                0x00000000080001c4      0x134 ./Core/Src/main.o
                0x00000000080001c4                HAL_GPIO_EXTI_Callback
 .text.HAL_ADC_ConvCpltCallback
                0x00000000080002f8      0x190 ./Core/Src/main.o
                0x00000000080002f8                HAL_ADC_ConvCpltCallback
 .text.main     0x0000000008000488       0xd4 ./Core/Src/main.o
                0x0000000008000488                main
 .text.SystemClock_Config
                0x000000000800055c       0xb6 ./Core/Src/main.o
                0x000000000800055c                SystemClock_Config
 *fill*         0x0000000008000612        0x2 
 .text.MX_ADC1_Init
                0x0000000008000614       0x7c ./Core/Src/main.o
 .text.MX_SPI1_Init
                0x0000000008000690       0x6c ./Core/Src/main.o
 .text.MX_GPIO_Init
                0x00000000080006fc      0x104 ./Core/Src/main.o
 .text.Error_Handler
                0x0000000008000800        0xa ./Core/Src/main.o
                0x0000000008000800                Error_Handler
 .text.mbal_NRF24L01_Init
                0x000000000800080a       0xec ./Core/Src/nrf24l01mbal.o
                0x000000000800080a                mbal_NRF24L01_Init
 .text.mbal_NRF24L01_CE_LOW
                0x00000000080008f6       0x20 ./Core/Src/nrf24l01mbal.o
                0x00000000080008f6                mbal_NRF24L01_CE_LOW
 .text.mbal_NRF24L01_CE_HIGH
                0x0000000008000916       0x20 ./Core/Src/nrf24l01mbal.o
                0x0000000008000916                mbal_NRF24L01_CE_HIGH
 .text.mbal_NRF24L01_CSN_LOW
                0x0000000008000936       0x20 ./Core/Src/nrf24l01mbal.o
                0x0000000008000936                mbal_NRF24L01_CSN_LOW
 .text.mbal_NRF24L01_CSN_HIGH
                0x0000000008000956       0x20 ./Core/Src/nrf24l01mbal.o
                0x0000000008000956                mbal_NRF24L01_CSN_HIGH
 .text.mbal_NRF24L01_FLUSH_TX
                0x0000000008000976       0x30 ./Core/Src/nrf24l01mbal.o
                0x0000000008000976                mbal_NRF24L01_FLUSH_TX
 .text.mbal_NRF24L01_FLUSH_RX
                0x00000000080009a6       0x30 ./Core/Src/nrf24l01mbal.o
                0x00000000080009a6                mbal_NRF24L01_FLUSH_RX
 .text.mbal_NRF24L01_WriteRegister
                0x00000000080009d6       0x52 ./Core/Src/nrf24l01mbal.o
                0x00000000080009d6                mbal_NRF24L01_WriteRegister
 .text.mbal_NRF24L01_WriteRegisterMulti
                0x0000000008000a28       0x58 ./Core/Src/nrf24l01mbal.o
                0x0000000008000a28                mbal_NRF24L01_WriteRegisterMulti
 .text.mbal_NRF24L01_PowerUpTx
                0x0000000008000a80       0x20 ./Core/Src/nrf24l01mbal.o
                0x0000000008000a80                mbal_NRF24L01_PowerUpTx
 .text.mbal_NRF24L01_PowerUpRx
                0x0000000008000aa0       0x32 ./Core/Src/nrf24l01mbal.o
                0x0000000008000aa0                mbal_NRF24L01_PowerUpRx
 .text.mbal_NRF24L01_Transmit
                0x0000000008000ad2       0x62 ./Core/Src/nrf24l01mbal.o
                0x0000000008000ad2                mbal_NRF24L01_Transmit
 .text.mbal_NRF24L01_SoftwareReset
                0x0000000008000b34      0x15c ./Core/Src/nrf24l01mbal.o
                0x0000000008000b34                mbal_NRF24L01_SoftwareReset
 .text.mbal_NRF24L01_SetChannel
                0x0000000008000c90       0x26 ./Core/Src/nrf24l01mbal.o
                0x0000000008000c90                mbal_NRF24L01_SetChannel
 .text.mbal_NRF24L01_SetRF
                0x0000000008000cb6       0x7c ./Core/Src/nrf24l01mbal.o
                0x0000000008000cb6                mbal_NRF24L01_SetRF
 .text.mbal_NRF24L01_Clear_Interrupts
                0x0000000008000d32       0x1a ./Core/Src/nrf24l01mbal.o
                0x0000000008000d32                mbal_NRF24L01_Clear_Interrupts
 .text.HAL_MspInit
                0x0000000008000d4c       0x64 ./Core/Src/stm32f1xx_hal_msp.o
                0x0000000008000d4c                HAL_MspInit
 .text.HAL_ADC_MspInit
                0x0000000008000db0       0x88 ./Core/Src/stm32f1xx_hal_msp.o
                0x0000000008000db0                HAL_ADC_MspInit
 .text.HAL_SPI_MspInit
                0x0000000008000e38       0x94 ./Core/Src/stm32f1xx_hal_msp.o
                0x0000000008000e38                HAL_SPI_MspInit
 .text.NMI_Handler
                0x0000000008000ecc        0x6 ./Core/Src/stm32f1xx_it.o
                0x0000000008000ecc                NMI_Handler
 .text.HardFault_Handler
                0x0000000008000ed2        0x6 ./Core/Src/stm32f1xx_it.o
                0x0000000008000ed2                HardFault_Handler
 .text.MemManage_Handler
                0x0000000008000ed8        0x6 ./Core/Src/stm32f1xx_it.o
                0x0000000008000ed8                MemManage_Handler
 .text.BusFault_Handler
                0x0000000008000ede        0x6 ./Core/Src/stm32f1xx_it.o
                0x0000000008000ede                BusFault_Handler
 .text.UsageFault_Handler
                0x0000000008000ee4        0x6 ./Core/Src/stm32f1xx_it.o
                0x0000000008000ee4                UsageFault_Handler
 .text.SVC_Handler
                0x0000000008000eea        0xc ./Core/Src/stm32f1xx_it.o
                0x0000000008000eea                SVC_Handler
 .text.DebugMon_Handler
                0x0000000008000ef6        0xc ./Core/Src/stm32f1xx_it.o
                0x0000000008000ef6                DebugMon_Handler
 .text.PendSV_Handler
                0x0000000008000f02        0xc ./Core/Src/stm32f1xx_it.o
                0x0000000008000f02                PendSV_Handler
 .text.SysTick_Handler
                0x0000000008000f0e        0xc ./Core/Src/stm32f1xx_it.o
                0x0000000008000f0e                SysTick_Handler
 *fill*         0x0000000008000f1a        0x2 
 .text.ADC1_2_IRQHandler
                0x0000000008000f1c       0x14 ./Core/Src/stm32f1xx_it.o
                0x0000000008000f1c                ADC1_2_IRQHandler
 .text.EXTI9_5_IRQHandler
                0x0000000008000f30       0x10 ./Core/Src/stm32f1xx_it.o
                0x0000000008000f30                EXTI9_5_IRQHandler
 .text.EXTI15_10_IRQHandler
                0x0000000008000f40       0x28 ./Core/Src/stm32f1xx_it.o
                0x0000000008000f40                EXTI15_10_IRQHandler
 .text.SystemInit
                0x0000000008000f68        0xc ./Core/Src/system_stm32f1xx.o
                0x0000000008000f68                SystemInit
 .text.Reset_Handler
                0x0000000008000f74       0x48 ./Core/Startup/startup_stm32f103c6tx.o
                0x0000000008000f74                Reset_Handler
 .text.Default_Handler
                0x0000000008000fbc        0x2 ./Core/Startup/startup_stm32f103c6tx.o
                0x0000000008000fbc                RTC_Alarm_IRQHandler
                0x0000000008000fbc                EXTI2_IRQHandler
                0x0000000008000fbc                TIM1_CC_IRQHandler
                0x0000000008000fbc                PVD_IRQHandler
                0x0000000008000fbc                EXTI3_IRQHandler
                0x0000000008000fbc                EXTI0_IRQHandler
                0x0000000008000fbc                SPI1_IRQHandler
                0x0000000008000fbc                TAMPER_IRQHandler
                0x0000000008000fbc                DMA1_Channel4_IRQHandler
                0x0000000008000fbc                RTC_IRQHandler
                0x0000000008000fbc                DMA1_Channel7_IRQHandler
                0x0000000008000fbc                CAN1_RX1_IRQHandler
                0x0000000008000fbc                I2C1_EV_IRQHandler
                0x0000000008000fbc                DMA1_Channel6_IRQHandler
                0x0000000008000fbc                TIM3_IRQHandler
                0x0000000008000fbc                RCC_IRQHandler
                0x0000000008000fbc                TIM1_TRG_COM_IRQHandler
                0x0000000008000fbc                DMA1_Channel1_IRQHandler
                0x0000000008000fbc                Default_Handler
                0x0000000008000fbc                DMA1_Channel5_IRQHandler
                0x0000000008000fbc                EXTI4_IRQHandler
                0x0000000008000fbc                USB_LP_CAN1_RX0_IRQHandler
                0x0000000008000fbc                USB_HP_CAN1_TX_IRQHandler
                0x0000000008000fbc                DMA1_Channel3_IRQHandler
                0x0000000008000fbc                TIM1_UP_IRQHandler
                0x0000000008000fbc                WWDG_IRQHandler
                0x0000000008000fbc                TIM2_IRQHandler
                0x0000000008000fbc                TIM1_BRK_IRQHandler
                0x0000000008000fbc                EXTI1_IRQHandler
                0x0000000008000fbc                USART2_IRQHandler
                0x0000000008000fbc                DMA1_Channel2_IRQHandler
                0x0000000008000fbc                CAN1_SCE_IRQHandler
                0x0000000008000fbc                FLASH_IRQHandler
                0x0000000008000fbc                USART1_IRQHandler
                0x0000000008000fbc                I2C1_ER_IRQHandler
                0x0000000008000fbc                USBWakeUp_IRQHandler
 *fill*         0x0000000008000fbe        0x2 
 .text.HAL_Init
                0x0000000008000fc0       0x2c ./Drivers/STM32F1xx_HAL_Driver/Src/stm32f1xx_hal.o
                0x0000000008000fc0                HAL_Init
 .text.HAL_InitTick
                0x0000000008000fec       0x60 ./Drivers/STM32F1xx_HAL_Driver/Src/stm32f1xx_hal.o
                0x0000000008000fec                HAL_InitTick
 .text.HAL_IncTick
                0x000000000800104c       0x24 ./Drivers/STM32F1xx_HAL_Driver/Src/stm32f1xx_hal.o
                0x000000000800104c                HAL_IncTick
 .text.HAL_GetTick
                0x0000000008001070       0x14 ./Drivers/STM32F1xx_HAL_Driver/Src/stm32f1xx_hal.o
                0x0000000008001070                HAL_GetTick
 .text.HAL_Delay
                0x0000000008001084       0x48 ./Drivers/STM32F1xx_HAL_Driver/Src/stm32f1xx_hal.o
                0x0000000008001084                HAL_Delay
 .text.HAL_ADC_Init
                0x00000000080010cc      0x1b0 ./Drivers/STM32F1xx_HAL_Driver/Src/stm32f1xx_hal_adc.o
                0x00000000080010cc                HAL_ADC_Init
 .text.HAL_ADC_Start
                0x000000000800127c      0x15c ./Drivers/STM32F1xx_HAL_Driver/Src/stm32f1xx_hal_adc.o
                0x000000000800127c                HAL_ADC_Start
 .text.HAL_ADC_Stop
                0x00000000080013d8       0x58 ./Drivers/STM32F1xx_HAL_Driver/Src/stm32f1xx_hal_adc.o
                0x00000000080013d8                HAL_ADC_Stop
 .text.HAL_ADC_PollForConversion
                0x0000000008001430      0x20c ./Drivers/STM32F1xx_HAL_Driver/Src/stm32f1xx_hal_adc.o
                0x0000000008001430                HAL_ADC_PollForConversion
 .text.HAL_ADC_Start_IT
                0x000000000800163c      0x16c ./Drivers/STM32F1xx_HAL_Driver/Src/stm32f1xx_hal_adc.o
                0x000000000800163c                HAL_ADC_Start_IT
 .text.HAL_ADC_Stop_IT
                0x00000000080017a8       0x68 ./Drivers/STM32F1xx_HAL_Driver/Src/stm32f1xx_hal_adc.o
                0x00000000080017a8                HAL_ADC_Stop_IT
 .text.HAL_ADC_GetValue
                0x0000000008001810       0x18 ./Drivers/STM32F1xx_HAL_Driver/Src/stm32f1xx_hal_adc.o
                0x0000000008001810                HAL_ADC_GetValue
 .text.HAL_ADC_IRQHandler
                0x0000000008001828      0x186 ./Drivers/STM32F1xx_HAL_Driver/Src/stm32f1xx_hal_adc.o
                0x0000000008001828                HAL_ADC_IRQHandler
 .text.HAL_ADC_LevelOutOfWindowCallback
                0x00000000080019ae       0x12 ./Drivers/STM32F1xx_HAL_Driver/Src/stm32f1xx_hal_adc.o
                0x00000000080019ae                HAL_ADC_LevelOutOfWindowCallback
 .text.HAL_ADC_ConfigChannel
                0x00000000080019c0      0x1f0 ./Drivers/STM32F1xx_HAL_Driver/Src/stm32f1xx_hal_adc.o
                0x00000000080019c0                HAL_ADC_ConfigChannel
 .text.ADC_Enable
                0x0000000008001bb0       0xb4 ./Drivers/STM32F1xx_HAL_Driver/Src/stm32f1xx_hal_adc.o
                0x0000000008001bb0                ADC_Enable
 .text.ADC_ConversionStop_Disable
                0x0000000008001c64       0x82 ./Drivers/STM32F1xx_HAL_Driver/Src/stm32f1xx_hal_adc.o
                0x0000000008001c64                ADC_ConversionStop_Disable
 .text.HAL_ADCEx_InjectedConvCpltCallback
                0x0000000008001ce6       0x12 ./Drivers/STM32F1xx_HAL_Driver/Src/stm32f1xx_hal_adc_ex.o
                0x0000000008001ce6                HAL_ADCEx_InjectedConvCpltCallback
 .text.__NVIC_SetPriorityGrouping
                0x0000000008001cf8       0x48 ./Drivers/STM32F1xx_HAL_Driver/Src/stm32f1xx_hal_cortex.o
 .text.__NVIC_GetPriorityGrouping
                0x0000000008001d40       0x1c ./Drivers/STM32F1xx_HAL_Driver/Src/stm32f1xx_hal_cortex.o
 .text.__NVIC_EnableIRQ
                0x0000000008001d5c       0x38 ./Drivers/STM32F1xx_HAL_Driver/Src/stm32f1xx_hal_cortex.o
 .text.__NVIC_SetPriority
                0x0000000008001d94       0x54 ./Drivers/STM32F1xx_HAL_Driver/Src/stm32f1xx_hal_cortex.o
 .text.NVIC_EncodePriority
                0x0000000008001de8       0x64 ./Drivers/STM32F1xx_HAL_Driver/Src/stm32f1xx_hal_cortex.o
 .text.SysTick_Config
                0x0000000008001e4c       0x44 ./Drivers/STM32F1xx_HAL_Driver/Src/stm32f1xx_hal_cortex.o
 .text.HAL_NVIC_SetPriorityGrouping
                0x0000000008001e90       0x16 ./Drivers/STM32F1xx_HAL_Driver/Src/stm32f1xx_hal_cortex.o
                0x0000000008001e90                HAL_NVIC_SetPriorityGrouping
 .text.HAL_NVIC_SetPriority
                0x0000000008001ea6       0x38 ./Drivers/STM32F1xx_HAL_Driver/Src/stm32f1xx_hal_cortex.o
                0x0000000008001ea6                HAL_NVIC_SetPriority
 .text.HAL_NVIC_EnableIRQ
                0x0000000008001ede       0x1c ./Drivers/STM32F1xx_HAL_Driver/Src/stm32f1xx_hal_cortex.o
                0x0000000008001ede                HAL_NVIC_EnableIRQ
 .text.HAL_SYSTICK_Config
                0x0000000008001efa       0x18 ./Drivers/STM32F1xx_HAL_Driver/Src/stm32f1xx_hal_cortex.o
                0x0000000008001efa                HAL_SYSTICK_Config
 *fill*         0x0000000008001f12        0x2 
 .text.HAL_GPIO_Init
                0x0000000008001f14      0x2f8 ./Drivers/STM32F1xx_HAL_Driver/Src/stm32f1xx_hal_gpio.o
                0x0000000008001f14                HAL_GPIO_Init
 .text.HAL_GPIO_ReadPin
                0x000000000800220c       0x2e ./Drivers/STM32F1xx_HAL_Driver/Src/stm32f1xx_hal_gpio.o
                0x000000000800220c                HAL_GPIO_ReadPin
 .text.HAL_GPIO_WritePin
                0x000000000800223a       0x30 ./Drivers/STM32F1xx_HAL_Driver/Src/stm32f1xx_hal_gpio.o
                0x000000000800223a                HAL_GPIO_WritePin
 .text.HAL_GPIO_TogglePin
                0x000000000800226a       0x32 ./Drivers/STM32F1xx_HAL_Driver/Src/stm32f1xx_hal_gpio.o
                0x000000000800226a                HAL_GPIO_TogglePin
 .text.HAL_GPIO_EXTI_IRQHandler
                0x000000000800229c       0x30 ./Drivers/STM32F1xx_HAL_Driver/Src/stm32f1xx_hal_gpio.o
                0x000000000800229c                HAL_GPIO_EXTI_IRQHandler
 .text.HAL_RCC_OscConfig
                0x00000000080022cc      0x504 ./Drivers/STM32F1xx_HAL_Driver/Src/stm32f1xx_hal_rcc.o
                0x00000000080022cc                HAL_RCC_OscConfig
 .text.HAL_RCC_ClockConfig
                0x00000000080027d0      0x1d4 ./Drivers/STM32F1xx_HAL_Driver/Src/stm32f1xx_hal_rcc.o
                0x00000000080027d0                HAL_RCC_ClockConfig
 .text.HAL_RCC_GetSysClockFreq
                0x00000000080029a4       0xbc ./Drivers/STM32F1xx_HAL_Driver/Src/stm32f1xx_hal_rcc.o
                0x00000000080029a4                HAL_RCC_GetSysClockFreq
 .text.HAL_RCC_GetHCLKFreq
                0x0000000008002a60       0x14 ./Drivers/STM32F1xx_HAL_Driver/Src/stm32f1xx_hal_rcc.o
                0x0000000008002a60                HAL_RCC_GetHCLKFreq
 .text.HAL_RCC_GetPCLK2Freq
                0x0000000008002a74       0x28 ./Drivers/STM32F1xx_HAL_Driver/Src/stm32f1xx_hal_rcc.o
                0x0000000008002a74                HAL_RCC_GetPCLK2Freq
 .text.RCC_Delay
                0x0000000008002a9c       0x3c ./Drivers/STM32F1xx_HAL_Driver/Src/stm32f1xx_hal_rcc.o
 .text.HAL_RCCEx_PeriphCLKConfig
                0x0000000008002ad8      0x16c ./Drivers/STM32F1xx_HAL_Driver/Src/stm32f1xx_hal_rcc_ex.o
                0x0000000008002ad8                HAL_RCCEx_PeriphCLKConfig
 .text.HAL_RCCEx_GetPeriphCLKFreq
                0x0000000008002c44      0x180 ./Drivers/STM32F1xx_HAL_Driver/Src/stm32f1xx_hal_rcc_ex.o
                0x0000000008002c44                HAL_RCCEx_GetPeriphCLKFreq
 .text.HAL_SPI_Init
                0x0000000008002dc4      0x108 ./Drivers/STM32F1xx_HAL_Driver/Src/stm32f1xx_hal_spi.o
                0x0000000008002dc4                HAL_SPI_Init
 .text.HAL_SPI_Transmit
                0x0000000008002ecc      0x278 ./Drivers/STM32F1xx_HAL_Driver/Src/stm32f1xx_hal_spi.o
                0x0000000008002ecc                HAL_SPI_Transmit
 .text.SPI_WaitFlagStateUntilTimeout
                0x0000000008003144      0x110 ./Drivers/STM32F1xx_HAL_Driver/Src/stm32f1xx_hal_spi.o
 .text.SPI_EndRxTxTransaction
                0x0000000008003254       0x3c ./Drivers/STM32F1xx_HAL_Driver/Src/stm32f1xx_hal_spi.o
 .text.__libc_init_array
                0x0000000008003290       0x48 c:/st/stm32cubeide_1.10.1/stm32cubeide/plugins/com.st.stm32cube.ide.mcu.externaltools.gnu-tools-for-stm32.10.3-2021.10.win32_1.0.0.202111181127/tools/bin/../lib/gcc/arm-none-eabi/10.3.1/../../../../arm-none-eabi/lib/thumb/v7-m/nofp\libc_nano.a(lib_a-init.o)
                0x0000000008003290                __libc_init_array
 .text.memset   0x00000000080032d8       0x10 c:/st/stm32cubeide_1.10.1/stm32cubeide/plugins/com.st.stm32cube.ide.mcu.externaltools.gnu-tools-for-stm32.10.3-2021.10.win32_1.0.0.202111181127/tools/bin/../lib/gcc/arm-none-eabi/10.3.1/../../../../arm-none-eabi/lib/thumb/v7-m/nofp\libc_nano.a(lib_a-memset.o)
                0x00000000080032d8                memset
 *(.glue_7)
 .glue_7        0x00000000080032e8        0x0 linker stubs
 *(.glue_7t)
 .glue_7t       0x00000000080032e8        0x0 linker stubs
 *(.eh_frame)
 .eh_frame      0x00000000080032e8        0x0 c:/st/stm32cubeide_1.10.1/stm32cubeide/plugins/com.st.stm32cube.ide.mcu.externaltools.gnu-tools-for-stm32.10.3-2021.10.win32_1.0.0.202111181127/tools/bin/../lib/gcc/arm-none-eabi/10.3.1/thumb/v7-m/nofp/crtbegin.o
 *(.init)
 .init          0x00000000080032e8        0x4 c:/st/stm32cubeide_1.10.1/stm32cubeide/plugins/com.st.stm32cube.ide.mcu.externaltools.gnu-tools-for-stm32.10.3-2021.10.win32_1.0.0.202111181127/tools/bin/../lib/gcc/arm-none-eabi/10.3.1/thumb/v7-m/nofp/crti.o
                0x00000000080032e8                _init
 .init          0x00000000080032ec        0x8 c:/st/stm32cubeide_1.10.1/stm32cubeide/plugins/com.st.stm32cube.ide.mcu.externaltools.gnu-tools-for-stm32.10.3-2021.10.win32_1.0.0.202111181127/tools/bin/../lib/gcc/arm-none-eabi/10.3.1/thumb/v7-m/nofp/crtn.o
 *(.fini)
 .fini          0x00000000080032f4        0x4 c:/st/stm32cubeide_1.10.1/stm32cubeide/plugins/com.st.stm32cube.ide.mcu.externaltools.gnu-tools-for-stm32.10.3-2021.10.win32_1.0.0.202111181127/tools/bin/../lib/gcc/arm-none-eabi/10.3.1/thumb/v7-m/nofp/crti.o
                0x00000000080032f4                _fini
 .fini          0x00000000080032f8        0x8 c:/st/stm32cubeide_1.10.1/stm32cubeide/plugins/com.st.stm32cube.ide.mcu.externaltools.gnu-tools-for-stm32.10.3-2021.10.win32_1.0.0.202111181127/tools/bin/../lib/gcc/arm-none-eabi/10.3.1/thumb/v7-m/nofp/crtn.o
                0x0000000008003300                . = ALIGN (0x4)
                0x0000000008003300                _etext = .

.vfp11_veneer   0x0000000008003300        0x0
 .vfp11_veneer  0x0000000008003300        0x0 linker stubs

.v4_bx          0x0000000008003300        0x0
 .v4_bx         0x0000000008003300        0x0 linker stubs

.iplt           0x0000000008003300        0x0
 .iplt          0x0000000008003300        0x0 c:/st/stm32cubeide_1.10.1/stm32cubeide/plugins/com.st.stm32cube.ide.mcu.externaltools.gnu-tools-for-stm32.10.3-2021.10.win32_1.0.0.202111181127/tools/bin/../lib/gcc/arm-none-eabi/10.3.1/thumb/v7-m/nofp/crtbegin.o

.rodata         0x0000000008003300       0x38
                0x0000000008003300                . = ALIGN (0x4)
 *(.rodata)
 .rodata        0x0000000008003300       0x10 ./Drivers/STM32F1xx_HAL_Driver/Src/stm32f1xx_hal_rcc.o
 .rodata        0x0000000008003310       0x10 ./Drivers/STM32F1xx_HAL_Driver/Src/stm32f1xx_hal_rcc_ex.o
 *(.rodata*)
 .rodata.AHBPrescTable
                0x0000000008003320       0x10 ./Core/Src/system_stm32f1xx.o
                0x0000000008003320                AHBPrescTable
 .rodata.APBPrescTable
                0x0000000008003330        0x8 ./Core/Src/system_stm32f1xx.o
                0x0000000008003330                APBPrescTable
                0x0000000008003338                . = ALIGN (0x4)

.rel.dyn        0x0000000008003338        0x0
 .rel.iplt      0x0000000008003338        0x0 c:/st/stm32cubeide_1.10.1/stm32cubeide/plugins/com.st.stm32cube.ide.mcu.externaltools.gnu-tools-for-stm32.10.3-2021.10.win32_1.0.0.202111181127/tools/bin/../lib/gcc/arm-none-eabi/10.3.1/thumb/v7-m/nofp/crtbegin.o

.ARM.extab      0x0000000008003338        0x0
                0x0000000008003338                . = ALIGN (0x4)
 *(.ARM.extab* .gnu.linkonce.armextab.*)
                0x0000000008003338                . = ALIGN (0x4)

.ARM            0x0000000008003338        0x0
                0x0000000008003338                . = ALIGN (0x4)
                0x0000000008003338                __exidx_start = .
 *(.ARM.exidx*)
                0x0000000008003338                __exidx_end = .
                0x0000000008003338                . = ALIGN (0x4)

.preinit_array  0x0000000008003338        0x0
                0x0000000008003338                . = ALIGN (0x4)
                0x0000000008003338                PROVIDE (__preinit_array_start = .)
 *(.preinit_array*)
                0x0000000008003338                PROVIDE (__preinit_array_end = .)
                0x0000000008003338                . = ALIGN (0x4)

.init_array     0x0000000008003338        0x4
                0x0000000008003338                . = ALIGN (0x4)
                0x0000000008003338                PROVIDE (__init_array_start = .)
 *(SORT_BY_NAME(.init_array.*))
 *(.init_array*)
 .init_array    0x0000000008003338        0x4 c:/st/stm32cubeide_1.10.1/stm32cubeide/plugins/com.st.stm32cube.ide.mcu.externaltools.gnu-tools-for-stm32.10.3-2021.10.win32_1.0.0.202111181127/tools/bin/../lib/gcc/arm-none-eabi/10.3.1/thumb/v7-m/nofp/crtbegin.o
                0x000000000800333c                PROVIDE (__init_array_end = .)
                0x000000000800333c                . = ALIGN (0x4)

.fini_array     0x000000000800333c        0x4
                0x000000000800333c                . = ALIGN (0x4)
                [!provide]                        PROVIDE (__fini_array_start = .)
 *(SORT_BY_NAME(.fini_array.*))
 *(.fini_array*)
 .fini_array    0x000000000800333c        0x4 c:/st/stm32cubeide_1.10.1/stm32cubeide/plugins/com.st.stm32cube.ide.mcu.externaltools.gnu-tools-for-stm32.10.3-2021.10.win32_1.0.0.202111181127/tools/bin/../lib/gcc/arm-none-eabi/10.3.1/thumb/v7-m/nofp/crtbegin.o
                [!provide]                        PROVIDE (__fini_array_end = .)
                0x0000000008003340                . = ALIGN (0x4)
                0x0000000008003340                _sidata = LOADADDR (.data)

.data           0x0000000020000000        0xc load address 0x0000000008003340
                0x0000000020000000                . = ALIGN (0x4)
                0x0000000020000000                _sdata = .
 *(.data)
 *(.data*)
 .data.SystemCoreClock
                0x0000000020000000        0x4 ./Core/Src/system_stm32f1xx.o
                0x0000000020000000                SystemCoreClock
 .data.uwTickPrio
                0x0000000020000004        0x4 ./Drivers/STM32F1xx_HAL_Driver/Src/stm32f1xx_hal.o
                0x0000000020000004                uwTickPrio
 .data.uwTickFreq
                0x0000000020000008        0x1 ./Drivers/STM32F1xx_HAL_Driver/Src/stm32f1xx_hal.o
                0x0000000020000008                uwTickFreq
 *(.RamFunc)
 *(.RamFunc*)
                0x000000002000000c                . = ALIGN (0x4)
 *fill*         0x0000000020000009        0x3 
                0x000000002000000c                _edata = .

.igot.plt       0x000000002000000c        0x0 load address 0x000000000800334c
 .igot.plt      0x000000002000000c        0x0 c:/st/stm32cubeide_1.10.1/stm32cubeide/plugins/com.st.stm32cube.ide.mcu.externaltools.gnu-tools-for-stm32.10.3-2021.10.win32_1.0.0.202111181127/tools/bin/../lib/gcc/arm-none-eabi/10.3.1/thumb/v7-m/nofp/crtbegin.o
                0x000000002000000c                . = ALIGN (0x4)

.bss            0x000000002000000c       0xd8 load address 0x000000000800334c
                0x000000002000000c                _sbss = .
                0x000000002000000c                __bss_start__ = _sbss
 *(.bss)
 .bss           0x000000002000000c       0x1c c:/st/stm32cubeide_1.10.1/stm32cubeide/plugins/com.st.stm32cube.ide.mcu.externaltools.gnu-tools-for-stm32.10.3-2021.10.win32_1.0.0.202111181127/tools/bin/../lib/gcc/arm-none-eabi/10.3.1/thumb/v7-m/nofp/crtbegin.o
 *(.bss*)
 .bss.hadc1     0x0000000020000028       0x30 ./Core/Src/main.o
                0x0000000020000028                hadc1
 .bss.hspi1     0x0000000020000058       0x58 ./Core/Src/main.o
                0x0000000020000058                hspi1
 .bss.data_to_quad
                0x00000000200000b0        0x6 ./Core/Src/main.o
                0x00000000200000b0                data_to_quad
 *fill*         0x00000000200000b6        0x2 
 .bss.nrf_tx_cfg
                0x00000000200000b8       0x24 ./Core/Src/main.o
                0x00000000200000b8                nrf_tx_cfg
 .bss.button_status
                0x00000000200000dc        0x2 ./Core/Src/main.o
                0x00000000200000dc                button_status
 *fill*         0x00000000200000de        0x2 
 .bss.uwTick    0x00000000200000e0        0x4 ./Drivers/STM32F1xx_HAL_Driver/Src/stm32f1xx_hal.o
                0x00000000200000e0                uwTick
 *(COMMON)
                0x00000000200000e4                . = ALIGN (0x4)
                0x00000000200000e4                _ebss = .
                0x00000000200000e4                __bss_end__ = _ebss

._user_heap_stack
                0x00000000200000e4      0x604 load address 0x000000000800334c
                0x00000000200000e8                . = ALIGN (0x8)
 *fill*         0x00000000200000e4        0x4 
                [!provide]                        PROVIDE (end = .)
                0x00000000200000e8                PROVIDE (_end = .)
                0x00000000200002e8                . = (. + _Min_Heap_Size)
 *fill*         0x00000000200000e8      0x200 
                0x00000000200006e8                . = (. + _Min_Stack_Size)
 *fill*         0x00000000200002e8      0x400 
                0x00000000200006e8                . = ALIGN (0x8)

/DISCARD/
 libc.a(*)
 libm.a(*)
 libgcc.a(*)

.ARM.attributes
                0x0000000000000000       0x29
 *(.ARM.attributes)
 .ARM.attributes
                0x0000000000000000       0x1d c:/st/stm32cubeide_1.10.1/stm32cubeide/plugins/com.st.stm32cube.ide.mcu.externaltools.gnu-tools-for-stm32.10.3-2021.10.win32_1.0.0.202111181127/tools/bin/../lib/gcc/arm-none-eabi/10.3.1/thumb/v7-m/nofp/crti.o
 .ARM.attributes
                0x000000000000001d       0x2d c:/st/stm32cubeide_1.10.1/stm32cubeide/plugins/com.st.stm32cube.ide.mcu.externaltools.gnu-tools-for-stm32.10.3-2021.10.win32_1.0.0.202111181127/tools/bin/../lib/gcc/arm-none-eabi/10.3.1/thumb/v7-m/nofp/crtbegin.o
 .ARM.attributes
                0x000000000000004a       0x2d ./Core/Src/main.o
 .ARM.attributes
                0x0000000000000077       0x2d ./Core/Src/nrf24l01mbal.o
 .ARM.attributes
                0x00000000000000a4       0x2d ./Core/Src/stm32f1xx_hal_msp.o
 .ARM.attributes
                0x00000000000000d1       0x2d ./Core/Src/stm32f1xx_it.o
 .ARM.attributes
                0x00000000000000fe       0x2d ./Core/Src/system_stm32f1xx.o
 .ARM.attributes
                0x000000000000012b       0x21 ./Core/Startup/startup_stm32f103c6tx.o
 .ARM.attributes
                0x000000000000014c       0x2d ./Drivers/STM32F1xx_HAL_Driver/Src/stm32f1xx_hal.o
 .ARM.attributes
                0x0000000000000179       0x2d ./Drivers/STM32F1xx_HAL_Driver/Src/stm32f1xx_hal_adc.o
 .ARM.attributes
                0x00000000000001a6       0x2d ./Drivers/STM32F1xx_HAL_Driver/Src/stm32f1xx_hal_adc_ex.o
 .ARM.attributes
                0x00000000000001d3       0x2d ./Drivers/STM32F1xx_HAL_Driver/Src/stm32f1xx_hal_cortex.o
 .ARM.attributes
                0x0000000000000200       0x2d ./Drivers/STM32F1xx_HAL_Driver/Src/stm32f1xx_hal_gpio.o
 .ARM.attributes
                0x000000000000022d       0x2d ./Drivers/STM32F1xx_HAL_Driver/Src/stm32f1xx_hal_rcc.o
 .ARM.attributes
                0x000000000000025a       0x2d ./Drivers/STM32F1xx_HAL_Driver/Src/stm32f1xx_hal_rcc_ex.o
 .ARM.attributes
                0x0000000000000287       0x2d ./Drivers/STM32F1xx_HAL_Driver/Src/stm32f1xx_hal_spi.o
 .ARM.attributes
                0x00000000000002b4       0x2d c:/st/stm32cubeide_1.10.1/stm32cubeide/plugins/com.st.stm32cube.ide.mcu.externaltools.gnu-tools-for-stm32.10.3-2021.10.win32_1.0.0.202111181127/tools/bin/../lib/gcc/arm-none-eabi/10.3.1/../../../../arm-none-eabi/lib/thumb/v7-m/nofp\libc_nano.a(lib_a-init.o)
 .ARM.attributes
                0x00000000000002e1       0x2d c:/st/stm32cubeide_1.10.1/stm32cubeide/plugins/com.st.stm32cube.ide.mcu.externaltools.gnu-tools-for-stm32.10.3-2021.10.win32_1.0.0.202111181127/tools/bin/../lib/gcc/arm-none-eabi/10.3.1/../../../../arm-none-eabi/lib/thumb/v7-m/nofp\libc_nano.a(lib_a-memset.o)
 .ARM.attributes
                0x000000000000030e       0x1d c:/st/stm32cubeide_1.10.1/stm32cubeide/plugins/com.st.stm32cube.ide.mcu.externaltools.gnu-tools-for-stm32.10.3-2021.10.win32_1.0.0.202111181127/tools/bin/../lib/gcc/arm-none-eabi/10.3.1/thumb/v7-m/nofp/crtn.o
OUTPUT(control_quad_32t6a.elf elf32-littlearm)
LOAD linker stubs
LOAD c:/st/stm32cubeide_1.10.1/stm32cubeide/plugins/com.st.stm32cube.ide.mcu.externaltools.gnu-tools-for-stm32.10.3-2021.10.win32_1.0.0.202111181127/tools/bin/../lib/gcc/arm-none-eabi/10.3.1/../../../../arm-none-eabi/lib/thumb/v7-m/nofp\libc.a
LOAD c:/st/stm32cubeide_1.10.1/stm32cubeide/plugins/com.st.stm32cube.ide.mcu.externaltools.gnu-tools-for-stm32.10.3-2021.10.win32_1.0.0.202111181127/tools/bin/../lib/gcc/arm-none-eabi/10.3.1/../../../../arm-none-eabi/lib/thumb/v7-m/nofp\libm.a
LOAD c:/st/stm32cubeide_1.10.1/stm32cubeide/plugins/com.st.stm32cube.ide.mcu.externaltools.gnu-tools-for-stm32.10.3-2021.10.win32_1.0.0.202111181127/tools/bin/../lib/gcc/arm-none-eabi/10.3.1/thumb/v7-m/nofp\libgcc.a

.debug_info     0x0000000000000000     0x8904
 .debug_info    0x0000000000000000     0x12a2 ./Core/Src/main.o
 .debug_info    0x00000000000012a2      0xf12 ./Core/Src/nrf24l01mbal.o
 .debug_info    0x00000000000021b4      0xcb2 ./Core/Src/stm32f1xx_hal_msp.o
 .debug_info    0x0000000000002e66      0x612 ./Core/Src/stm32f1xx_it.o
 .debug_info    0x0000000000003478      0x23d ./Core/Src/system_stm32f1xx.o
 .debug_info    0x00000000000036b5       0x22 ./Core/Startup/startup_stm32f103c6tx.o
 .debug_info    0x00000000000036d7      0x716 ./Drivers/STM32F1xx_HAL_Driver/Src/stm32f1xx_hal.o
 .debug_info    0x0000000000003ded      0xcd9 ./Drivers/STM32F1xx_HAL_Driver/Src/stm32f1xx_hal_adc.o
 .debug_info    0x0000000000004ac6      0xa8f ./Drivers/STM32F1xx_HAL_Driver/Src/stm32f1xx_hal_adc_ex.o
 .debug_info    0x0000000000005555      0xb02 ./Drivers/STM32F1xx_HAL_Driver/Src/stm32f1xx_hal_cortex.o
 .debug_info    0x0000000000006057      0x615 ./Drivers/STM32F1xx_HAL_Driver/Src/stm32f1xx_hal_gpio.o
 .debug_info    0x000000000000666c      0x860 ./Drivers/STM32F1xx_HAL_Driver/Src/stm32f1xx_hal_rcc.o
 .debug_info    0x0000000000006ecc      0x3e0 ./Drivers/STM32F1xx_HAL_Driver/Src/stm32f1xx_hal_rcc_ex.o
 .debug_info    0x00000000000072ac     0x1658 ./Drivers/STM32F1xx_HAL_Driver/Src/stm32f1xx_hal_spi.o

.debug_abbrev   0x0000000000000000     0x1b2c
 .debug_abbrev  0x0000000000000000      0x2bc ./Core/Src/main.o
 .debug_abbrev  0x00000000000002bc      0x26d ./Core/Src/nrf24l01mbal.o
 .debug_abbrev  0x0000000000000529      0x1b2 ./Core/Src/stm32f1xx_hal_msp.o
 .debug_abbrev  0x00000000000006db      0x185 ./Core/Src/stm32f1xx_it.o
 .debug_abbrev  0x0000000000000860      0x13b ./Core/Src/system_stm32f1xx.o
 .debug_abbrev  0x000000000000099b       0x12 ./Core/Startup/startup_stm32f103c6tx.o
 .debug_abbrev  0x00000000000009ad      0x1fb ./Drivers/STM32F1xx_HAL_Driver/Src/stm32f1xx_hal.o
 .debug_abbrev  0x0000000000000ba8      0x210 ./Drivers/STM32F1xx_HAL_Driver/Src/stm32f1xx_hal_adc.o
 .debug_abbrev  0x0000000000000db8      0x234 ./Drivers/STM32F1xx_HAL_Driver/Src/stm32f1xx_hal_adc_ex.o
 .debug_abbrev  0x0000000000000fec      0x2ed ./Drivers/STM32F1xx_HAL_Driver/Src/stm32f1xx_hal_cortex.o
 .debug_abbrev  0x00000000000012d9      0x1bb ./Drivers/STM32F1xx_HAL_Driver/Src/stm32f1xx_hal_gpio.o
 .debug_abbrev  0x0000000000001494      0x2a8 ./Drivers/STM32F1xx_HAL_Driver/Src/stm32f1xx_hal_rcc.o
 .debug_abbrev  0x000000000000173c      0x182 ./Drivers/STM32F1xx_HAL_Driver/Src/stm32f1xx_hal_rcc_ex.o
 .debug_abbrev  0x00000000000018be      0x26e ./Drivers/STM32F1xx_HAL_Driver/Src/stm32f1xx_hal_spi.o

.debug_aranges  0x0000000000000000      0x8a0
 .debug_aranges
                0x0000000000000000       0x68 ./Core/Src/main.o
 .debug_aranges
                0x0000000000000068       0xf8 ./Core/Src/nrf24l01mbal.o
 .debug_aranges
                0x0000000000000160       0x40 ./Core/Src/stm32f1xx_hal_msp.o
 .debug_aranges
                0x00000000000001a0       0x78 ./Core/Src/stm32f1xx_it.o
 .debug_aranges
                0x0000000000000218       0x28 ./Core/Src/system_stm32f1xx.o
 .debug_aranges
                0x0000000000000240       0x28 ./Core/Startup/startup_stm32f103c6tx.o
 .debug_aranges
                0x0000000000000268       0xe0 ./Drivers/STM32F1xx_HAL_Driver/Src/stm32f1xx_hal.o
 .debug_aranges
                0x0000000000000348       0xf0 ./Drivers/STM32F1xx_HAL_Driver/Src/stm32f1xx_hal_adc.o
 .debug_aranges
                0x0000000000000438       0x80 ./Drivers/STM32F1xx_HAL_Driver/Src/stm32f1xx_hal_adc_ex.o
 .debug_aranges
                0x00000000000004b8      0x100 ./Drivers/STM32F1xx_HAL_Driver/Src/stm32f1xx_hal_cortex.o
 .debug_aranges
                0x00000000000005b8       0x58 ./Drivers/STM32F1xx_HAL_Driver/Src/stm32f1xx_hal_gpio.o
 .debug_aranges
                0x0000000000000610       0x90 ./Drivers/STM32F1xx_HAL_Driver/Src/stm32f1xx_hal_rcc.o
 .debug_aranges
                0x00000000000006a0       0x30 ./Drivers/STM32F1xx_HAL_Driver/Src/stm32f1xx_hal_rcc_ex.o
 .debug_aranges
                0x00000000000006d0      0x1d0 ./Drivers/STM32F1xx_HAL_Driver/Src/stm32f1xx_hal_spi.o

.debug_ranges   0x0000000000000000      0x7c8
 .debug_ranges  0x0000000000000000       0x58 ./Core/Src/main.o
 .debug_ranges  0x0000000000000058       0xe8 ./Core/Src/nrf24l01mbal.o
 .debug_ranges  0x0000000000000140       0x30 ./Core/Src/stm32f1xx_hal_msp.o
 .debug_ranges  0x0000000000000170       0x68 ./Core/Src/stm32f1xx_it.o
 .debug_ranges  0x00000000000001d8       0x18 ./Core/Src/system_stm32f1xx.o
 .debug_ranges  0x00000000000001f0       0x20 ./Core/Startup/startup_stm32f103c6tx.o
 .debug_ranges  0x0000000000000210       0xd0 ./Drivers/STM32F1xx_HAL_Driver/Src/stm32f1xx_hal.o
 .debug_ranges  0x00000000000002e0       0xe0 ./Drivers/STM32F1xx_HAL_Driver/Src/stm32f1xx_hal_adc.o
 .debug_ranges  0x00000000000003c0       0x70 ./Drivers/STM32F1xx_HAL_Driver/Src/stm32f1xx_hal_adc_ex.o
 .debug_ranges  0x0000000000000430       0xf0 ./Drivers/STM32F1xx_HAL_Driver/Src/stm32f1xx_hal_cortex.o
 .debug_ranges  0x0000000000000520       0x48 ./Drivers/STM32F1xx_HAL_Driver/Src/stm32f1xx_hal_gpio.o
 .debug_ranges  0x0000000000000568       0x80 ./Drivers/STM32F1xx_HAL_Driver/Src/stm32f1xx_hal_rcc.o
 .debug_ranges  0x00000000000005e8       0x20 ./Drivers/STM32F1xx_HAL_Driver/Src/stm32f1xx_hal_rcc_ex.o
 .debug_ranges  0x0000000000000608      0x1c0 ./Drivers/STM32F1xx_HAL_Driver/Src/stm32f1xx_hal_spi.o

.debug_macro    0x0000000000000000    0x16d70
 .debug_macro   0x0000000000000000      0x1e2 ./Core/Src/main.o
 .debug_macro   0x00000000000001e2      0xa6c ./Core/Src/main.o
 .debug_macro   0x0000000000000c4e      0x21b ./Core/Src/main.o
 .debug_macro   0x0000000000000e69       0x2e ./Core/Src/main.o
 .debug_macro   0x0000000000000e97       0x22 ./Core/Src/main.o
 .debug_macro   0x0000000000000eb9       0x22 ./Core/Src/main.o
 .debug_macro   0x0000000000000edb       0x8e ./Core/Src/main.o
 .debug_macro   0x0000000000000f69       0x51 ./Core/Src/main.o
 .debug_macro   0x0000000000000fba      0x103 ./Core/Src/main.o
 .debug_macro   0x00000000000010bd       0x6a ./Core/Src/main.o
 .debug_macro   0x0000000000001127      0x1df ./Core/Src/main.o
 .debug_macro   0x0000000000001306       0x1c ./Core/Src/main.o
 .debug_macro   0x0000000000001322       0x22 ./Core/Src/main.o
 .debug_macro   0x0000000000001344       0xbd ./Core/Src/main.o
 .debug_macro   0x0000000000001401      0xd23 ./Core/Src/main.o
 .debug_macro   0x0000000000002124     0xde75 ./Core/Src/main.o
 .debug_macro   0x000000000000ff99       0x6d ./Core/Src/main.o
 .debug_macro   0x0000000000010006     0x3468 ./Core/Src/main.o
 .debug_macro   0x000000000001346e      0x174 ./Core/Src/main.o
 .debug_macro   0x00000000000135e2       0x5c ./Core/Src/main.o
 .debug_macro   0x000000000001363e      0x5be ./Core/Src/main.o
 .debug_macro   0x0000000000013bfc      0x1b7 ./Core/Src/main.o
 .debug_macro   0x0000000000013db3      0x1cb ./Core/Src/main.o
 .debug_macro   0x0000000000013f7e      0x114 ./Core/Src/main.o
 .debug_macro   0x0000000000014092      0x1b2 ./Core/Src/main.o
 .debug_macro   0x0000000000014244       0x27 ./Core/Src/main.o
 .debug_macro   0x000000000001426b      0x12f ./Core/Src/main.o
 .debug_macro   0x000000000001439a      0x1bc ./Core/Src/main.o
 .debug_macro   0x0000000000014556       0x34 ./Core/Src/main.o
 .debug_macro   0x000000000001458a       0x3c ./Core/Src/main.o
 .debug_macro   0x00000000000145c6       0x57 ./Core/Src/main.o
 .debug_macro   0x000000000001461d      0x46a ./Core/Src/main.o
 .debug_macro   0x0000000000014a87      0x1b5 ./Core/Src/main.o
 .debug_macro   0x0000000000014c3c       0x88 ./Core/Src/main.o
 .debug_macro   0x0000000000014cc4      0x183 ./Core/Src/main.o
 .debug_macro   0x0000000000014e47      0x141 ./Core/Src/main.o
 .debug_macro   0x0000000000014f88      0x217 ./Core/Src/main.o
 .debug_macro   0x000000000001519f       0x69 ./Core/Src/main.o
 .debug_macro   0x0000000000015208       0x22 ./Core/Src/main.o
 .debug_macro   0x000000000001522a      0x256 ./Core/Src/main.o
 .debug_macro   0x0000000000015480      0x33c ./Core/Src/main.o
 .debug_macro   0x00000000000157bc       0x76 ./Core/Src/main.o
 .debug_macro   0x0000000000015832      0x1ef ./Core/Src/nrf24l01mbal.o
 .debug_macro   0x0000000000015a21      0x1e2 ./Core/Src/stm32f1xx_hal_msp.o
 .debug_macro   0x0000000000015c03      0x1ec ./Core/Src/stm32f1xx_it.o
 .debug_macro   0x0000000000015def      0x1a1 ./Core/Src/system_stm32f1xx.o
 .debug_macro   0x0000000000015f90      0x1c5 ./Drivers/STM32F1xx_HAL_Driver/Src/stm32f1xx_hal.o
 .debug_macro   0x0000000000016155      0x1be ./Drivers/STM32F1xx_HAL_Driver/Src/stm32f1xx_hal_adc.o
 .debug_macro   0x0000000000016313      0x1b3 ./Drivers/STM32F1xx_HAL_Driver/Src/stm32f1xx_hal_adc_ex.o
 .debug_macro   0x00000000000164c6      0x1a1 ./Drivers/STM32F1xx_HAL_Driver/Src/stm32f1xx_hal_cortex.o
 .debug_macro   0x0000000000016667      0x20c ./Drivers/STM32F1xx_HAL_Driver/Src/stm32f1xx_hal_gpio.o
 .debug_macro   0x0000000000016873      0x1b3 ./Drivers/STM32F1xx_HAL_Driver/Src/stm32f1xx_hal_rcc.o
 .debug_macro   0x0000000000016a26      0x1a1 ./Drivers/STM32F1xx_HAL_Driver/Src/stm32f1xx_hal_rcc_ex.o
 .debug_macro   0x0000000000016bc7      0x1a9 ./Drivers/STM32F1xx_HAL_Driver/Src/stm32f1xx_hal_spi.o

.debug_line     0x0000000000000000     0x97a0
 .debug_line    0x0000000000000000      0xa0d ./Core/Src/main.o
 .debug_line    0x0000000000000a0d      0xbd3 ./Core/Src/nrf24l01mbal.o
 .debug_line    0x00000000000015e0      0x73a ./Core/Src/stm32f1xx_hal_msp.o
 .debug_line    0x0000000000001d1a      0x7ab ./Core/Src/stm32f1xx_it.o
 .debug_line    0x00000000000024c5      0x6ef ./Core/Src/system_stm32f1xx.o
 .debug_line    0x0000000000002bb4       0x87 ./Core/Startup/startup_stm32f103c6tx.o
 .debug_line    0x0000000000002c3b      0x91c ./Drivers/STM32F1xx_HAL_Driver/Src/stm32f1xx_hal.o
 .debug_line    0x0000000000003557      0xf93 ./Drivers/STM32F1xx_HAL_Driver/Src/stm32f1xx_hal_adc.o
 .debug_line    0x00000000000044ea      0xce1 ./Drivers/STM32F1xx_HAL_Driver/Src/stm32f1xx_hal_adc_ex.o
 .debug_line    0x00000000000051cb      0xb04 ./Drivers/STM32F1xx_HAL_Driver/Src/stm32f1xx_hal_cortex.o
 .debug_line    0x0000000000005ccf      0x99e ./Drivers/STM32F1xx_HAL_Driver/Src/stm32f1xx_hal_gpio.o
 .debug_line    0x000000000000666d      0xd2a ./Drivers/STM32F1xx_HAL_Driver/Src/stm32f1xx_hal_rcc.o
 .debug_line    0x0000000000007397      0x868 ./Drivers/STM32F1xx_HAL_Driver/Src/stm32f1xx_hal_rcc_ex.o
 .debug_line    0x0000000000007bff     0x1ba1 ./Drivers/STM32F1xx_HAL_Driver/Src/stm32f1xx_hal_spi.o

.debug_str      0x0000000000000000    0x81e6e
 .debug_str     0x0000000000000000    0x80202 ./Core/Src/main.o
                                      0x809e8 (size before relaxing)
 .debug_str     0x0000000000080202      0x390 ./Core/Src/nrf24l01mbal.o
                                      0x8050a (size before relaxing)
 .debug_str     0x0000000000080592       0xc7 ./Core/Src/stm32f1xx_hal_msp.o
                                      0x8043e (size before relaxing)
 .debug_str     0x0000000000080659      0x11d ./Core/Src/stm32f1xx_it.o
                                      0x7ff5b (size before relaxing)
 .debug_str     0x0000000000080776       0x7e ./Core/Src/system_stm32f1xx.o
                                      0x7e57c (size before relaxing)
 .debug_str     0x00000000000807f4       0x36 ./Core/Startup/startup_stm32f103c6tx.o
                                         0x7d (size before relaxing)
 .debug_str     0x000000000008082a      0x37a ./Drivers/STM32F1xx_HAL_Driver/Src/stm32f1xx_hal.o
                                      0x7ec75 (size before relaxing)
 .debug_str     0x0000000000080ba4      0x30a ./Drivers/STM32F1xx_HAL_Driver/Src/stm32f1xx_hal_adc.o
                                      0x7ec59 (size before relaxing)
 .debug_str     0x0000000000080eae      0x2d8 ./Drivers/STM32F1xx_HAL_Driver/Src/stm32f1xx_hal_adc_ex.o
                                      0x7ec30 (size before relaxing)
 .debug_str     0x0000000000081186      0x294 ./Drivers/STM32F1xx_HAL_Driver/Src/stm32f1xx_hal_cortex.o
                                      0x7ebc1 (size before relaxing)
 .debug_str     0x000000000008141a      0x289 ./Drivers/STM32F1xx_HAL_Driver/Src/stm32f1xx_hal_gpio.o
                                      0x7e902 (size before relaxing)
 .debug_str     0x00000000000816a3      0x229 ./Drivers/STM32F1xx_HAL_Driver/Src/stm32f1xx_hal_rcc.o
                                      0x7e9ab (size before relaxing)
 .debug_str     0x00000000000818cc       0x84 ./Drivers/STM32F1xx_HAL_Driver/Src/stm32f1xx_hal_rcc_ex.o
                                      0x7e6fb (size before relaxing)
 .debug_str     0x0000000000081950      0x51e ./Drivers/STM32F1xx_HAL_Driver/Src/stm32f1xx_hal_spi.o
                                      0x7eea8 (size before relaxing)

.comment        0x0000000000000000       0x50
 .comment       0x0000000000000000       0x50 ./Core/Src/main.o
                                         0x51 (size before relaxing)
 .comment       0x0000000000000050       0x51 ./Core/Src/nrf24l01mbal.o
 .comment       0x0000000000000050       0x51 ./Core/Src/stm32f1xx_hal_msp.o
 .comment       0x0000000000000050       0x51 ./Core/Src/stm32f1xx_it.o
 .comment       0x0000000000000050       0x51 ./Core/Src/system_stm32f1xx.o
 .comment       0x0000000000000050       0x51 ./Drivers/STM32F1xx_HAL_Driver/Src/stm32f1xx_hal.o
 .comment       0x0000000000000050       0x51 ./Drivers/STM32F1xx_HAL_Driver/Src/stm32f1xx_hal_adc.o
 .comment       0x0000000000000050       0x51 ./Drivers/STM32F1xx_HAL_Driver/Src/stm32f1xx_hal_adc_ex.o
 .comment       0x0000000000000050       0x51 ./Drivers/STM32F1xx_HAL_Driver/Src/stm32f1xx_hal_cortex.o
 .comment       0x0000000000000050       0x51 ./Drivers/STM32F1xx_HAL_Driver/Src/stm32f1xx_hal_gpio.o
 .comment       0x0000000000000050       0x51 ./Drivers/STM32F1xx_HAL_Driver/Src/stm32f1xx_hal_rcc.o
 .comment       0x0000000000000050       0x51 ./Drivers/STM32F1xx_HAL_Driver/Src/stm32f1xx_hal_rcc_ex.o
 .comment       0x0000000000000050       0x51 ./Drivers/STM32F1xx_HAL_Driver/Src/stm32f1xx_hal_spi.o

.debug_frame    0x0000000000000000     0x21a8
 .debug_frame   0x0000000000000000      0x15c ./Core/Src/main.o
 .debug_frame   0x000000000000015c      0x410 ./Core/Src/nrf24l01mbal.o
 .debug_frame   0x000000000000056c       0xc8 ./Core/Src/stm32f1xx_hal_msp.o
 .debug_frame   0x0000000000000634      0x158 ./Core/Src/stm32f1xx_it.o
 .debug_frame   0x000000000000078c       0x58 ./Core/Src/system_stm32f1xx.o
 .debug_frame   0x00000000000007e4      0x334 ./Drivers/STM32F1xx_HAL_Driver/Src/stm32f1xx_hal.o
 .debug_frame   0x0000000000000b18      0x40c ./Drivers/STM32F1xx_HAL_Driver/Src/stm32f1xx_hal_adc.o
 .debug_frame   0x0000000000000f24      0x200 ./Drivers/STM32F1xx_HAL_Driver/Src/stm32f1xx_hal_adc_ex.o
 .debug_frame   0x0000000000001124      0x428 ./Drivers/STM32F1xx_HAL_Driver/Src/stm32f1xx_hal_cortex.o
 .debug_frame   0x000000000000154c      0x14c ./Drivers/STM32F1xx_HAL_Driver/Src/stm32f1xx_hal_gpio.o
 .debug_frame   0x0000000000001698      0x21c ./Drivers/STM32F1xx_HAL_Driver/Src/stm32f1xx_hal_rcc.o
 .debug_frame   0x00000000000018b4       0x84 ./Drivers/STM32F1xx_HAL_Driver/Src/stm32f1xx_hal_rcc_ex.o
 .debug_frame   0x0000000000001938      0x824 ./Drivers/STM32F1xx_HAL_Driver/Src/stm32f1xx_hal_spi.o
 .debug_frame   0x000000000000215c       0x2c c:/st/stm32cubeide_1.10.1/stm32cubeide/plugins/com.st.stm32cube.ide.mcu.externaltools.gnu-tools-for-stm32.10.3-2021.10.win32_1.0.0.202111181127/tools/bin/../lib/gcc/arm-none-eabi/10.3.1/../../../../arm-none-eabi/lib/thumb/v7-m/nofp\libc_nano.a(lib_a-init.o)
 .debug_frame   0x0000000000002188       0x20 c:/st/stm32cubeide_1.10.1/stm32cubeide/plugins/com.st.stm32cube.ide.mcu.externaltools.gnu-tools-for-stm32.10.3-2021.10.win32_1.0.0.202111181127/tools/bin/../lib/gcc/arm-none-eabi/10.3.1/../../../../arm-none-eabi/lib/thumb/v7-m/nofp\libc_nano.a(lib_a-memset.o)
