Archive member included to satisfy reference by file (symbol)

c:/st/stm32cubeide_1.10.1/stm32cubeide/plugins/com.st.stm32cube.ide.mcu.externaltools.gnu-tools-for-stm32.10.3-2021.10.win32_1.0.0.202111181127/tools/bin/../lib/gcc/arm-none-eabi/10.3.1/../../../../arm-none-eabi/lib/thumb/v7-m/nofp\libc_nano.a(lib_a-errno.o)
                              ./Core/Src/syscalls.o (__errno)
c:/st/stm32cubeide_1.10.1/stm32cubeide/plugins/com.st.stm32cube.ide.mcu.externaltools.gnu-tools-for-stm32.10.3-2021.10.win32_1.0.0.202111181127/tools/bin/../lib/gcc/arm-none-eabi/10.3.1/../../../../arm-none-eabi/lib/thumb/v7-m/nofp\libc_nano.a(lib_a-exit.o)
                              c:/st/stm32cubeide_1.10.1/stm32cubeide/plugins/com.st.stm32cube.ide.mcu.externaltools.gnu-tools-for-stm32.10.3-2021.10.win32_1.0.0.202111181127/tools/bin/../lib/gcc/arm-none-eabi/10.3.1/../../../../arm-none-eabi/lib/thumb/v7-m/nofp/crt0.o (exit)
c:/st/stm32cubeide_1.10.1/stm32cubeide/plugins/com.st.stm32cube.ide.mcu.externaltools.gnu-tools-for-stm32.10.3-2021.10.win32_1.0.0.202111181127/tools/bin/../lib/gcc/arm-none-eabi/10.3.1/../../../../arm-none-eabi/lib/thumb/v7-m/nofp\libc_nano.a(lib_a-impure.o)
                              c:/st/stm32cubeide_1.10.1/stm32cubeide/plugins/com.st.stm32cube.ide.mcu.externaltools.gnu-tools-for-stm32.10.3-2021.10.win32_1.0.0.202111181127/tools/bin/../lib/gcc/arm-none-eabi/10.3.1/../../../../arm-none-eabi/lib/thumb/v7-m/nofp\libc_nano.a(lib_a-exit.o) (_global_impure_ptr)
c:/st/stm32cubeide_1.10.1/stm32cubeide/plugins/com.st.stm32cube.ide.mcu.externaltools.gnu-tools-for-stm32.10.3-2021.10.win32_1.0.0.202111181127/tools/bin/../lib/gcc/arm-none-eabi/10.3.1/../../../../arm-none-eabi/lib/thumb/v7-m/nofp\libc_nano.a(lib_a-init.o)
                              c:/st/stm32cubeide_1.10.1/stm32cubeide/plugins/com.st.stm32cube.ide.mcu.externaltools.gnu-tools-for-stm32.10.3-2021.10.win32_1.0.0.202111181127/tools/bin/../lib/gcc/arm-none-eabi/10.3.1/../../../../arm-none-eabi/lib/thumb/v7-m/nofp/crt0.o (__libc_init_array)
c:/st/stm32cubeide_1.10.1/stm32cubeide/plugins/com.st.stm32cube.ide.mcu.externaltools.gnu-tools-for-stm32.10.3-2021.10.win32_1.0.0.202111181127/tools/bin/../lib/gcc/arm-none-eabi/10.3.1/../../../../arm-none-eabi/lib/thumb/v7-m/nofp\libc_nano.a(lib_a-memset.o)
                              c:/st/stm32cubeide_1.10.1/stm32cubeide/plugins/com.st.stm32cube.ide.mcu.externaltools.gnu-tools-for-stm32.10.3-2021.10.win32_1.0.0.202111181127/tools/bin/../lib/gcc/arm-none-eabi/10.3.1/../../../../arm-none-eabi/lib/thumb/v7-m/nofp/crt0.o (memset)
c:/st/stm32cubeide_1.10.1/stm32cubeide/plugins/com.st.stm32cube.ide.mcu.externaltools.gnu-tools-for-stm32.10.3-2021.10.win32_1.0.0.202111181127/tools/bin/../lib/gcc/arm-none-eabi/10.3.1/../../../../arm-none-eabi/lib/thumb/v7-m/nofp\libm.a(lib_a-s_sin.o)
                              ./Core/Src/main.o (sin)
c:/st/stm32cubeide_1.10.1/stm32cubeide/plugins/com.st.stm32cube.ide.mcu.externaltools.gnu-tools-for-stm32.10.3-2021.10.win32_1.0.0.202111181127/tools/bin/../lib/gcc/arm-none-eabi/10.3.1/../../../../arm-none-eabi/lib/thumb/v7-m/nofp\libm.a(lib_a-w_asin.o)
                              ./Core/Src/main.o (asin)
c:/st/stm32cubeide_1.10.1/stm32cubeide/plugins/com.st.stm32cube.ide.mcu.externaltools.gnu-tools-for-stm32.10.3-2021.10.win32_1.0.0.202111181127/tools/bin/../lib/gcc/arm-none-eabi/10.3.1/../../../../arm-none-eabi/lib/thumb/v7-m/nofp\libm.a(lib_a-w_sqrt.o)
                              ./Core/Src/main.o (sqrt)
c:/st/stm32cubeide_1.10.1/stm32cubeide/plugins/com.st.stm32cube.ide.mcu.externaltools.gnu-tools-for-stm32.10.3-2021.10.win32_1.0.0.202111181127/tools/bin/../lib/gcc/arm-none-eabi/10.3.1/../../../../arm-none-eabi/lib/thumb/v7-m/nofp\libm.a(lib_a-e_asin.o)
                              c:/st/stm32cubeide_1.10.1/stm32cubeide/plugins/com.st.stm32cube.ide.mcu.externaltools.gnu-tools-for-stm32.10.3-2021.10.win32_1.0.0.202111181127/tools/bin/../lib/gcc/arm-none-eabi/10.3.1/../../../../arm-none-eabi/lib/thumb/v7-m/nofp\libm.a(lib_a-w_asin.o) (__ieee754_asin)
c:/st/stm32cubeide_1.10.1/stm32cubeide/plugins/com.st.stm32cube.ide.mcu.externaltools.gnu-tools-for-stm32.10.3-2021.10.win32_1.0.0.202111181127/tools/bin/../lib/gcc/arm-none-eabi/10.3.1/../../../../arm-none-eabi/lib/thumb/v7-m/nofp\libm.a(lib_a-e_rem_pio2.o)
                              c:/st/stm32cubeide_1.10.1/stm32cubeide/plugins/com.st.stm32cube.ide.mcu.externaltools.gnu-tools-for-stm32.10.3-2021.10.win32_1.0.0.202111181127/tools/bin/../lib/gcc/arm-none-eabi/10.3.1/../../../../arm-none-eabi/lib/thumb/v7-m/nofp\libm.a(lib_a-s_sin.o) (__ieee754_rem_pio2)
c:/st/stm32cubeide_1.10.1/stm32cubeide/plugins/com.st.stm32cube.ide.mcu.externaltools.gnu-tools-for-stm32.10.3-2021.10.win32_1.0.0.202111181127/tools/bin/../lib/gcc/arm-none-eabi/10.3.1/../../../../arm-none-eabi/lib/thumb/v7-m/nofp\libm.a(lib_a-e_sqrt.o)
[...]
Memory Configuration

Name             Origin             Length             Attributes
RAM              0x0000000020000000 0x0000000000005000 xrw
FLASH            0x0000000008000000 0x0000000000010000 xr
*default*        0x0000000000000000 0xffffffffffffffff

Linker script and memory map

LOAD c:/st/stm32cubeide_1.10.1/stm32cubeide/plugins/com.st.stm32cube.ide.mcu.externaltools.gnu-tools-for-stm32.10.3-2021.10.win32_1.0.0.202111181127/tools/bin/../lib/gcc/arm-none-eabi/10.3.1/thumb/v7-m/nofp/crti.o
LOAD c:/st/stm32cubeide_1.10.1/stm32cubeide/plugins/com.st.stm32cube.ide.mcu.externaltools.gnu-tools-for-stm32.10.3-2021.10.win32_1.0.0.202111181127/tools/bin/../lib/gcc/arm-none-eabi/10.3.1/thumb/v7-m/nofp/crtbegin.o
LOAD c:/st/stm32cubeide_1.10.1/stm32cubeide/plugins/com.st.stm32cube.ide.mcu.externaltools.gnu-tools-for-stm32.10.3-2021.10.win32_1.0.0.202111181127/tools/bin/../lib/gcc/arm-none-eabi/10.3.1/../../../../arm-none-eabi/lib/thumb/v7-m/nofp/crt0.o
LOAD ./Core/Src/PID control.o
LOAD ./Core/Src/main.o
LOAD ./Core/Src/mpu6050.o
LOAD ./Core/Src/nrf24l01mbal.o
LOAD ./Core/Src/stm32f1xx_hal_msp.o
LOAD ./Core/Src/stm32f1xx_it.o
LOAD ./Core/Src/syscalls.o
LOAD ./Core/Src/sysmem.o
LOAD ./Core/Src/system_stm32f1xx.o
LOAD ./Core/Startup/startup_stm32f103c8tx.o
LOAD ./Drivers/STM32F1xx_HAL_Driver/Src/stm32f1xx_hal.o
LOAD ./Drivers/STM32F1xx_HAL_Driver/Src/stm32f1xx_hal_cortex.o
LOAD ./Drivers/STM32F1xx_HAL_Driver/Src/stm32f1xx_hal_dma.o
LOAD ./Drivers/STM32F1xx_HAL_Driver/Src/stm32f1xx_hal_exti.o
LOAD ./Drivers/STM32F1xx_HAL_Driver/Src/stm32f1xx_hal_flash.o
LOAD ./Drivers/STM32F1xx_HAL_Driver/Src/stm32f1xx_hal_flash_ex.o
LOAD ./Drivers/STM32F1xx_HAL_Driver/Src/stm32f1xx_hal_gpio.o
LOAD ./Drivers/STM32F1xx_HAL_Driver/Src/stm32f1xx_hal_gpio_ex.o
LOAD ./Drivers/STM32F1xx_HAL_Driver/Src/stm32f1xx_hal_i2c.o
LOAD ./Drivers/STM32F1xx_HAL_Driver/Src/stm32f1xx_hal_pwr.o
LOAD ./Drivers/STM32F1xx_HAL_Driver/Src/stm32f1xx_hal_rcc.o
LOAD ./Drivers/STM32F1xx_HAL_Driver/Src/stm32f1xx_hal_rcc_ex.o
LOAD ./Drivers/STM32F1xx_HAL_Driver/Src/stm32f1xx_hal_spi.o
LOAD ./Drivers/STM32F1xx_HAL_Driver/Src/stm32f1xx_hal_tim.o
LOAD ./Drivers/STM32F1xx_HAL_Driver/Src/stm32f1xx_hal_tim_ex.o
START GROUP
LOAD c:/st/stm32cubeide_1.10.1/stm32cubeide/plugins/com.st.stm32cube.ide.mcu.externaltools.gnu-tools-for-stm32.10.3-2021.10.win32_1.0.0.202111181127/tools/bin/../lib/gcc/arm-none-eabi/10.3.1/../../../../arm-none-eabi/lib/thumb/v7-m/nofp\libc_nano.a
LOAD c:/st/stm32cubeide_1.10.1/stm32cubeide/plugins/com.st.stm32cube.ide.mcu.externaltools.gnu-tools-for-stm32.10.3-2021.10.win32_1.0.0.202111181127/tools/bin/../lib/gcc/arm-none-eabi/10.3.1/../../../../arm-none-eabi/lib/thumb/v7-m/nofp\libm.a
END GROUP
START GROUP
LOAD c:/st/stm32cubeide_1.10.1/stm32cubeide/plugins/com.st.stm32cube.ide.mcu.externaltools.gnu-tools-for-stm32.10.3-2021.10.win32_1.0.0.202111181127/tools/bin/../lib/gcc/arm-none-eabi/10.3.1/thumb/v7-m/nofp\libgcc.a
LOAD c:/st/stm32cubeide_1.10.1/stm32cubeide/plugins/com.st.stm32cube.ide.mcu.externaltools.gnu-tools-for-stm32.10.3-2021.10.win32_1.0.0.202111181127/tools/bin/../lib/gcc/arm-none-eabi/10.3.1/../../../../arm-none-eabi/lib/thumb/v7-m/nofp\libc_nano.a
END GROUP
START GROUP
LOAD c:/st/stm32cubeide_1.10.1/stm32cubeide/plugins/com.st.stm32cube.ide.mcu.externaltools.gnu-tools-for-stm32.10.3-2021.10.win32_1.0.0.202111181127/tools/bin/../lib/gcc/arm-none-eabi/10.3.1/thumb/v7-m/nofp\libgcc.a
LOAD c:/st/stm32cubeide_1.10.1/stm32cubeide/plugins/com.st.stm32cube.ide.mcu.externaltools.gnu-tools-for-stm32.10.3-2021.10.win32_1.0.0.202111181127/tools/bin/../lib/gcc/arm-none-eabi/10.3.1/../../../../arm-none-eabi/lib/thumb/v7-m/nofp\libc_nano.a
LOAD c:/st/stm32cubeide_1.10.1/stm32cubeide/plugins/com.st.stm32cube.ide.mcu.externaltools.gnu-tools-for-stm32.10.3-2021.10.win32_1.0.0.202111181127/tools/bin/../lib/gcc/arm-none-eabi/10.3.1/../../../../arm-none-eabi/lib/thumb/v7-m/nofp\libnosys.a
END GROUP
START GROUP
LOAD c:/st/stm32cubeide_1.10.1/stm32cubeide/plugins/com.st.stm32cube.ide.mcu.externaltools.gnu-tools-for-stm32.10.3-2021.10.win32_1.0.0.202111181127/tools/bin/../lib/gcc/arm-none-eabi/10.3.1/thumb/v7-m/nofp\libgcc.a
LOAD c:/st/stm32cubeide_1.10.1/stm32cubeide/plugins/com.st.stm32cube.ide.mcu.externaltools.gnu-tools-for-stm32.10.3-2021.10.win32_1.0.0.202111181127/tools/bin/../lib/gcc/arm-none-eabi/10.3.1/../../../../arm-none-eabi/lib/thumb/v7-m/nofp\libc_nano.a
LOAD c:/st/stm32cubeide_1.10.1/stm32cubeide/plugins/com.st.stm32cube.ide.mcu.externaltools.gnu-tools-for-stm32.10.3-2021.10.win32_1.0.0.202111181127/tools/bin/../lib/gcc/arm-none-eabi/10.3.1/../../../../arm-none-eabi/lib/thumb/v7-m/nofp\libnosys.a
END GROUP
LOAD c:/st/stm32cubeide_1.10.1/stm32cubeide/plugins/com.st.stm32cube.ide.mcu.externaltools.gnu-tools-for-stm32.10.3-2021.10.win32_1.0.0.202111181127/tools/bin/../lib/gcc/arm-none-eabi/10.3.1/thumb/v7-m/nofp/crtend.o
LOAD c:/st/stm32cubeide_1.10.1/stm32cubeide/plugins/com.st.stm32cube.ide.mcu.externaltools.gnu-tools-for-stm32.10.3-2021.10.win32_1.0.0.202111181127/tools/bin/../lib/gcc/arm-none-eabi/10.3.1/thumb/v7-m/nofp/crtn.o
                0x0000000020005000                _estack = (ORIGIN (RAM) + LENGTH (RAM))
                0x0000000000000200                _Min_Heap_Size = 0x200
                0x0000000000000400                _Min_Stack_Size = 0x400

.isr_vector     0x0000000008000000      0x10c
                0x0000000008000000                . = ALIGN (0x4)
 *(.isr_vector)
 .isr_vector    0x0000000008000000      0x10c ./Core/Startup/startup_stm32f103c8tx.o
                0x0000000008000000                g_pfnVectors
                0x000000000800010c                . = ALIGN (0x4)

.text           0x0000000008000110     0x819c
                0x0000000008000110                . = ALIGN (0x4)
 *(.text)
 .text          0x0000000008000110       0x40 c:/st/stm32cubeide_1.10.1/stm32cubeide/plugins/com.st.stm32cube.ide.mcu.externaltools.gnu-tools-for-stm32.10.3-2021.10.win32_1.0.0.202111181127/tools/bin/../lib/gcc/arm-none-eabi/10.3.1/thumb/v7-m/nofp/crtbegin.o
 .text          0x0000000008000150      0x378 c:/st/stm32cubeide_1.10.1/stm32cubeide/plugins/com.st.stm32cube.ide.mcu.externaltools.gnu-tools-for-stm32.10.3-2021.10.win32_1.0.0.202111181127/tools/bin/../lib/gcc/arm-none-eabi/10.3.1/thumb/v7-m/nofp\libgcc.a(_arm_addsubdf3.o)
                0x0000000008000150                __aeabi_drsub
                0x0000000008000158                __aeabi_dsub
                0x0000000008000158                __subdf3
                0x000000000800015c                __aeabi_dadd
                0x000000000800015c                __adddf3
                0x00000000080003d4                __floatunsidf
                0x00000000080003d4                __aeabi_ui2d
                0x00000000080003f4                __floatsidf
                0x00000000080003f4                __aeabi_i2d
                0x0000000008000418                __aeabi_f2d
                0x0000000008000418                __extendsfdf2
                0x000000000800045c                __floatundidf
                0x000000000800045c                __aeabi_ul2d
                0x000000000800046c                __floatdidf
                0x000000000800046c                __aeabi_l2d
 .text          0x00000000080004c8      0x424 c:/st/stm32cubeide_1.10.1/stm32cubeide/plugins/com.st.stm32cube.ide.mcu.externaltools.gnu-tools-for-stm32.10.3-2021.10.win32_1.0.0.202111181127/tools/bin/../lib/gcc/arm-none-eabi/10.3.1/thumb/v7-m/nofp\libgcc.a(_arm_muldivdf3.o)
                0x00000000080004c8                __aeabi_dmul
                0x00000000080004c8                __muldf3
                0x000000000800071c                __divdf3
                0x000000000800071c                __aeabi_ddiv
 .text          0x00000000080008ec      0x110 c:/st/stm32cubeide_1.10.1/stm32cubeide/plugins/com.st.stm32cube.ide.mcu.externaltools.gnu-tools-for-stm32.10.3-2021.10.win32_1.0.0.202111181127/tools/bin/../lib/gcc/arm-none-eabi/10.3.1/thumb/v7-m/nofp\libgcc.a(_arm_cmpdf2.o)
                0x00000000080008ec                __gtdf2
                0x00000000080008ec                __gedf2
                0x00000000080008f4                __ltdf2
                0x00000000080008f4                __ledf2
                0x00000000080008fc                __nedf2
                0x00000000080008fc                __eqdf2
                0x00000000080008fc                __cmpdf2
                0x0000000008000978                __aeabi_cdrcmple
                0x0000000008000988                __aeabi_cdcmpeq
                0x0000000008000988                __aeabi_cdcmple
                0x0000000008000998                __aeabi_dcmpeq
                0x00000000080009ac                __aeabi_dcmplt
                0x00000000080009c0                __aeabi_dcmple
                0x00000000080009d4                __aeabi_dcmpge
                0x00000000080009e8                __aeabi_dcmpgt
 .text          0x00000000080009fc       0x2c c:/st/stm32cubeide_1.10.1/stm32cubeide/plugins/com.st.stm32cube.ide.mcu.externaltools.gnu-tools-for-stm32.10.3-2021.10.win32_1.0.0.202111181127/tools/bin/../lib/gcc/arm-none-eabi/10.3.1/thumb/v7-m/nofp\libgcc.a(_arm_unorddf2.o)
                0x00000000080009fc                __unorddf2
                0x00000000080009fc                __aeabi_dcmpun
 .text          0x0000000008000a28       0x50 c:/st/stm32cubeide_1.10.1/stm32cubeide/plugins/com.st.stm32cube.ide.mcu.externaltools.gnu-tools-for-stm32.10.3-2021.10.win32_1.0.0.202111181127/tools/bin/../lib/gcc/arm-none-eabi/10.3.1/thumb/v7-m/nofp\libgcc.a(_arm_fixdfsi.o)
                0x0000000008000a28                __aeabi_d2iz
                0x0000000008000a28                __fixdfsi
 .text          0x0000000008000a78       0xa0 c:/st/stm32cubeide_1.10.1/stm32cubeide/plugins/com.st.stm32cube.ide.mcu.externaltools.gnu-tools-for-stm32.10.3-2021.10.win32_1.0.0.202111181127/tools/bin/../lib/gcc/arm-none-eabi/10.3.1/thumb/v7-m/nofp\libgcc.a(_arm_truncdfsf2.o)
                0x0000000008000a78                __truncdfsf2
                0x0000000008000a78                __aeabi_d2f
 .text          0x0000000008000b18      0x21c c:/st/stm32cubeide_1.10.1/stm32cubeide/plugins/com.st.stm32cube.ide.mcu.externaltools.gnu-tools-for-stm32.10.3-2021.10.win32_1.0.0.202111181127/tools/bin/../lib/gcc/arm-none-eabi/10.3.1/thumb/v7-m/nofp\libgcc.a(_arm_addsubsf3.o)
                0x0000000008000b18                __aeabi_frsub
                0x0000000008000b20                __subsf3
                0x0000000008000b20                __aeabi_fsub
                0x0000000008000b24                __aeabi_fadd
                0x0000000008000b24                __addsf3
                0x0000000008000c84                __aeabi_ui2f
                0x0000000008000c84                __floatunsisf
                0x0000000008000c8c                __aeabi_i2f
                0x0000000008000c8c                __floatsisf
                0x0000000008000ca8                __aeabi_ul2f
                0x0000000008000ca8                __floatundisf
                0x0000000008000cb8                __aeabi_l2f
                0x0000000008000cb8                __floatdisf
 .text          0x0000000008000d34      0x2a0 c:/st/stm32cubeide_1.10.1/stm32cubeide/plugins/com.st.stm32cube.ide.mcu.externaltools.gnu-tools-for-stm32.10.3-2021.10.win32_1.0.0.202111181127/tools/bin/../lib/gcc/arm-none-eabi/10.3.1/thumb/v7-m/nofp\libgcc.a(_arm_muldivsf3.o)
                0x0000000008000d34                __mulsf3
                0x0000000008000d34                __aeabi_fmul
                0x0000000008000e9c                __aeabi_fdiv
                0x0000000008000e9c                __divsf3
 .text          0x0000000008000fd4       0xec c:/st/stm32cubeide_1.10.1/stm32cubeide/plugins/com.st.stm32cube.ide.mcu.externaltools.gnu-tools-for-stm32.10.3-2021.10.win32_1.0.0.202111181127/tools/bin/../lib/gcc/arm-none-eabi/10.3.1/thumb/v7-m/nofp\libgcc.a(_arm_cmpsf2.o)
                0x0000000008000fd4                __gesf2
                0x0000000008000fd4                __gtsf2
                0x0000000008000fdc                __lesf2
                0x0000000008000fdc                __ltsf2
                0x0000000008000fe4                __nesf2
                0x0000000008000fe4                __eqsf2
                0x0000000008000fe4                __cmpsf2
                0x0000000008001044                __aeabi_cfrcmple
                0x000000000800104c                __aeabi_cfcmpeq
                0x000000000800104c                __aeabi_cfcmple
                0x000000000800105c                __aeabi_fcmpeq
                0x0000000008001070                __aeabi_fcmplt
                0x0000000008001084                __aeabi_fcmple
                0x0000000008001098                __aeabi_fcmpge
                0x00000000080010ac                __aeabi_fcmpgt
 .text          0x00000000080010c0       0x4c c:/st/stm32cubeide_1.10.1/stm32cubeide/plugins/com.st.stm32cube.ide.mcu.externaltools.gnu-tools-for-stm32.10.3-2021.10.win32_1.0.0.202111181127/tools/bin/../lib/gcc/arm-none-eabi/10.3.1/thumb/v7-m/nofp\libgcc.a(_arm_fixsfsi.o)
                0x00000000080010c0                __aeabi_f2iz
                0x00000000080010c0                __fixsfsi
 .text          0x000000000800110c       0x40 c:/st/stm32cubeide_1.10.1/stm32cubeide/plugins/com.st.stm32cube.ide.mcu.externaltools.gnu-tools-for-stm32.10.3-2021.10.win32_1.0.0.202111181127/tools/bin/../lib/gcc/arm-none-eabi/10.3.1/thumb/v7-m/nofp\libgcc.a(_arm_fixunssfsi.o)
                0x000000000800110c                __fixunssfsi
                0x000000000800110c                __aeabi_f2uiz
 *(.text*)
 .text.PID_Calculation
                0x000000000800114c      0x130 ./Core/Src/PID control.o
                0x000000000800114c                PID_Calculation
 .text.PID_Calculation_thr
                0x000000000800127c      0x130 ./Core/Src/PID control.o
                0x000000000800127c                PID_Calculation_thr
 .text.Int_PID_Integrator
                0x00000000080013ac       0x2a ./Core/Src/PID control.o
                0x00000000080013ac                Int_PID_Integrator
 .text.Reset_PID_Integrator
                0x00000000080013d6       0x22 ./Core/Src/PID control.o
                0x00000000080013d6                Reset_PID_Integrator
 .text.HAL_GPIO_EXTI_Callback
                0x00000000080013f8       0xcc ./Core/Src/main.o
                0x00000000080013f8                HAL_GPIO_EXTI_Callback
 .text.set_val_for_nfr24
                0x00000000080014c4       0xa8 ./Core/Src/main.o
                0x00000000080014c4                set_val_for_nfr24
 *fill*         0x000000000800156c        0x4 
 .text.quad_up  0x0000000008001570       0x84 ./Core/Src/main.o
                0x0000000008001570                quad_up
 *fill*         0x00000000080015f4        0x4 
 .text.quad_down
                0x00000000080015f8       0x60 ./Core/Src/main.o
                0x00000000080015f8                quad_down
 .text.quad_right
                0x0000000008001658       0x28 ./Core/Src/main.o
                0x0000000008001658                quad_right
 .text.quad_left
                0x0000000008001680       0x28 ./Core/Src/main.o
                0x0000000008001680                quad_left
 .text.quad_front
                0x00000000080016a8       0x28 ./Core/Src/main.o
                0x00000000080016a8                quad_front
 .text.quad_behind
                0x00000000080016d0       0x28 ./Core/Src/main.o
                0x00000000080016d0                quad_behind
 .text.quad_stop
                0x00000000080016f8       0x48 ./Core/Src/main.o
                0x00000000080016f8                quad_stop
 .text.quad_start
                0x0000000008001740       0x68 ./Core/Src/main.o
                0x0000000008001740                quad_start
 .text.calibrate_gyro
                0x00000000080017a8      0x140 ./Core/Src/main.o
                0x00000000080017a8                calibrate_gyro
 .text.correct_data_and_calibrate_3truc
                0x00000000080018e8       0xe8 ./Core/Src/main.o
                0x00000000080018e8                correct_data_and_calibrate_3truc
 .text.calculate_agl_roll_pitch
                0x00000000080019d0      0x4d0 ./Core/Src/main.o
                0x00000000080019d0                calculate_agl_roll_pitch
 .text.calculate_setpoint_pid
                0x0000000008001ea0      0x120 ./Core/Src/main.o
                0x0000000008001ea0                calculate_setpoint_pid
 .text.read_hc05
                0x0000000008001fc0       0x20 ./Core/Src/main.o
                0x0000000008001fc0                read_hc05
 .text.read_hc05_and_fillter
                0x0000000008001fe0       0xd8 ./Core/Src/main.o
                0x0000000008001fe0                read_hc05_and_fillter
 .text.check_looptime
                0x00000000080020b8       0x58 ./Core/Src/main.o
                0x00000000080020b8                check_looptime
 .text.main     0x0000000008002110      0x580 ./Core/Src/main.o
                0x0000000008002110                main
 .text.SystemClock_Config
                0x0000000008002690       0x88 ./Core/Src/main.o
                0x0000000008002690                SystemClock_Config
 .text.MX_I2C2_Init
                0x0000000008002718       0x5c ./Core/Src/main.o
 .text.MX_SPI1_Init
                0x0000000008002774       0x6c ./Core/Src/main.o
 .text.MX_TIM1_Init
                0x00000000080027e0      0x150 ./Core/Src/main.o
 .text.MX_TIM2_Init
                0x0000000008002930       0x98 ./Core/Src/main.o
 .text.MX_GPIO_Init
                0x00000000080029c8      0x14c ./Core/Src/main.o
 .text.Error_Handler
                0x0000000008002b14        0xa ./Core/Src/main.o
                0x0000000008002b14                Error_Handler
 .text.MPU6050_Init
                0x0000000008002b1e       0xd8 ./Core/Src/mpu6050.o
                0x0000000008002b1e                MPU6050_Init
 *fill*         0x0000000008002bf6        0x2 
 .text.MPU6050_Read_All
                0x0000000008002bf8      0x1e0 ./Core/Src/mpu6050.o
                0x0000000008002bf8                MPU6050_Read_All
 .text.Kalman_getAngle
                0x0000000008002dd8      0x2a6 ./Core/Src/mpu6050.o
                0x0000000008002dd8                Kalman_getAngle
 .text.mbal_NRF24L01_Init
                0x000000000800307e       0xec ./Core/Src/nrf24l01mbal.o
                0x000000000800307e                mbal_NRF24L01_Init
 .text.mbal_NRF24L01_CE_LOW
                0x000000000800316a       0x20 ./Core/Src/nrf24l01mbal.o
                0x000000000800316a                mbal_NRF24L01_CE_LOW
 .text.mbal_NRF24L01_CE_HIGH
                0x000000000800318a       0x20 ./Core/Src/nrf24l01mbal.o
                0x000000000800318a                mbal_NRF24L01_CE_HIGH
 .text.mbal_NRF24L01_CSN_LOW
                0x00000000080031aa       0x20 ./Core/Src/nrf24l01mbal.o
                0x00000000080031aa                mbal_NRF24L01_CSN_LOW
 .text.mbal_NRF24L01_CSN_HIGH
                0x00000000080031ca       0x20 ./Core/Src/nrf24l01mbal.o
                0x00000000080031ca                mbal_NRF24L01_CSN_HIGH
 .text.mbal_NRF24L01_FLUSH_TX
                0x00000000080031ea       0x30 ./Core/Src/nrf24l01mbal.o
                0x00000000080031ea                mbal_NRF24L01_FLUSH_TX
 .text.mbal_NRF24L01_FLUSH_RX
                0x000000000800321a       0x30 ./Core/Src/nrf24l01mbal.o
                0x000000000800321a                mbal_NRF24L01_FLUSH_RX
 .text.mbal_NRF24L01_WriteRegister
                0x000000000800324a       0x52 ./Core/Src/nrf24l01mbal.o
                0x000000000800324a                mbal_NRF24L01_WriteRegister
 .text.mbal_NRF24L01_WriteRegisterMulti
                0x000000000800329c       0x58 ./Core/Src/nrf24l01mbal.o
                0x000000000800329c                mbal_NRF24L01_WriteRegisterMulti
 .text.mbal_NRF24L01_PowerUpRx
                0x00000000080032f4       0x32 ./Core/Src/nrf24l01mbal.o
                0x00000000080032f4                mbal_NRF24L01_PowerUpRx
 .text.mbal_NRF24L01_GetData
                0x0000000008003326       0x54 ./Core/Src/nrf24l01mbal.o
                0x0000000008003326                mbal_NRF24L01_GetData
 .text.mbal_NRF24L01_SoftwareReset
                0x000000000800337a      0x15c ./Core/Src/nrf24l01mbal.o
                0x000000000800337a                mbal_NRF24L01_SoftwareReset
 .text.mbal_NRF24L01_SetChannel
                0x00000000080034d6       0x26 ./Core/Src/nrf24l01mbal.o
                0x00000000080034d6                mbal_NRF24L01_SetChannel
 .text.mbal_NRF24L01_SetRF
                0x00000000080034fc       0x7c ./Core/Src/nrf24l01mbal.o
                0x00000000080034fc                mbal_NRF24L01_SetRF
 .text.mbal_NRF24L01_Clear_Interrupts
                0x0000000008003578       0x1a ./Core/Src/nrf24l01mbal.o
                0x0000000008003578                mbal_NRF24L01_Clear_Interrupts
 *fill*         0x0000000008003592        0x2 
 .text.HAL_MspInit
                0x0000000008003594       0x64 ./Core/Src/stm32f1xx_hal_msp.o
                0x0000000008003594                HAL_MspInit
 .text.HAL_I2C_MspInit
                0x00000000080035f8       0x80 ./Core/Src/stm32f1xx_hal_msp.o
                0x00000000080035f8                HAL_I2C_MspInit
 .text.HAL_SPI_MspInit
                0x0000000008003678       0x94 ./Core/Src/stm32f1xx_hal_msp.o
                0x0000000008003678                HAL_SPI_MspInit
 .text.HAL_TIM_PWM_MspInit
                0x000000000800370c       0x3c ./Core/Src/stm32f1xx_hal_msp.o
                0x000000000800370c                HAL_TIM_PWM_MspInit
 .text.HAL_TIM_Base_MspInit
                0x0000000008003748       0x38 ./Core/Src/stm32f1xx_hal_msp.o
                0x0000000008003748                HAL_TIM_Base_MspInit
 .text.HAL_TIM_MspPostInit
                0x0000000008003780       0x68 ./Core/Src/stm32f1xx_hal_msp.o
                0x0000000008003780                HAL_TIM_MspPostInit
 .text.NMI_Handler
                0x00000000080037e8        0x6 ./Core/Src/stm32f1xx_it.o
                0x00000000080037e8                NMI_Handler
 .text.HardFault_Handler
                0x00000000080037ee        0x6 ./Core/Src/stm32f1xx_it.o
                0x00000000080037ee                HardFault_Handler
 .text.MemManage_Handler
                0x00000000080037f4        0x6 ./Core/Src/stm32f1xx_it.o
                0x00000000080037f4                MemManage_Handler
 .text.BusFault_Handler
                0x00000000080037fa        0x6 ./Core/Src/stm32f1xx_it.o
                0x00000000080037fa                BusFault_Handler
 .text.UsageFault_Handler
                0x0000000008003800        0x6 ./Core/Src/stm32f1xx_it.o
                0x0000000008003800                UsageFault_Handler
 .text.SVC_Handler
                0x0000000008003806        0xc ./Core/Src/stm32f1xx_it.o
                0x0000000008003806                SVC_Handler
 .text.DebugMon_Handler
                0x0000000008003812        0xc ./Core/Src/stm32f1xx_it.o
                0x0000000008003812                DebugMon_Handler
 .text.PendSV_Handler
                0x000000000800381e        0xc ./Core/Src/stm32f1xx_it.o
                0x000000000800381e                PendSV_Handler
 .text.SysTick_Handler
                0x000000000800382a        0xc ./Core/Src/stm32f1xx_it.o
                0x000000000800382a                SysTick_Handler
 .text.EXTI1_IRQHandler
                0x0000000008003836        0xe ./Core/Src/stm32f1xx_it.o
                0x0000000008003836                EXTI1_IRQHandler
 .text.SystemInit
                0x0000000008003844        0xc ./Core/Src/system_stm32f1xx.o
                0x0000000008003844                SystemInit
 .text.Reset_Handler
                0x0000000008003850       0x48 ./Core/Startup/startup_stm32f103c8tx.o
                0x0000000008003850                Reset_Handler
 .text.Default_Handler
                0x0000000008003898        0x2 ./Core/Startup/startup_stm32f103c8tx.o
                0x0000000008003898                RTC_Alarm_IRQHandler
                0x0000000008003898                EXTI2_IRQHandler
                0x0000000008003898                TIM1_CC_IRQHandler
                0x0000000008003898                PVD_IRQHandler
                0x0000000008003898                EXTI3_IRQHandler
                0x0000000008003898                EXTI0_IRQHandler
                0x0000000008003898                I2C2_EV_IRQHandler
                0x0000000008003898                ADC1_2_IRQHandler
                0x0000000008003898                SPI1_IRQHandler
                0x0000000008003898                TAMPER_IRQHandler
                0x0000000008003898                DMA1_Channel4_IRQHandler
                0x0000000008003898                USART3_IRQHandler
                0x0000000008003898                RTC_IRQHandler
                0x0000000008003898                DMA1_Channel7_IRQHandler
                0x0000000008003898                CAN1_RX1_IRQHandler
                0x0000000008003898                TIM4_IRQHandler
                0x0000000008003898                I2C1_EV_IRQHandler
                0x0000000008003898                DMA1_Channel6_IRQHandler
                0x0000000008003898                TIM3_IRQHandler
                0x0000000008003898                RCC_IRQHandler
                0x0000000008003898                TIM1_TRG_COM_IRQHandler
                0x0000000008003898                DMA1_Channel1_IRQHandler
                0x0000000008003898                Default_Handler
                0x0000000008003898                EXTI15_10_IRQHandler
                0x0000000008003898                EXTI9_5_IRQHandler
                0x0000000008003898                SPI2_IRQHandler
                0x0000000008003898                DMA1_Channel5_IRQHandler
                0x0000000008003898                EXTI4_IRQHandler
                0x0000000008003898                USB_LP_CAN1_RX0_IRQHandler
                0x0000000008003898                USB_HP_CAN1_TX_IRQHandler
                0x0000000008003898                DMA1_Channel3_IRQHandler
                0x0000000008003898                TIM1_UP_IRQHandler
                0x0000000008003898                WWDG_IRQHandler
                0x0000000008003898                TIM2_IRQHandler
                0x0000000008003898                TIM1_BRK_IRQHandler
                0x0000000008003898                USART2_IRQHandler
                0x0000000008003898                I2C2_ER_IRQHandler
                0x0000000008003898                DMA1_Channel2_IRQHandler
                0x0000000008003898                CAN1_SCE_IRQHandler
                0x0000000008003898                FLASH_IRQHandler
                0x0000000008003898                USART1_IRQHandler
                0x0000000008003898                I2C1_ER_IRQHandler
                0x0000000008003898                USBWakeUp_IRQHandler
 *fill*         0x000000000800389a        0x2 
 .text.HAL_Init
                0x000000000800389c       0x2c ./Drivers/STM32F1xx_HAL_Driver/Src/stm32f1xx_hal.o
                0x000000000800389c                HAL_Init
 .text.HAL_InitTick
                0x00000000080038c8       0x60 ./Drivers/STM32F1xx_HAL_Driver/Src/stm32f1xx_hal.o
                0x00000000080038c8                HAL_InitTick
 .text.HAL_IncTick
                0x0000000008003928       0x24 ./Drivers/STM32F1xx_HAL_Driver/Src/stm32f1xx_hal.o
                0x0000000008003928                HAL_IncTick
 .text.HAL_GetTick
                0x000000000800394c       0x14 ./Drivers/STM32F1xx_HAL_Driver/Src/stm32f1xx_hal.o
                0x000000000800394c                HAL_GetTick
 .text.HAL_Delay
                0x0000000008003960       0x48 ./Drivers/STM32F1xx_HAL_Driver/Src/stm32f1xx_hal.o
                0x0000000008003960                HAL_Delay
 .text.__NVIC_SetPriorityGrouping
                0x00000000080039a8       0x48 ./Drivers/STM32F1xx_HAL_Driver/Src/stm32f1xx_hal_cortex.o
 .text.__NVIC_GetPriorityGrouping
                0x00000000080039f0       0x1c ./Drivers/STM32F1xx_HAL_Driver/Src/stm32f1xx_hal_cortex.o
 .text.__NVIC_EnableIRQ
                0x0000000008003a0c       0x38 ./Drivers/STM32F1xx_HAL_Driver/Src/stm32f1xx_hal_cortex.o
 .text.__NVIC_SetPriority
                0x0000000008003a44       0x54 ./Drivers/STM32F1xx_HAL_Driver/Src/stm32f1xx_hal_cortex.o
 .text.NVIC_EncodePriority
                0x0000000008003a98       0x64 ./Drivers/STM32F1xx_HAL_Driver/Src/stm32f1xx_hal_cortex.o
 .text.SysTick_Config
                0x0000000008003afc       0x44 ./Drivers/STM32F1xx_HAL_Driver/Src/stm32f1xx_hal_cortex.o
 .text.HAL_NVIC_SetPriorityGrouping
                0x0000000008003b40       0x16 ./Drivers/STM32F1xx_HAL_Driver/Src/stm32f1xx_hal_cortex.o
                0x0000000008003b40                HAL_NVIC_SetPriorityGrouping
 .text.HAL_NVIC_SetPriority
                0x0000000008003b56       0x38 ./Drivers/STM32F1xx_HAL_Driver/Src/stm32f1xx_hal_cortex.o
                0x0000000008003b56                HAL_NVIC_SetPriority
 .text.HAL_NVIC_EnableIRQ
                0x0000000008003b8e       0x1c ./Drivers/STM32F1xx_HAL_Driver/Src/stm32f1xx_hal_cortex.o
                0x0000000008003b8e                HAL_NVIC_EnableIRQ
 .text.HAL_SYSTICK_Config
                0x0000000008003baa       0x18 ./Drivers/STM32F1xx_HAL_Driver/Src/stm32f1xx_hal_cortex.o
                0x0000000008003baa                HAL_SYSTICK_Config
 *fill*         0x0000000008003bc2        0x2 
 .text.HAL_GPIO_Init
                0x0000000008003bc4      0x308 ./Drivers/STM32F1xx_HAL_Driver/Src/stm32f1xx_hal_gpio.o
                0x0000000008003bc4                HAL_GPIO_Init
 .text.HAL_GPIO_ReadPin
                0x0000000008003ecc       0x2e ./Drivers/STM32F1xx_HAL_Driver/Src/stm32f1xx_hal_gpio.o
                0x0000000008003ecc                HAL_GPIO_ReadPin
 .text.HAL_GPIO_WritePin
                0x0000000008003efa       0x30 ./Drivers/STM32F1xx_HAL_Driver/Src/stm32f1xx_hal_gpio.o
                0x0000000008003efa                HAL_GPIO_WritePin
 *fill*         0x0000000008003f2a        0x2 
 .text.HAL_GPIO_EXTI_IRQHandler
                0x0000000008003f2c       0x30 ./Drivers/STM32F1xx_HAL_Driver/Src/stm32f1xx_hal_gpio.o
                0x0000000008003f2c                HAL_GPIO_EXTI_IRQHandler
 .text.HAL_I2C_Init
                0x0000000008003f5c      0x288 ./Drivers/STM32F1xx_HAL_Driver/Src/stm32f1xx_hal_i2c.o
                0x0000000008003f5c                HAL_I2C_Init
 .text.HAL_I2C_Mem_Write
                0x00000000080041e4      0x1f4 ./Drivers/STM32F1xx_HAL_Driver/Src/stm32f1xx_hal_i2c.o
                0x00000000080041e4                HAL_I2C_Mem_Write
 .text.HAL_I2C_Mem_Read
                0x00000000080043d8      0x4d0 ./Drivers/STM32F1xx_HAL_Driver/Src/stm32f1xx_hal_i2c.o
                0x00000000080043d8                HAL_I2C_Mem_Read
 .text.I2C_RequestMemoryWrite
                0x00000000080048a8      0x12c ./Drivers/STM32F1xx_HAL_Driver/Src/stm32f1xx_hal_i2c.o
 .text.I2C_RequestMemoryRead
                0x00000000080049d4      0x1d0 ./Drivers/STM32F1xx_HAL_Driver/Src/stm32f1xx_hal_i2c.o
 .text.I2C_WaitOnFlagUntilTimeout
                0x0000000008004ba4       0xae ./Drivers/STM32F1xx_HAL_Driver/Src/stm32f1xx_hal_i2c.o
 .text.I2C_WaitOnMasterAddressFlagUntilTimeout
                0x0000000008004c52       0xfe ./Drivers/STM32F1xx_HAL_Driver/Src/stm32f1xx_hal_i2c.o
 .text.I2C_WaitOnTXEFlagUntilTimeout
                0x0000000008004d50       0x82 ./Drivers/STM32F1xx_HAL_Driver/Src/stm32f1xx_hal_i2c.o
 .text.I2C_WaitOnBTFFlagUntilTimeout
                0x0000000008004dd2       0x82 ./Drivers/STM32F1xx_HAL_Driver/Src/stm32f1xx_hal_i2c.o
 .text.I2C_WaitOnRXNEFlagUntilTimeout
                0x0000000008004e54       0xac ./Drivers/STM32F1xx_HAL_Driver/Src/stm32f1xx_hal_i2c.o
 .text.I2C_IsAcknowledgeFailed
                0x0000000008004f00       0x5c ./Drivers/STM32F1xx_HAL_Driver/Src/stm32f1xx_hal_i2c.o
 .text.HAL_RCC_OscConfig
                0x0000000008004f5c      0x504 ./Drivers/STM32F1xx_HAL_Driver/Src/stm32f1xx_hal_rcc.o
                0x0000000008004f5c                HAL_RCC_OscConfig
 .text.HAL_RCC_ClockConfig
                0x0000000008005460      0x1d4 ./Drivers/STM32F1xx_HAL_Driver/Src/stm32f1xx_hal_rcc.o
                0x0000000008005460                HAL_RCC_ClockConfig
 .text.HAL_RCC_GetSysClockFreq
                0x0000000008005634       0xbc ./Drivers/STM32F1xx_HAL_Driver/Src/stm32f1xx_hal_rcc.o
                0x0000000008005634                HAL_RCC_GetSysClockFreq
 .text.HAL_RCC_GetHCLKFreq
                0x00000000080056f0       0x14 ./Drivers/STM32F1xx_HAL_Driver/Src/stm32f1xx_hal_rcc.o
                0x00000000080056f0                HAL_RCC_GetHCLKFreq
 .text.HAL_RCC_GetPCLK1Freq
                0x0000000008005704       0x28 ./Drivers/STM32F1xx_HAL_Driver/Src/stm32f1xx_hal_rcc.o
                0x0000000008005704                HAL_RCC_GetPCLK1Freq
 .text.RCC_Delay
                0x000000000800572c       0x3c ./Drivers/STM32F1xx_HAL_Driver/Src/stm32f1xx_hal_rcc.o
 .text.HAL_SPI_Init
                0x0000000008005768      0x108 ./Drivers/STM32F1xx_HAL_Driver/Src/stm32f1xx_hal_spi.o
                0x0000000008005768                HAL_SPI_Init
 .text.HAL_SPI_Transmit
                0x0000000008005870      0x278 ./Drivers/STM32F1xx_HAL_Driver/Src/stm32f1xx_hal_spi.o
                0x0000000008005870                HAL_SPI_Transmit
 .text.HAL_SPI_TransmitReceive
                0x0000000008005ae8      0x344 ./Drivers/STM32F1xx_HAL_Driver/Src/stm32f1xx_hal_spi.o
                0x0000000008005ae8                HAL_SPI_TransmitReceive
 .text.SPI_WaitFlagStateUntilTimeout
                0x0000000008005e2c      0x110 ./Drivers/STM32F1xx_HAL_Driver/Src/stm32f1xx_hal_spi.o
 .text.SPI_EndRxTxTransaction
                0x0000000008005f3c       0x3c ./Drivers/STM32F1xx_HAL_Driver/Src/stm32f1xx_hal_spi.o
 .text.HAL_TIM_Base_Init
                0x0000000008005f78       0x9e ./Drivers/STM32F1xx_HAL_Driver/Src/stm32f1xx_hal_tim.o
                0x0000000008005f78                HAL_TIM_Base_Init
 *fill*         0x0000000008006016        0x2 
 .text.HAL_TIM_Base_Start
                0x0000000008006018       0x94 ./Drivers/STM32F1xx_HAL_Driver/Src/stm32f1xx_hal_tim.o
                0x0000000008006018                HAL_TIM_Base_Start
 .text.HAL_TIM_PWM_Init
                0x00000000080060ac       0x9e ./Drivers/STM32F1xx_HAL_Driver/Src/stm32f1xx_hal_tim.o
                0x00000000080060ac                HAL_TIM_PWM_Init
 *fill*         0x000000000800614a        0x2 
 .text.HAL_TIM_PWM_Start
                0x000000000800614c      0x144 ./Drivers/STM32F1xx_HAL_Driver/Src/stm32f1xx_hal_tim.o
                0x000000000800614c                HAL_TIM_PWM_Start
 .text.HAL_TIM_PWM_ConfigChannel
                0x0000000008006290      0x17c ./Drivers/STM32F1xx_HAL_Driver/Src/stm32f1xx_hal_tim.o
                0x0000000008006290                HAL_TIM_PWM_ConfigChannel
 .text.HAL_TIM_ConfigClockSource
                0x000000000800640c      0x188 ./Drivers/STM32F1xx_HAL_Driver/Src/stm32f1xx_hal_tim.o
                0x000000000800640c                HAL_TIM_ConfigClockSource
 .text.TIM_Base_SetConfig
                0x0000000008006594       0xc4 ./Drivers/STM32F1xx_HAL_Driver/Src/stm32f1xx_hal_tim.o
                0x0000000008006594                TIM_Base_SetConfig
 .text.TIM_OC1_SetConfig
                0x0000000008006658       0xcc ./Drivers/STM32F1xx_HAL_Driver/Src/stm32f1xx_hal_tim.o
 .text.TIM_OC2_SetConfig
                0x0000000008006724       0xd4 ./Drivers/STM32F1xx_HAL_Driver/Src/stm32f1xx_hal_tim.o
                0x0000000008006724                TIM_OC2_SetConfig
 .text.TIM_OC3_SetConfig
                0x00000000080067f8       0xd4 ./Drivers/STM32F1xx_HAL_Driver/Src/stm32f1xx_hal_tim.o
 .text.TIM_OC4_SetConfig
                0x00000000080068cc       0x9c ./Drivers/STM32F1xx_HAL_Driver/Src/stm32f1xx_hal_tim.o
 .text.TIM_TI1_ConfigInputStage
                0x0000000008006968       0x5c ./Drivers/STM32F1xx_HAL_Driver/Src/stm32f1xx_hal_tim.o
 .text.TIM_TI2_ConfigInputStage
                0x00000000080069c4       0x5e ./Drivers/STM32F1xx_HAL_Driver/Src/stm32f1xx_hal_tim.o
 .text.TIM_ITRx_SetConfig
                0x0000000008006a22       0x34 ./Drivers/STM32F1xx_HAL_Driver/Src/stm32f1xx_hal_tim.o
 .text.TIM_ETR_SetConfig
                0x0000000008006a56       0x3e ./Drivers/STM32F1xx_HAL_Driver/Src/stm32f1xx_hal_tim.o
                0x0000000008006a56                TIM_ETR_SetConfig
 .text.TIM_CCxChannelCmd
                0x0000000008006a94       0x48 ./Drivers/STM32F1xx_HAL_Driver/Src/stm32f1xx_hal_tim.o
                0x0000000008006a94                TIM_CCxChannelCmd
 .text.HAL_TIMEx_MasterConfigSynchronization
                0x0000000008006adc       0xbc ./Drivers/STM32F1xx_HAL_Driver/Src/stm32f1xx_hal_tim_ex.o
                0x0000000008006adc                HAL_TIMEx_MasterConfigSynchronization
 .text.HAL_TIMEx_ConfigBreakDeadTime
                0x0000000008006b98       0xa2 ./Drivers/STM32F1xx_HAL_Driver/Src/stm32f1xx_hal_tim_ex.o
                0x0000000008006b98                HAL_TIMEx_ConfigBreakDeadTime
 *fill*         0x0000000008006c3a        0x2 
 .text.__errno  0x0000000008006c3c        0xc c:/st/stm32cubeide_1.10.1/stm32cubeide/plugins/com.st.stm32cube.ide.mcu.externaltools.gnu-tools-for-stm32.10.3-2021.10.win32_1.0.0.202111181127/tools/bin/../lib/gcc/arm-none-eabi/10.3.1/../../../../arm-none-eabi/lib/thumb/v7-m/nofp\libc_nano.a(lib_a-errno.o)
                0x0000000008006c3c                __errno
 .text.__libc_init_array
                0x0000000008006c48       0x48 c:/st/stm32cubeide_1.10.1/stm32cubeide/plugins/com.st.stm32cube.ide.mcu.externaltools.gnu-tools-for-stm32.10.3-2021.10.win32_1.0.0.202111181127/tools/bin/../lib/gcc/arm-none-eabi/10.3.1/../../../../arm-none-eabi/lib/thumb/v7-m/nofp\libc_nano.a(lib_a-init.o)
                0x0000000008006c48                __libc_init_array
 .text.memset   0x0000000008006c90       0x10 c:/st/stm32cubeide_1.10.1/stm32cubeide/plugins/com.st.stm32cube.ide.mcu.externaltools.gnu-tools-for-stm32.10.3-2021.10.win32_1.0.0.202111181127/tools/bin/../lib/gcc/arm-none-eabi/10.3.1/../../../../arm-none-eabi/lib/thumb/v7-m/nofp\libc_nano.a(lib_a-memset.o)
                0x0000000008006c90                memset
 .text.sin      0x0000000008006ca0       0x8c c:/st/stm32cubeide_1.10.1/stm32cubeide/plugins/com.st.stm32cube.ide.mcu.externaltools.gnu-tools-for-stm32.10.3-2021.10.win32_1.0.0.202111181127/tools/bin/../lib/gcc/arm-none-eabi/10.3.1/../../../../arm-none-eabi/lib/thumb/v7-m/nofp\libm.a(lib_a-s_sin.o)
                0x0000000008006ca0                sin
 .text.asin     0x0000000008006d2c       0x50 c:/st/stm32cubeide_1.10.1/stm32cubeide/plugins/com.st.stm32cube.ide.mcu.externaltools.gnu-tools-for-stm32.10.3-2021.10.win32_1.0.0.202111181127/tools/bin/../lib/gcc/arm-none-eabi/10.3.1/../../../../arm-none-eabi/lib/thumb/v7-m/nofp\libm.a(lib_a-w_asin.o)
                0x0000000008006d2c                asin
 .text.sqrt     0x0000000008006d7c       0x48 c:/st/stm32cubeide_1.10.1/stm32cubeide/plugins/com.st.stm32cube.ide.mcu.externaltools.gnu-tools-for-stm32.10.3-2021.10.win32_1.0.0.202111181127/tools/bin/../lib/gcc/arm-none-eabi/10.3.1/../../../../arm-none-eabi/lib/thumb/v7-m/nofp\libm.a(lib_a-w_sqrt.o)
                0x0000000008006d7c                sqrt
 *fill*         0x0000000008006dc4        0x4 
 .text.__ieee754_asin
                0x0000000008006dc8      0x3f8 c:/st/stm32cubeide_1.10.1/stm32cubeide/plugins/com.st.stm32cube.ide.mcu.externaltools.gnu-tools-for-stm32.10.3-2021.10.win32_1.0.0.202111181127/tools/bin/../lib/gcc/arm-none-eabi/10.3.1/../../../../arm-none-eabi/lib/thumb/v7-m/nofp\libm.a(lib_a-e_asin.o)
                0x0000000008006dc8                __ieee754_asin
 .text.__ieee754_rem_pio2
                0x00000000080071c0      0x3f0 c:/st/stm32cubeide_1.10.1/stm32cubeide/plugins/com.st.stm32cube.ide.mcu.externaltools.gnu-tools-for-stm32.10.3-2021.10.win32_1.0.0.202111181127/tools/bin/../lib/gcc/arm-none-eabi/10.3.1/../../../../arm-none-eabi/lib/thumb/v7-m/nofp\libm.a(lib_a-e_rem_pio2.o)
                0x00000000080071c0                __ieee754_rem_pio2
 .text.__ieee754_sqrt
                0x00000000080075b0      0x160 c:/st/stm32cubeide_1.10.1/stm32cubeide/plugins/com.st.stm32cube.ide.mcu.externaltools.gnu-tools-for-stm32.10.3-2021.10.win32_1.0.0.202111181127/tools/bin/../lib/gcc/arm-none-eabi/10.3.1/../../../../arm-none-eabi/lib/thumb/v7-m/nofp\libm.a(lib_a-e_sqrt.o)
                0x00000000080075b0                __ieee754_sqrt
 .text.__kernel_cos
                0x0000000008007710      0x17c c:/st/stm32cubeide_1.10.1/stm32cubeide/plugins/com.st.stm32cube.ide.mcu.externaltools.gnu-tools-for-stm32.10.3-2021.10.win32_1.0.0.202111181127/tools/bin/../lib/gcc/arm-none-eabi/10.3.1/../../../../arm-none-eabi/lib/thumb/v7-m/nofp\libm.a(lib_a-k_cos.o)
                0x0000000008007710                __kernel_cos
 .text.__kernel_rem_pio2
                0x000000000800788c      0x684 c:/st/stm32cubeide_1.10.1/stm32cubeide/plugins/com.st.stm32cube.ide.mcu.externaltools.gnu-tools-for-stm32.10.3-2021.10.win32_1.0.0.202111181127/tools/bin/../lib/gcc/arm-none-eabi/10.3.1/../../../../arm-none-eabi/lib/thumb/v7-m/nofp\libm.a(lib_a-k_rem_pio2.o)
                0x000000000800788c                __kernel_rem_pio2
 .text.__kernel_sin
                0x0000000008007f10      0x16c c:/st/stm32cubeide_1.10.1/stm32cubeide/plugins/com.st.stm32cube.ide.mcu.externaltools.gnu-tools-for-stm32.10.3-2021.10.win32_1.0.0.202111181127/tools/bin/../lib/gcc/arm-none-eabi/10.3.1/../../../../arm-none-eabi/lib/thumb/v7-m/nofp\libm.a(lib_a-k_sin.o)
                0x0000000008007f10                __kernel_sin
 .text.fabs     0x000000000800807c        0x6 c:/st/stm32cubeide_1.10.1/stm32cubeide/plugins/com.st.stm32cube.ide.mcu.externaltools.gnu-tools-for-stm32.10.3-2021.10.win32_1.0.0.202111181127/tools/bin/../lib/gcc/arm-none-eabi/10.3.1/../../../../arm-none-eabi/lib/thumb/v7-m/nofp\libm.a(lib_a-s_fabs.o)
                0x000000000800807c                fabs
 *fill*         0x0000000008008082        0x6 
 .text.floor    0x0000000008008088      0x100 c:/st/stm32cubeide_1.10.1/stm32cubeide/plugins/com.st.stm32cube.ide.mcu.externaltools.gnu-tools-for-stm32.10.3-2021.10.win32_1.0.0.202111181127/tools/bin/../lib/gcc/arm-none-eabi/10.3.1/../../../../arm-none-eabi/lib/thumb/v7-m/nofp\libm.a(lib_a-s_floor.o)
                0x0000000008008088                floor
 .text.nan      0x0000000008008188        0xc c:/st/stm32cubeide_1.10.1/stm32cubeide/plugins/com.st.stm32cube.ide.mcu.externaltools.gnu-tools-for-stm32.10.3-2021.10.win32_1.0.0.202111181127/tools/bin/../lib/gcc/arm-none-eabi/10.3.1/../../../../arm-none-eabi/lib/thumb/v7-m/nofp\libm.a(lib_a-s_nan.o)
                0x0000000008008188                nan
 *fill*         0x0000000008008194        0x4 
 .text.scalbn   0x0000000008008198       0xfc c:/st/stm32cubeide_1.10.1/stm32cubeide/plugins/com.st.stm32cube.ide.mcu.externaltools.gnu-tools-for-stm32.10.3-2021.10.win32_1.0.0.202111181127/tools/bin/../lib/gcc/arm-none-eabi/10.3.1/../../../../arm-none-eabi/lib/thumb/v7-m/nofp\libm.a(lib_a-s_scalbn.o)
                0x0000000008008198                scalbn
 *(.glue_7)
 .glue_7        0x0000000008008294        0x0 linker stubs
 *(.glue_7t)
 .glue_7t       0x0000000008008294        0x0 linker stubs
 *(.eh_frame)
 .eh_frame      0x0000000008008294        0x0 c:/st/stm32cubeide_1.10.1/stm32cubeide/plugins/com.st.stm32cube.ide.mcu.externaltools.gnu-tools-for-stm32.10.3-2021.10.win32_1.0.0.202111181127/tools/bin/../lib/gcc/arm-none-eabi/10.3.1/thumb/v7-m/nofp/crtbegin.o
 *(.init)
 .init          0x0000000008008294        0x4 c:/st/stm32cubeide_1.10.1/stm32cubeide/plugins/com.st.stm32cube.ide.mcu.externaltools.gnu-tools-for-stm32.10.3-2021.10.win32_1.0.0.202111181127/tools/bin/../lib/gcc/arm-none-eabi/10.3.1/thumb/v7-m/nofp/crti.o
                0x0000000008008294                _init
 .init          0x0000000008008298        0x8 c:/st/stm32cubeide_1.10.1/stm32cubeide/plugins/com.st.stm32cube.ide.mcu.externaltools.gnu-tools-for-stm32.10.3-2021.10.win32_1.0.0.202111181127/tools/bin/../lib/gcc/arm-none-eabi/10.3.1/thumb/v7-m/nofp/crtn.o
 *(.fini)
 .fini          0x00000000080082a0        0x4 c:/st/stm32cubeide_1.10.1/stm32cubeide/plugins/com.st.stm32cube.ide.mcu.externaltools.gnu-tools-for-stm32.10.3-2021.10.win32_1.0.0.202111181127/tools/bin/../lib/gcc/arm-none-eabi/10.3.1/thumb/v7-m/nofp/crti.o
                0x00000000080082a0                _fini
 .fini          0x00000000080082a4        0x8 c:/st/stm32cubeide_1.10.1/stm32cubeide/plugins/com.st.stm32cube.ide.mcu.externaltools.gnu-tools-for-stm32.10.3-2021.10.win32_1.0.0.202111181127/tools/bin/../lib/gcc/arm-none-eabi/10.3.1/thumb/v7-m/nofp/crtn.o
                0x00000000080082ac                . = ALIGN (0x4)
                0x00000000080082ac                _etext = .

.vfp11_veneer   0x00000000080082ac        0x0
 .vfp11_veneer  0x00000000080082ac        0x0 linker stubs

.v4_bx          0x00000000080082ac        0x0
 .v4_bx         0x00000000080082ac        0x0 linker stubs

.iplt           0x00000000080082ac        0x0
 .iplt          0x00000000080082ac        0x0 c:/st/stm32cubeide_1.10.1/stm32cubeide/plugins/com.st.stm32cube.ide.mcu.externaltools.gnu-tools-for-stm32.10.3-2021.10.win32_1.0.0.202111181127/tools/bin/../lib/gcc/arm-none-eabi/10.3.1/thumb/v7-m/nofp/crtbegin.o

.rodata         0x00000000080082b0      0x208
                0x00000000080082b0                . = ALIGN (0x4)
 *(.rodata)
 .rodata        0x00000000080082b0       0x10 ./Drivers/STM32F1xx_HAL_Driver/Src/stm32f1xx_hal_rcc.o
 *(.rodata*)
 .rodata.AHBPrescTable
                0x00000000080082c0       0x10 ./Core/Src/system_stm32f1xx.o
                0x00000000080082c0                AHBPrescTable
 .rodata.APBPrescTable
                0x00000000080082d0        0x8 ./Core/Src/system_stm32f1xx.o
                0x00000000080082d0                APBPrescTable
 .rodata.asin.str1.1
                0x00000000080082d8        0x1 c:/st/stm32cubeide_1.10.1/stm32cubeide/plugins/com.st.stm32cube.ide.mcu.externaltools.gnu-tools-for-stm32.10.3-2021.10.win32_1.0.0.202111181127/tools/bin/../lib/gcc/arm-none-eabi/10.3.1/../../../../arm-none-eabi/lib/thumb/v7-m/nofp\libm.a(lib_a-w_asin.o)
 *fill*         0x00000000080082d9        0x3 
 .rodata.npio2_hw
                0x00000000080082dc       0x80 c:/st/stm32cubeide_1.10.1/stm32cubeide/plugins/com.st.stm32cube.ide.mcu.externaltools.gnu-tools-for-stm32.10.3-2021.10.win32_1.0.0.202111181127/tools/bin/../lib/gcc/arm-none-eabi/10.3.1/../../../../arm-none-eabi/lib/thumb/v7-m/nofp\libm.a(lib_a-e_rem_pio2.o)
 .rodata.two_over_pi
                0x000000000800835c      0x108 c:/st/stm32cubeide_1.10.1/stm32cubeide/plugins/com.st.stm32cube.ide.mcu.externaltools.gnu-tools-for-stm32.10.3-2021.10.win32_1.0.0.202111181127/tools/bin/../lib/gcc/arm-none-eabi/10.3.1/../../../../arm-none-eabi/lib/thumb/v7-m/nofp\libm.a(lib_a-e_rem_pio2.o)
 *fill*         0x0000000008008464        0x4 
 .rodata.PIo2   0x0000000008008468       0x40 c:/st/stm32cubeide_1.10.1/stm32cubeide/plugins/com.st.stm32cube.ide.mcu.externaltools.gnu-tools-for-stm32.10.3-2021.10.win32_1.0.0.202111181127/tools/bin/../lib/gcc/arm-none-eabi/10.3.1/../../../../arm-none-eabi/lib/thumb/v7-m/nofp\libm.a(lib_a-k_rem_pio2.o)
 .rodata.init_jk
                0x00000000080084a8       0x10 c:/st/stm32cubeide_1.10.1/stm32cubeide/plugins/com.st.stm32cube.ide.mcu.externaltools.gnu-tools-for-stm32.10.3-2021.10.win32_1.0.0.202111181127/tools/bin/../lib/gcc/arm-none-eabi/10.3.1/../../../../arm-none-eabi/lib/thumb/v7-m/nofp\libm.a(lib_a-k_rem_pio2.o)
                0x00000000080084b8                . = ALIGN (0x4)

.rel.dyn        0x00000000080084b8        0x0
 .rel.iplt      0x00000000080084b8        0x0 c:/st/stm32cubeide_1.10.1/stm32cubeide/plugins/com.st.stm32cube.ide.mcu.externaltools.gnu-tools-for-stm32.10.3-2021.10.win32_1.0.0.202111181127/tools/bin/../lib/gcc/arm-none-eabi/10.3.1/thumb/v7-m/nofp/crtbegin.o

.ARM.extab      0x00000000080084b8        0x0
                0x00000000080084b8                . = ALIGN (0x4)
 *(.ARM.extab* .gnu.linkonce.armextab.*)
                0x00000000080084b8                . = ALIGN (0x4)

.ARM            0x00000000080084b8        0x0
                0x00000000080084b8                . = ALIGN (0x4)
                0x00000000080084b8                __exidx_start = .
 *(.ARM.exidx*)
                0x00000000080084b8                __exidx_end = .
                0x00000000080084b8                . = ALIGN (0x4)

.preinit_array  0x00000000080084b8        0x0
                0x00000000080084b8                . = ALIGN (0x4)
                0x00000000080084b8                PROVIDE (__preinit_array_start = .)
 *(.preinit_array*)
                0x00000000080084b8                PROVIDE (__preinit_array_end = .)
                0x00000000080084b8                . = ALIGN (0x4)

.init_array     0x00000000080084b8        0x4
                0x00000000080084b8                . = ALIGN (0x4)
                0x00000000080084b8                PROVIDE (__init_array_start = .)
 *(SORT_BY_NAME(.init_array.*))
 *(.init_array*)
 .init_array    0x00000000080084b8        0x4 c:/st/stm32cubeide_1.10.1/stm32cubeide/plugins/com.st.stm32cube.ide.mcu.externaltools.gnu-tools-for-stm32.10.3-2021.10.win32_1.0.0.202111181127/tools/bin/../lib/gcc/arm-none-eabi/10.3.1/thumb/v7-m/nofp/crtbegin.o
                0x00000000080084bc                PROVIDE (__init_array_end = .)
                0x00000000080084bc                . = ALIGN (0x4)

.fini_array     0x00000000080084bc        0x4
                0x00000000080084bc                . = ALIGN (0x4)
                [!provide]                        PROVIDE (__fini_array_start = .)
 *(SORT_BY_NAME(.fini_array.*))
 *(.fini_array*)
 .fini_array    0x00000000080084bc        0x4 c:/st/stm32cubeide_1.10.1/stm32cubeide/plugins/com.st.stm32cube.ide.mcu.externaltools.gnu-tools-for-stm32.10.3-2021.10.win32_1.0.0.202111181127/tools/bin/../lib/gcc/arm-none-eabi/10.3.1/thumb/v7-m/nofp/crtbegin.o
                [!provide]                        PROVIDE (__fini_array_end = .)
                0x00000000080084c0                . = ALIGN (0x4)
                0x00000000080084c0                _sidata = LOADADDR (.data)

.data           0x0000000020000000      0x170 load address 0x00000000080084c0
                0x0000000020000000                . = ALIGN (0x4)
                0x0000000020000000                _sdata = .
 *(.data)
 *(.data*)
 .data.Max_PWM  0x0000000020000000        0x4 ./Core/Src/main.o
                0x0000000020000000                Max_PWM
 .data.Max_THR  0x0000000020000004        0x4 ./Core/Src/main.o
                0x0000000020000004                Max_THR
 .data.Min_PWM  0x0000000020000008        0x4 ./Core/Src/main.o
                0x0000000020000008                Min_PWM
 .data.throttle
                0x000000002000000c        0x4 ./Core/Src/main.o
                0x000000002000000c                throttle
 .data.throttle_PID
                0x0000000020000010        0x4 ./Core/Src/main.o
                0x0000000020000010                throttle_PID
 .data.acc_total_vector
                0x0000000020000014        0x4 ./Core/Src/main.o
                0x0000000020000014                acc_total_vector
 .data.Setting_docao
                0x0000000020000018        0x4 ./Core/Src/main.o
                0x0000000020000018                Setting_docao
 .data.PWM      0x000000002000001c        0x8 ./Core/Src/main.o
                0x000000002000001c                PWM
 .data.Kalman_Distance
                0x0000000020000024        0x4 ./Core/Src/main.o
                0x0000000020000024                Kalman_Distance
 .data.KalmanX  0x0000000020000028       0x48 ./Core/Src/mpu6050.o
                0x0000000020000028                KalmanX
 .data.KalmanY  0x0000000020000070       0x48 ./Core/Src/mpu6050.o
                0x0000000020000070                KalmanY
 .data.KalmanZ  0x00000000200000b8       0x48 ./Core/Src/mpu6050.o
                0x00000000200000b8                KalmanZ
 .data.SystemCoreClock
                0x0000000020000100        0x4 ./Core/Src/system_stm32f1xx.o
                0x0000000020000100                SystemCoreClock
 .data.uwTickPrio
                0x0000000020000104        0x4 ./Drivers/STM32F1xx_HAL_Driver/Src/stm32f1xx_hal.o
                0x0000000020000104                uwTickPrio
 .data.uwTickFreq
                0x0000000020000108        0x1 ./Drivers/STM32F1xx_HAL_Driver/Src/stm32f1xx_hal.o
                0x0000000020000108                uwTickFreq
 *fill*         0x0000000020000109        0x3 
 .data._impure_ptr
                0x000000002000010c        0x4 c:/st/stm32cubeide_1.10.1/stm32cubeide/plugins/com.st.stm32cube.ide.mcu.externaltools.gnu-tools-for-stm32.10.3-2021.10.win32_1.0.0.202111181127/tools/bin/../lib/gcc/arm-none-eabi/10.3.1/../../../../arm-none-eabi/lib/thumb/v7-m/nofp\libc_nano.a(lib_a-impure.o)
                0x000000002000010c                _impure_ptr
 .data.impure_data
                0x0000000020000110       0x60 c:/st/stm32cubeide_1.10.1/stm32cubeide/plugins/com.st.stm32cube.ide.mcu.externaltools.gnu-tools-for-stm32.10.3-2021.10.win32_1.0.0.202111181127/tools/bin/../lib/gcc/arm-none-eabi/10.3.1/../../../../arm-none-eabi/lib/thumb/v7-m/nofp\libc_nano.a(lib_a-impure.o)
 *(.RamFunc)
 *(.RamFunc*)
                0x0000000020000170                . = ALIGN (0x4)
                0x0000000020000170                _edata = .

.igot.plt       0x0000000020000170        0x0 load address 0x0000000008008630
 .igot.plt      0x0000000020000170        0x0 c:/st/stm32cubeide_1.10.1/stm32cubeide/plugins/com.st.stm32cube.ide.mcu.externaltools.gnu-tools-for-stm32.10.3-2021.10.win32_1.0.0.202111181127/tools/bin/../lib/gcc/arm-none-eabi/10.3.1/thumb/v7-m/nofp/crtbegin.o
                0x0000000020000170                . = ALIGN (0x4)

.bss            0x0000000020000170      0x2e0 load address 0x0000000008008630
                0x0000000020000170                _sbss = .
                0x0000000020000170                __bss_start__ = _sbss
 *(.bss)
 .bss           0x0000000020000170       0x1c c:/st/stm32cubeide_1.10.1/stm32cubeide/plugins/com.st.stm32cube.ide.mcu.externaltools.gnu-tools-for-stm32.10.3-2021.10.win32_1.0.0.202111181127/tools/bin/../lib/gcc/arm-none-eabi/10.3.1/thumb/v7-m/nofp/crtbegin.o
 *(.bss*)
 .bss.hi2c2     0x000000002000018c       0x54 ./Core/Src/main.o
                0x000000002000018c                hi2c2
 .bss.hspi1     0x00000000200001e0       0x58 ./Core/Src/main.o
                0x00000000200001e0                hspi1
 .bss.htim1     0x0000000020000238       0x48 ./Core/Src/main.o
                0x0000000020000238                htim1
 .bss.htim2     0x0000000020000280       0x48 ./Core/Src/main.o
                0x0000000020000280                htim2
 .bss.nrf_rx_cfg
                0x00000000200002c8       0x24 ./Core/Src/main.o
                0x00000000200002c8                nrf_rx_cfg
 .bss.data_rx_real
                0x00000000200002ec        0x1 ./Core/Src/main.o
                0x00000000200002ec                data_rx_real
 .bss.button_press
                0x00000000200002ed        0x1 ./Core/Src/main.o
                0x00000000200002ed                button_press
 *fill*         0x00000000200002ee        0x2 
 .bss.MPU6050_Data
                0x00000000200002f0       0x48 ./Core/Src/main.o
                0x00000000200002f0                MPU6050_Data
 .bss.PID_ROLL  0x0000000020000338       0x30 ./Core/Src/main.o
                0x0000000020000338                PID_ROLL
 .bss.PID_PITCH
                0x0000000020000368       0x30 ./Core/Src/main.o
                0x0000000020000368                PID_PITCH
 .bss.PID_YAW   0x0000000020000398       0x30 ./Core/Src/main.o
                0x0000000020000398                PID_YAW
 .bss.PID_HG    0x00000000200003c8       0x30 ./Core/Src/main.o
                0x00000000200003c8                PID_HG
 .bss.loop_time
                0x00000000200003f8        0x4 ./Core/Src/main.o
                0x00000000200003f8                loop_time
 .bss.loop_time_hacanh
                0x00000000200003fc        0x4 ./Core/Src/main.o
                0x00000000200003fc                loop_time_hacanh
 .bss.timer_before
                0x0000000020000400        0x4 ./Core/Src/main.o
                0x0000000020000400                timer_before
 .bss.ax_cal_tt
                0x0000000020000404        0x4 ./Core/Src/main.o
                0x0000000020000404                ax_cal_tt
 .bss.ay_cal_tt
                0x0000000020000408        0x4 ./Core/Src/main.o
                0x0000000020000408                ay_cal_tt
 .bss.gyro_roll_cal_tt
                0x000000002000040c        0x4 ./Core/Src/main.o
                0x000000002000040c                gyro_roll_cal_tt
 .bss.gyro_pitch_cal_tt
                0x0000000020000410        0x4 ./Core/Src/main.o
                0x0000000020000410                gyro_pitch_cal_tt
 .bss.gyro_yaw_cal_tt
                0x0000000020000414        0x4 ./Core/Src/main.o
                0x0000000020000414                gyro_yaw_cal_tt
 .bss.angle_roll_acc
                0x0000000020000418        0x4 ./Core/Src/main.o
                0x0000000020000418                angle_roll_acc
 .bss.angle_pitch_acc
                0x000000002000041c        0x4 ./Core/Src/main.o
                0x000000002000041c                angle_pitch_acc
 .bss.angle_pitch
                0x0000000020000420        0x4 ./Core/Src/main.o
                0x0000000020000420                angle_pitch
 .bss.angle_roll
                0x0000000020000424        0x4 ./Core/Src/main.o
                0x0000000020000424                angle_roll
 .bss.pitch_level_adjust
                0x0000000020000428        0x4 ./Core/Src/main.o
                0x0000000020000428                pitch_level_adjust
 .bss.roll_level_adjust
                0x000000002000042c        0x4 ./Core/Src/main.o
                0x000000002000042c                roll_level_adjust
 .bss.pid_pitch_setpoint
                0x0000000020000430        0x4 ./Core/Src/main.o
                0x0000000020000430                pid_pitch_setpoint
 .bss.pid_roll_setpoint
                0x0000000020000434        0x4 ./Core/Src/main.o
                0x0000000020000434                pid_roll_setpoint
 .bss.pid_yaw_setpoint
                0x0000000020000438        0x4 ./Core/Src/main.o
                0x0000000020000438                pid_yaw_setpoint
 .bss.IC_Val    0x000000002000043c        0x4 ./Core/Src/main.o
                0x000000002000043c                IC_Val
 .bss.Distance  0x0000000020000440        0x4 ./Core/Src/main.o
                0x0000000020000440                Distance
 .bss.ok        0x0000000020000444        0x1 ./Core/Src/main.o
                0x0000000020000444                ok
 .bss.first_read_hc
                0x0000000020000445        0x1 ./Core/Src/main.o
                0x0000000020000445                first_read_hc
 .bss.loi_xxx   0x0000000020000446        0x1 ./Core/Src/main.o
                0x0000000020000446                loi_xxx
 .bss.is_running
                0x0000000020000447        0x1 ./Core/Src/main.o
                0x0000000020000447                is_running
 .bss.hacanh    0x0000000020000448        0x1 ./Core/Src/main.o
                0x0000000020000448                hacanh
 *fill*         0x0000000020000449        0x3 
 .bss.uwTick    0x000000002000044c        0x4 ./Drivers/STM32F1xx_HAL_Driver/Src/stm32f1xx_hal.o
                0x000000002000044c                uwTick
 *(COMMON)
                0x0000000020000450                . = ALIGN (0x4)
                0x0000000020000450                _ebss = .
                0x0000000020000450                __bss_end__ = _ebss

._user_heap_stack
                0x0000000020000450      0x600 load address 0x0000000008008630
                0x0000000020000450                . = ALIGN (0x8)
                [!provide]                        PROVIDE (end = .)
                0x0000000020000450                PROVIDE (_end = .)
                0x0000000020000650                . = (. + _Min_Heap_Size)
 *fill*         0x0000000020000450      0x200 
                0x0000000020000a50                . = (. + _Min_Stack_Size)
 *fill*         0x0000000020000650      0x400 
                0x0000000020000a50                . = ALIGN (0x8)

/DISCARD/
 libc.a(*)
 libm.a(*)
 libgcc.a(*)

.ARM.attributes
                0x0000000000000000       0x29
 *(.ARM.attributes)
 .ARM.attributes
                0x0000000000000000       0x1d c:/st/stm32cubeide_1.10.1/stm32cubeide/plugins/com.st.stm32cube.ide.mcu.externaltools.gnu-tools-for-stm32.10.3-2021.10.win32_1.0.0.202111181127/tools/bin/../lib/gcc/arm-none-eabi/10.3.1/thumb/v7-m/nofp/crti.o
 .ARM.attributes
                0x000000000000001d       0x2d c:/st/stm32cubeide_1.10.1/stm32cubeide/plugins/com.st.stm32cube.ide.mcu.externaltools.gnu-tools-for-stm32.10.3-2021.10.win32_1.0.0.202111181127/tools/bin/../lib/gcc/arm-none-eabi/10.3.1/thumb/v7-m/nofp/crtbegin.o
 .ARM.attributes
                0x000000000000004a       0x2d ./Core/Src/PID control.o
 .ARM.attributes
                0x0000000000000077       0x2d ./Core/Src/main.o
 .ARM.attributes
                0x00000000000000a4       0x2d ./Core/Src/mpu6050.o
 .ARM.attributes
                0x00000000000000d1       0x2d ./Core/Src/nrf24l01mbal.o
 .ARM.attributes
                0x00000000000000fe       0x2d ./Core/Src/stm32f1xx_hal_msp.o
 .ARM.attributes
                0x000000000000012b       0x2d ./Core/Src/stm32f1xx_it.o
 .ARM.attributes
                0x0000000000000158       0x2d ./Core/Src/system_stm32f1xx.o
 .ARM.attributes
                0x0000000000000185       0x21 ./Core/Startup/startup_stm32f103c8tx.o
 .ARM.attributes
                0x00000000000001a6       0x2d ./Drivers/STM32F1xx_HAL_Driver/Src/stm32f1xx_hal.o
 .ARM.attributes
                0x00000000000001d3       0x2d ./Drivers/STM32F1xx_HAL_Driver/Src/stm32f1xx_hal_cortex.o
 .ARM.attributes
                0x0000000000000200       0x2d ./Drivers/STM32F1xx_HAL_Driver/Src/stm32f1xx_hal_gpio.o
 .ARM.attributes
                0x000000000000022d       0x2d ./Drivers/STM32F1xx_HAL_Driver/Src/stm32f1xx_hal_i2c.o
 .ARM.attributes
                0x000000000000025a       0x2d ./Drivers/STM32F1xx_HAL_Driver/Src/stm32f1xx_hal_rcc.o
 .ARM.attributes
                0x0000000000000287       0x2d ./Drivers/STM32F1xx_HAL_Driver/Src/stm32f1xx_hal_spi.o
 .ARM.attributes
                0x00000000000002b4       0x2d ./Drivers/STM32F1xx_HAL_Driver/Src/stm32f1xx_hal_tim.o
 .ARM.attributes
                0x00000000000002e1       0x2d ./Drivers/STM32F1xx_HAL_Driver/Src/stm32f1xx_hal_tim_ex.o
 .ARM.attributes
                0x000000000000030e       0x2d c:/st/stm32cubeide_1.10.1/stm32cubeide/plugins/com.st.stm32cube.ide.mcu.externaltools.gnu-tools-for-stm32.10.3-2021.10.win32_1.0.0.202111181127/tools/bin/../lib/gcc/arm-none-eabi/10.3.1/../../../../arm-none-eabi/lib/thumb/v7-m/nofp\libc_nano.a(lib_a-errno.o)
 .ARM.attributes
                0x000000000000033b       0x2d c:/st/stm32cubeide_1.10.1/stm32cubeide/plugins/com.st.stm32cube.ide.mcu.externaltools.gnu-tools-for-stm32.10.3-2021.10.win32_1.0.0.202111181127/tools/bin/../lib/gcc/arm-none-eabi/10.3.1/../../../../arm-none-eabi/lib/thumb/v7-m/nofp\libc_nano.a(lib_a-impure.o)
 .ARM.attributes
                0x0000000000000368       0x2d c:/st/stm32cubeide_1.10.1/stm32cubeide/plugins/com.st.stm32cube.ide.mcu.externaltools.gnu-tools-for-stm32.10.3-2021.10.win32_1.0.0.202111181127/tools/bin/../lib/gcc/arm-none-eabi/10.3.1/../../../../arm-none-eabi/lib/thumb/v7-m/nofp\libc_nano.a(lib_a-init.o)
 .ARM.attributes
                0x0000000000000395       0x2d c:/st/stm32cubeide_1.10.1/stm32cubeide/plugins/com.st.stm32cube.ide.mcu.externaltools.gnu-tools-for-stm32.10.3-2021.10.win32_1.0.0.202111181127/tools/bin/../lib/gcc/arm-none-eabi/10.3.1/../../../../arm-none-eabi/lib/thumb/v7-m/nofp\libc_nano.a(lib_a-memset.o)
 .ARM.attributes
                0x00000000000003c2       0x2d c:/st/stm32cubeide_1.10.1/stm32cubeide/plugins/com.st.stm32cube.ide.mcu.externaltools.gnu-tools-for-stm32.10.3-2021.10.win32_1.0.0.202111181127/tools/bin/../lib/gcc/arm-none-eabi/10.3.1/../../../../arm-none-eabi/lib/thumb/v7-m/nofp\libm.a(lib_a-s_sin.o)
 .ARM.attributes
                0x00000000000003ef       0x2d c:/st/stm32cubeide_1.10.1/stm32cubeide/plugins/com.st.stm32cube.ide.mcu.externaltools.gnu-tools-for-stm32.10.3-2021.10.win32_1.0.0.202111181127/tools/bin/../lib/gcc/arm-none-eabi/10.3.1/../../../../arm-none-eabi/lib/thumb/v7-m/nofp\libm.a(lib_a-w_asin.o)
 .ARM.attributes
                0x000000000000041c       0x2d c:/st/stm32cubeide_1.10.1/stm32cubeide/plugins/com.st.stm32cube.ide.mcu.externaltools.gnu-tools-for-stm32.10.3-2021.10.win32_1.0.0.202111181127/tools/bin/../lib/gcc/arm-none-eabi/10.3.1/../../../../arm-none-eabi/lib/thumb/v7-m/nofp\libm.a(lib_a-w_sqrt.o)
 .ARM.attributes
                0x0000000000000449       0x2d c:/st/stm32cubeide_1.10.1/stm32cubeide/plugins/com.st.stm32cube.ide.mcu.externaltools.gnu-tools-for-stm32.10.3-2021.10.win32_1.0.0.202111181127/tools/bin/../lib/gcc/arm-none-eabi/10.3.1/../../../../arm-none-eabi/lib/thumb/v7-m/nofp\libm.a(lib_a-e_asin.o)
 .ARM.attributes
                0x0000000000000476       0x2d c:/st/stm32cubeide_1.10.1/stm32cubeide/plugins/com.st.stm32cube.ide.mcu.externaltools.gnu-tools-for-stm32.10.3-2021.10.win32_1.0.0.202111181127/tools/bin/../lib/gcc/arm-none-eabi/10.3.1/../../../../arm-none-eabi/lib/thumb/v7-m/nofp\libm.a(lib_a-e_rem_pio2.o)
 .ARM.attributes
                0x00000000000004a3       0x2d c:/st/stm32cubeide_1.10.1/stm32cubeide/plugins/com.st.stm32cube.ide.mcu.externaltools.gnu-tools-for-stm32.10.3-2021.10.win32_1.0.0.202111181127/tools/bin/../lib/gcc/arm-none-eabi/10.3.1/../../../../arm-none-eabi/lib/thumb/v7-m/nofp\libm.a(lib_a-e_sqrt.o)
 .ARM.attributes
                0x00000000000004d0       0x2d c:/st/stm32cubeide_1.10.1/stm32cubeide/plugins/com.st.stm32cube.ide.mcu.externaltools.gnu-tools-for-stm32.10.3-2021.10.win32_1.0.0.202111181127/tools/bin/../lib/gcc/arm-none-eabi/10.3.1/../../../../arm-none-eabi/lib/thumb/v7-m/nofp\libm.a(lib_a-k_cos.o)
 .ARM.attributes
                0x00000000000004fd       0x2d c:/st/stm32cubeide_1.10.1/stm32cubeide/plugins/com.st.stm32cube.ide.mcu.externaltools.gnu-tools-for-stm32.10.3-2021.10.win32_1.0.0.202111181127/tools/bin/../lib/gcc/arm-none-eabi/10.3.1/../../../../arm-none-eabi/lib/thumb/v7-m/nofp\libm.a(lib_a-k_rem_pio2.o)
 .ARM.attributes
                0x000000000000052a       0x2d c:/st/stm32cubeide_1.10.1/stm32cubeide/plugins/com.st.stm32cube.ide.mcu.externaltools.gnu-tools-for-stm32.10.3-2021.10.win32_1.0.0.202111181127/tools/bin/../lib/gcc/arm-none-eabi/10.3.1/../../../../arm-none-eabi/lib/thumb/v7-m/nofp\libm.a(lib_a-k_sin.o)
 .ARM.attributes
                0x0000000000000557       0x2d c:/st/stm32cubeide_1.10.1/stm32cubeide/plugins/com.st.stm32cube.ide.mcu.externaltools.gnu-tools-for-stm32.10.3-2021.10.win32_1.0.0.202111181127/tools/bin/../lib/gcc/arm-none-eabi/10.3.1/../../../../arm-none-eabi/lib/thumb/v7-m/nofp\libm.a(lib_a-s_fabs.o)
 .ARM.attributes
                0x0000000000000584       0x2d c:/st/stm32cubeide_1.10.1/stm32cubeide/plugins/com.st.stm32cube.ide.mcu.externaltools.gnu-tools-for-stm32.10.3-2021.10.win32_1.0.0.202111181127/tools/bin/../lib/gcc/arm-none-eabi/10.3.1/../../../../arm-none-eabi/lib/thumb/v7-m/nofp\libm.a(lib_a-s_floor.o)
 .ARM.attributes
                0x00000000000005b1       0x2d c:/st/stm32cubeide_1.10.1/stm32cubeide/plugins/com.st.stm32cube.ide.mcu.externaltools.gnu-tools-for-stm32.10.3-2021.10.win32_1.0.0.202111181127/tools/bin/../lib/gcc/arm-none-eabi/10.3.1/../../../../arm-none-eabi/lib/thumb/v7-m/nofp\libm.a(lib_a-s_nan.o)
 .ARM.attributes
                0x00000000000005de       0x2d c:/st/stm32cubeide_1.10.1/stm32cubeide/plugins/com.st.stm32cube.ide.mcu.externaltools.gnu-tools-for-stm32.10.3-2021.10.win32_1.0.0.202111181127/tools/bin/../lib/gcc/arm-none-eabi/10.3.1/../../../../arm-none-eabi/lib/thumb/v7-m/nofp\libm.a(lib_a-s_scalbn.o)
 .ARM.attributes
                0x000000000000060b       0x1d c:/st/stm32cubeide_1.10.1/stm32cubeide/plugins/com.st.stm32cube.ide.mcu.externaltools.gnu-tools-for-stm32.10.3-2021.10.win32_1.0.0.202111181127/tools/bin/../lib/gcc/arm-none-eabi/10.3.1/thumb/v7-m/nofp\libgcc.a(_arm_addsubdf3.o)
 .ARM.attributes
                0x0000000000000628       0x1d c:/st/stm32cubeide_1.10.1/stm32cubeide/plugins/com.st.stm32cube.ide.mcu.externaltools.gnu-tools-for-stm32.10.3-2021.10.win32_1.0.0.202111181127/tools/bin/../lib/gcc/arm-none-eabi/10.3.1/thumb/v7-m/nofp\libgcc.a(_arm_muldivdf3.o)
 .ARM.attributes
                0x0000000000000645       0x1d c:/st/stm32cubeide_1.10.1/stm32cubeide/plugins/com.st.stm32cube.ide.mcu.externaltools.gnu-tools-for-stm32.10.3-2021.10.win32_1.0.0.202111181127/tools/bin/../lib/gcc/arm-none-eabi/10.3.1/thumb/v7-m/nofp\libgcc.a(_arm_cmpdf2.o)
 .ARM.attributes
                0x0000000000000662       0x1d c:/st/stm32cubeide_1.10.1/stm32cubeide/plugins/com.st.stm32cube.ide.mcu.externaltools.gnu-tools-for-stm32.10.3-2021.10.win32_1.0.0.202111181127/tools/bin/../lib/gcc/arm-none-eabi/10.3.1/thumb/v7-m/nofp\libgcc.a(_arm_unorddf2.o)
 .ARM.attributes
                0x000000000000067f       0x1d c:/st/stm32cubeide_1.10.1/stm32cubeide/plugins/com.st.stm32cube.ide.mcu.externaltools.gnu-tools-for-stm32.10.3-2021.10.win32_1.0.0.202111181127/tools/bin/../lib/gcc/arm-none-eabi/10.3.1/thumb/v7-m/nofp\libgcc.a(_arm_fixdfsi.o)
 .ARM.attributes
                0x000000000000069c       0x1d c:/st/stm32cubeide_1.10.1/stm32cubeide/plugins/com.st.stm32cube.ide.mcu.externaltools.gnu-tools-for-stm32.10.3-2021.10.win32_1.0.0.202111181127/tools/bin/../lib/gcc/arm-none-eabi/10.3.1/thumb/v7-m/nofp\libgcc.a(_arm_truncdfsf2.o)
 .ARM.attributes
                0x00000000000006b9       0x1d c:/st/stm32cubeide_1.10.1/stm32cubeide/plugins/com.st.stm32cube.ide.mcu.externaltools.gnu-tools-for-stm32.10.3-2021.10.win32_1.0.0.202111181127/tools/bin/../lib/gcc/arm-none-eabi/10.3.1/thumb/v7-m/nofp\libgcc.a(_arm_addsubsf3.o)
 .ARM.attributes
                0x00000000000006d6       0x1d c:/st/stm32cubeide_1.10.1/stm32cubeide/plugins/com.st.stm32cube.ide.mcu.externaltools.gnu-tools-for-stm32.10.3-2021.10.win32_1.0.0.202111181127/tools/bin/../lib/gcc/arm-none-eabi/10.3.1/thumb/v7-m/nofp\libgcc.a(_arm_muldivsf3.o)
 .ARM.attributes
                0x00000000000006f3       0x1d c:/st/stm32cubeide_1.10.1/stm32cubeide/plugins/com.st.stm32cube.ide.mcu.externaltools.gnu-tools-for-stm32.10.3-2021.10.win32_1.0.0.202111181127/tools/bin/../lib/gcc/arm-none-eabi/10.3.1/thumb/v7-m/nofp\libgcc.a(_arm_cmpsf2.o)
 .ARM.attributes
                0x0000000000000710       0x1d c:/st/stm32cubeide_1.10.1/stm32cubeide/plugins/com.st.stm32cube.ide.mcu.externaltools.gnu-tools-for-stm32.10.3-2021.10.win32_1.0.0.202111181127/tools/bin/../lib/gcc/arm-none-eabi/10.3.1/thumb/v7-m/nofp\libgcc.a(_arm_fixsfsi.o)
 .ARM.attributes
                0x000000000000072d       0x1d c:/st/stm32cubeide_1.10.1/stm32cubeide/plugins/com.st.stm32cube.ide.mcu.externaltools.gnu-tools-for-stm32.10.3-2021.10.win32_1.0.0.202111181127/tools/bin/../lib/gcc/arm-none-eabi/10.3.1/thumb/v7-m/nofp\libgcc.a(_arm_fixunssfsi.o)
 .ARM.attributes
                0x000000000000074a       0x1d c:/st/stm32cubeide_1.10.1/stm32cubeide/plugins/com.st.stm32cube.ide.mcu.externaltools.gnu-tools-for-stm32.10.3-2021.10.win32_1.0.0.202111181127/tools/bin/../lib/gcc/arm-none-eabi/10.3.1/thumb/v7-m/nofp/crtn.o
OUTPUT(main_quad.elf elf32-littlearm)
LOAD linker stubs
LOAD c:/st/stm32cubeide_1.10.1/stm32cubeide/plugins/com.st.stm32cube.ide.mcu.externaltools.gnu-tools-for-stm32.10.3-2021.10.win32_1.0.0.202111181127/tools/bin/../lib/gcc/arm-none-eabi/10.3.1/../../../../arm-none-eabi/lib/thumb/v7-m/nofp\libc.a
LOAD c:/st/stm32cubeide_1.10.1/stm32cubeide/plugins/com.st.stm32cube.ide.mcu.externaltools.gnu-tools-for-stm32.10.3-2021.10.win32_1.0.0.202111181127/tools/bin/../lib/gcc/arm-none-eabi/10.3.1/../../../../arm-none-eabi/lib/thumb/v7-m/nofp\libm.a
LOAD c:/st/stm32cubeide_1.10.1/stm32cubeide/plugins/com.st.stm32cube.ide.mcu.externaltools.gnu-tools-for-stm32.10.3-2021.10.win32_1.0.0.202111181127/tools/bin/../lib/gcc/arm-none-eabi/10.3.1/thumb/v7-m/nofp\libgcc.a

.debug_info     0x0000000000000000     0xed07
 .debug_info    0x0000000000000000      0x2bd ./Core/Src/PID control.o
 .debug_info    0x00000000000002bd     0x1ee3 ./Core/Src/main.o
 .debug_info    0x00000000000021a0      0xae6 ./Core/Src/mpu6050.o
 .debug_info    0x0000000000002c86      0xf27 ./Core/Src/nrf24l01mbal.o
 .debug_info    0x0000000000003bad     0x1042 ./Core/Src/stm32f1xx_hal_msp.o
 .debug_info    0x0000000000004bef      0x173 ./Core/Src/stm32f1xx_it.o
 .debug_info    0x0000000000004d62      0x23d ./Core/Src/system_stm32f1xx.o
 .debug_info    0x0000000000004f9f       0x22 ./Core/Startup/startup_stm32f103c8tx.o
 .debug_info    0x0000000000004fc1      0x734 ./Drivers/STM32F1xx_HAL_Driver/Src/stm32f1xx_hal.o
 .debug_info    0x00000000000056f5      0xb20 ./Drivers/STM32F1xx_HAL_Driver/Src/stm32f1xx_hal_cortex.o
 .debug_info    0x0000000000006215      0x615 ./Drivers/STM32F1xx_HAL_Driver/Src/stm32f1xx_hal_gpio.o
 .debug_info    0x000000000000682a     0x2734 ./Drivers/STM32F1xx_HAL_Driver/Src/stm32f1xx_hal_i2c.o
 .debug_info    0x0000000000008f5e      0x860 ./Drivers/STM32F1xx_HAL_Driver/Src/stm32f1xx_hal_rcc.o
 .debug_info    0x00000000000097be     0x1658 ./Drivers/STM32F1xx_HAL_Driver/Src/stm32f1xx_hal_spi.o
 .debug_info    0x000000000000ae16     0x29de ./Drivers/STM32F1xx_HAL_Driver/Src/stm32f1xx_hal_tim.o
 .debug_info    0x000000000000d7f4     0x1513 ./Drivers/STM32F1xx_HAL_Driver/Src/stm32f1xx_hal_tim_ex.o

.debug_abbrev   0x0000000000000000     0x1ff2
 .debug_abbrev  0x0000000000000000      0x12d ./Core/Src/PID control.o
 .debug_abbrev  0x000000000000012d      0x36e ./Core/Src/main.o
 .debug_abbrev  0x000000000000049b      0x1de ./Core/Src/mpu6050.o
 .debug_abbrev  0x0000000000000679      0x26d ./Core/Src/nrf24l01mbal.o
 .debug_abbrev  0x00000000000008e6      0x21d ./Core/Src/stm32f1xx_hal_msp.o
 .debug_abbrev  0x0000000000000b03       0x9f ./Core/Src/stm32f1xx_it.o
 .debug_abbrev  0x0000000000000ba2      0x13b ./Core/Src/system_stm32f1xx.o
 .debug_abbrev  0x0000000000000cdd       0x12 ./Core/Startup/startup_stm32f103c8tx.o
 .debug_abbrev  0x0000000000000cef      0x1fb ./Drivers/STM32F1xx_HAL_Driver/Src/stm32f1xx_hal.o
 .debug_abbrev  0x0000000000000eea      0x2ed ./Drivers/STM32F1xx_HAL_Driver/Src/stm32f1xx_hal_cortex.o
 .debug_abbrev  0x00000000000011d7      0x1bb ./Drivers/STM32F1xx_HAL_Driver/Src/stm32f1xx_hal_gpio.o
 .debug_abbrev  0x0000000000001392      0x288 ./Drivers/STM32F1xx_HAL_Driver/Src/stm32f1xx_hal_i2c.o
 .debug_abbrev  0x000000000000161a      0x2a8 ./Drivers/STM32F1xx_HAL_Driver/Src/stm32f1xx_hal_rcc.o
 .debug_abbrev  0x00000000000018c2      0x26e ./Drivers/STM32F1xx_HAL_Driver/Src/stm32f1xx_hal_spi.o
 .debug_abbrev  0x0000000000001b30      0x25d ./Drivers/STM32F1xx_HAL_Driver/Src/stm32f1xx_hal_tim.o
 .debug_abbrev  0x0000000000001d8d      0x265 ./Drivers/STM32F1xx_HAL_Driver/Src/stm32f1xx_hal_tim_ex.o

.debug_aranges  0x0000000000000000     0x1008
 .debug_aranges
                0x0000000000000000       0x40 ./Core/Src/PID control.o
 .debug_aranges
                0x0000000000000040       0xf8 ./Core/Src/main.o
 .debug_aranges
                0x0000000000000138       0x48 ./Core/Src/mpu6050.o
 .debug_aranges
                0x0000000000000180       0xf8 ./Core/Src/nrf24l01mbal.o
 .debug_aranges
                0x0000000000000278       0x68 ./Core/Src/stm32f1xx_hal_msp.o
 .debug_aranges
                0x00000000000002e0       0x68 ./Core/Src/stm32f1xx_it.o
 .debug_aranges
                0x0000000000000348       0x28 ./Core/Src/system_stm32f1xx.o
 .debug_aranges
                0x0000000000000370       0x28 ./Core/Startup/startup_stm32f103c8tx.o
 .debug_aranges
                0x0000000000000398       0xe0 ./Drivers/STM32F1xx_HAL_Driver/Src/stm32f1xx_hal.o
 .debug_aranges
                0x0000000000000478      0x100 ./Drivers/STM32F1xx_HAL_Driver/Src/stm32f1xx_hal_cortex.o
 .debug_aranges
                0x0000000000000578       0x58 ./Drivers/STM32F1xx_HAL_Driver/Src/stm32f1xx_hal_gpio.o
 .debug_aranges
                0x00000000000005d0      0x2a0 ./Drivers/STM32F1xx_HAL_Driver/Src/stm32f1xx_hal_i2c.o
 .debug_aranges
                0x0000000000000870       0x90 ./Drivers/STM32F1xx_HAL_Driver/Src/stm32f1xx_hal_rcc.o
 .debug_aranges
                0x0000000000000900      0x1d0 ./Drivers/STM32F1xx_HAL_Driver/Src/stm32f1xx_hal_spi.o
 .debug_aranges
                0x0000000000000ad0      0x3d0 ./Drivers/STM32F1xx_HAL_Driver/Src/stm32f1xx_hal_tim.o
 .debug_aranges
                0x0000000000000ea0      0x168 ./Drivers/STM32F1xx_HAL_Driver/Src/stm32f1xx_hal_tim_ex.o

.debug_ranges   0x0000000000000000      0xf38
 .debug_ranges  0x0000000000000000       0x30 ./Core/Src/PID control.o
 .debug_ranges  0x0000000000000030       0xe8 ./Core/Src/main.o
 .debug_ranges  0x0000000000000118       0x38 ./Core/Src/mpu6050.o
 .debug_ranges  0x0000000000000150       0xe8 ./Core/Src/nrf24l01mbal.o
 .debug_ranges  0x0000000000000238       0x58 ./Core/Src/stm32f1xx_hal_msp.o
 .debug_ranges  0x0000000000000290       0x58 ./Core/Src/stm32f1xx_it.o
 .debug_ranges  0x00000000000002e8       0x18 ./Core/Src/system_stm32f1xx.o
 .debug_ranges  0x0000000000000300       0x20 ./Core/Startup/startup_stm32f103c8tx.o
 .debug_ranges  0x0000000000000320       0xd0 ./Drivers/STM32F1xx_HAL_Driver/Src/stm32f1xx_hal.o
 .debug_ranges  0x00000000000003f0       0xf0 ./Drivers/STM32F1xx_HAL_Driver/Src/stm32f1xx_hal_cortex.o
 .debug_ranges  0x00000000000004e0       0x48 ./Drivers/STM32F1xx_HAL_Driver/Src/stm32f1xx_hal_gpio.o
 .debug_ranges  0x0000000000000528      0x2b8 ./Drivers/STM32F1xx_HAL_Driver/Src/stm32f1xx_hal_i2c.o
 .debug_ranges  0x00000000000007e0       0x80 ./Drivers/STM32F1xx_HAL_Driver/Src/stm32f1xx_hal_rcc.o
 .debug_ranges  0x0000000000000860      0x1c0 ./Drivers/STM32F1xx_HAL_Driver/Src/stm32f1xx_hal_spi.o
 .debug_ranges  0x0000000000000a20      0x3c0 ./Drivers/STM32F1xx_HAL_Driver/Src/stm32f1xx_hal_tim.o
 .debug_ranges  0x0000000000000de0      0x158 ./Drivers/STM32F1xx_HAL_Driver/Src/stm32f1xx_hal_tim_ex.o

.debug_macro    0x0000000000000000    0x18a60
 .debug_macro   0x0000000000000000      0x1c3 ./Core/Src/PID control.o
 .debug_macro   0x00000000000001c3      0xa6c ./Core/Src/PID control.o
 .debug_macro   0x0000000000000c2f      0x221 ./Core/Src/PID control.o
 .debug_macro   0x0000000000000e50       0x2e ./Core/Src/PID control.o
 .debug_macro   0x0000000000000e7e       0x22 ./Core/Src/PID control.o
 .debug_macro   0x0000000000000ea0       0x22 ./Core/Src/PID control.o
 .debug_macro   0x0000000000000ec2       0x8e ./Core/Src/PID control.o
 .debug_macro   0x0000000000000f50       0x51 ./Core/Src/PID control.o
 .debug_macro   0x0000000000000fa1      0x103 ./Core/Src/PID control.o
 .debug_macro   0x00000000000010a4       0x6a ./Core/Src/PID control.o
 .debug_macro   0x000000000000110e      0x1df ./Core/Src/PID control.o
 .debug_macro   0x00000000000012ed       0x1c ./Core/Src/PID control.o
 .debug_macro   0x0000000000001309       0x22 ./Core/Src/PID control.o
 .debug_macro   0x000000000000132b       0xbd ./Core/Src/PID control.o
 .debug_macro   0x00000000000013e8      0xd23 ./Core/Src/PID control.o
 .debug_macro   0x000000000000210b     0xe09e ./Core/Src/PID control.o
 .debug_macro   0x00000000000101a9       0x6d ./Core/Src/PID control.o
 .debug_macro   0x0000000000010216     0x3468 ./Core/Src/PID control.o
 .debug_macro   0x000000000001367e      0x174 ./Core/Src/PID control.o
 .debug_macro   0x00000000000137f2       0x5c ./Core/Src/PID control.o
 .debug_macro   0x000000000001384e      0x5be ./Core/Src/PID control.o
 .debug_macro   0x0000000000013e0c      0x289 ./Core/Src/PID control.o
 .debug_macro   0x0000000000014095      0x1cb ./Core/Src/PID control.o
 .debug_macro   0x0000000000014260      0x114 ./Core/Src/PID control.o
 .debug_macro   0x0000000000014374      0x1b2 ./Core/Src/PID control.o
 .debug_macro   0x0000000000014526       0x27 ./Core/Src/PID control.o
 .debug_macro   0x000000000001454d      0x136 ./Core/Src/PID control.o
 .debug_macro   0x0000000000014683      0x1bc ./Core/Src/PID control.o
 .debug_macro   0x000000000001483f       0x34 ./Core/Src/PID control.o
 .debug_macro   0x0000000000014873       0x3c ./Core/Src/PID control.o
 .debug_macro   0x00000000000148af       0x57 ./Core/Src/PID control.o
 .debug_macro   0x0000000000014906       0x88 ./Core/Src/PID control.o
 .debug_macro   0x000000000001498e      0x241 ./Core/Src/PID control.o
 .debug_macro   0x0000000000014bcf      0x287 ./Core/Src/PID control.o
 .debug_macro   0x0000000000014e56      0x141 ./Core/Src/PID control.o
 .debug_macro   0x0000000000014f97      0x217 ./Core/Src/PID control.o
 .debug_macro   0x00000000000151ae      0x8d1 ./Core/Src/PID control.o
 .debug_macro   0x0000000000015a7f       0x83 ./Core/Src/PID control.o
 .debug_macro   0x0000000000015b02      0x320 ./Core/Src/main.o
 .debug_macro   0x0000000000015e22      0x256 ./Core/Src/main.o
 .debug_macro   0x0000000000016078      0x33c ./Core/Src/main.o
 .debug_macro   0x00000000000163b4       0x18 ./Core/Src/main.o
 .debug_macro   0x00000000000163cc       0x52 ./Core/Src/main.o
 .debug_macro   0x000000000001641e       0x3c ./Core/Src/main.o
 .debug_macro   0x000000000001645a       0x34 ./Core/Src/main.o
 .debug_macro   0x000000000001648e       0x16 ./Core/Src/main.o
 .debug_macro   0x00000000000164a4       0x35 ./Core/Src/main.o
 .debug_macro   0x00000000000164d9       0x16 ./Core/Src/main.o
 .debug_macro   0x00000000000164ef       0x43 ./Core/Src/main.o
 .debug_macro   0x0000000000016532       0x34 ./Core/Src/main.o
 .debug_macro   0x0000000000016566       0x10 ./Core/Src/main.o
 .debug_macro   0x0000000000016576       0x58 ./Core/Src/main.o
 .debug_macro   0x00000000000165ce       0x71 ./Core/Src/main.o
 .debug_macro   0x000000000001663f       0x1c ./Core/Src/main.o
 .debug_macro   0x000000000001665b      0x12a ./Core/Src/main.o
 .debug_macro   0x0000000000016785      0x341 ./Core/Src/main.o
 .debug_macro   0x0000000000016ac6       0x16 ./Core/Src/main.o
 .debug_macro   0x0000000000016adc       0x29 ./Core/Src/main.o
 .debug_macro   0x0000000000016b05      0x19b ./Core/Src/main.o
 .debug_macro   0x0000000000016ca0       0x22 ./Core/Src/main.o
 .debug_macro   0x0000000000016cc2       0x9a ./Core/Src/main.o
 .debug_macro   0x0000000000016d5c      0x2d2 ./Core/Src/mpu6050.o
 .debug_macro   0x000000000001702e       0x4c ./Core/Src/mpu6050.o
 .debug_macro   0x000000000001707a       0x94 ./Core/Src/mpu6050.o
 .debug_macro   0x000000000001710e       0x57 ./Core/Src/mpu6050.o
 .debug_macro   0x0000000000017165       0x56 ./Core/Src/mpu6050.o
 .debug_macro   0x00000000000171bb      0x2e5 ./Core/Src/nrf24l01mbal.o
 .debug_macro   0x00000000000174a0      0x2d8 ./Core/Src/stm32f1xx_hal_msp.o
 .debug_macro   0x0000000000017778      0x2e2 ./Core/Src/stm32f1xx_it.o
 .debug_macro   0x0000000000017a5a      0x1ad ./Core/Src/system_stm32f1xx.o
 .debug_macro   0x0000000000017c07      0x1d1 ./Drivers/STM32F1xx_HAL_Driver/Src/stm32f1xx_hal.o
 .debug_macro   0x0000000000017dd8      0x1ad ./Drivers/STM32F1xx_HAL_Driver/Src/stm32f1xx_hal_cortex.o
 .debug_macro   0x0000000000017f85      0x218 ./Drivers/STM32F1xx_HAL_Driver/Src/stm32f1xx_hal_gpio.o
 .debug_macro   0x000000000001819d      0x1f4 ./Drivers/STM32F1xx_HAL_Driver/Src/stm32f1xx_hal_i2c.o
 .debug_macro   0x0000000000018391      0x1bf ./Drivers/STM32F1xx_HAL_Driver/Src/stm32f1xx_hal_rcc.o
 .debug_macro   0x0000000000018550      0x1b5 ./Drivers/STM32F1xx_HAL_Driver/Src/stm32f1xx_hal_spi.o
 .debug_macro   0x0000000000018705      0x1ae ./Drivers/STM32F1xx_HAL_Driver/Src/stm32f1xx_hal_tim.o
 .debug_macro   0x00000000000188b3      0x1ad ./Drivers/STM32F1xx_HAL_Driver/Src/stm32f1xx_hal_tim_ex.o

.debug_line     0x0000000000000000    0x117d5
 .debug_line    0x0000000000000000      0x7f0 ./Core/Src/PID control.o
 .debug_line    0x00000000000007f0     0x11aa ./Core/Src/main.o
 .debug_line    0x000000000000199a      0xa70 ./Core/Src/mpu6050.o
 .debug_line    0x000000000000240a      0xd61 ./Core/Src/nrf24l01mbal.o
 .debug_line    0x000000000000316b      0x965 ./Core/Src/stm32f1xx_hal_msp.o
 .debug_line    0x0000000000003ad0      0x906 ./Core/Src/stm32f1xx_it.o
 .debug_line    0x00000000000043d6      0x706 ./Core/Src/system_stm32f1xx.o
 .debug_line    0x0000000000004adc       0x87 ./Core/Startup/startup_stm32f103c8tx.o
 .debug_line    0x0000000000004b63      0x933 ./Drivers/STM32F1xx_HAL_Driver/Src/stm32f1xx_hal.o
 .debug_line    0x0000000000005496      0xb1b ./Drivers/STM32F1xx_HAL_Driver/Src/stm32f1xx_hal_cortex.o
 .debug_line    0x0000000000005fb1      0x9ca ./Drivers/STM32F1xx_HAL_Driver/Src/stm32f1xx_hal_gpio.o
 .debug_line    0x000000000000697b     0x3a1d ./Drivers/STM32F1xx_HAL_Driver/Src/stm32f1xx_hal_i2c.o
 .debug_line    0x000000000000a398      0xd41 ./Drivers/STM32F1xx_HAL_Driver/Src/stm32f1xx_hal_rcc.o
 .debug_line    0x000000000000b0d9     0x1bb8 ./Drivers/STM32F1xx_HAL_Driver/Src/stm32f1xx_hal_spi.o
 .debug_line    0x000000000000cc91     0x32e9 ./Drivers/STM32F1xx_HAL_Driver/Src/stm32f1xx_hal_tim.o
 .debug_line    0x000000000000ff7a     0x185b ./Drivers/STM32F1xx_HAL_Driver/Src/stm32f1xx_hal_tim_ex.o

.debug_str      0x0000000000000000    0x8d568
 .debug_str     0x0000000000000000    0x84179 ./Core/Src/PID control.o
                                      0x844c7 (size before relaxing)
 .debug_str     0x0000000000084179     0x6015 ./Core/Src/main.o
                                      0x8a983 (size before relaxing)
 .debug_str     0x000000000008a18e      0x168 ./Core/Src/mpu6050.o
                                      0x881ed (size before relaxing)
 .debug_str     0x000000000008a2f6      0x38f ./Core/Src/nrf24l01mbal.o
                                      0x899e7 (size before relaxing)
 .debug_str     0x000000000008a685      0x126 ./Core/Src/stm32f1xx_hal_msp.o
                                      0x89add (size before relaxing)
 .debug_str     0x000000000008a7ab       0xf3 ./Core/Src/stm32f1xx_it.o
                                      0x890de (size before relaxing)
 .debug_str     0x000000000008a89e       0x7e ./Core/Src/system_stm32f1xx.o
                                      0x8442b (size before relaxing)
 .debug_str     0x000000000008a91c       0x36 ./Core/Startup/startup_stm32f103c8tx.o
                                         0x74 (size before relaxing)
 .debug_str     0x000000000008a952      0x36e ./Drivers/STM32F1xx_HAL_Driver/Src/stm32f1xx_hal.o
                                      0x84b5e (size before relaxing)
 .debug_str     0x000000000008acc0      0x2a8 ./Drivers/STM32F1xx_HAL_Driver/Src/stm32f1xx_hal_cortex.o
                                      0x84aaa (size before relaxing)
 .debug_str     0x000000000008af68      0x297 ./Drivers/STM32F1xx_HAL_Driver/Src/stm32f1xx_hal_gpio.o
                                      0x847b1 (size before relaxing)
 .debug_str     0x000000000008b1ff      0xb5f ./Drivers/STM32F1xx_HAL_Driver/Src/stm32f1xx_hal_i2c.o
                                      0x8549f (size before relaxing)
 .debug_str     0x000000000008bd5e      0x209 ./Drivers/STM32F1xx_HAL_Driver/Src/stm32f1xx_hal_rcc.o
                                      0x8485a (size before relaxing)
 .debug_str     0x000000000008bf67      0x506 ./Drivers/STM32F1xx_HAL_Driver/Src/stm32f1xx_hal_spi.o
                                      0x84d57 (size before relaxing)
 .debug_str     0x000000000008c46d      0xd1a ./Drivers/STM32F1xx_HAL_Driver/Src/stm32f1xx_hal_tim.o
                                      0x85845 (size before relaxing)
 .debug_str     0x000000000008d187      0x3e1 ./Drivers/STM32F1xx_HAL_Driver/Src/stm32f1xx_hal_tim_ex.o
                                      0x85061 (size before relaxing)

.comment        0x0000000000000000       0x50
 .comment       0x0000000000000000       0x50 ./Core/Src/PID control.o
                                         0x51 (size before relaxing)
 .comment       0x0000000000000050       0x51 ./Core/Src/main.o
 .comment       0x0000000000000050       0x51 ./Core/Src/mpu6050.o
 .comment       0x0000000000000050       0x51 ./Core/Src/nrf24l01mbal.o
 .comment       0x0000000000000050       0x51 ./Core/Src/stm32f1xx_hal_msp.o
 .comment       0x0000000000000050       0x51 ./Core/Src/stm32f1xx_it.o
 .comment       0x0000000000000050       0x51 ./Core/Src/system_stm32f1xx.o
 .comment       0x0000000000000050       0x51 ./Drivers/STM32F1xx_HAL_Driver/Src/stm32f1xx_hal.o
 .comment       0x0000000000000050       0x51 ./Drivers/STM32F1xx_HAL_Driver/Src/stm32f1xx_hal_cortex.o
 .comment       0x0000000000000050       0x51 ./Drivers/STM32F1xx_HAL_Driver/Src/stm32f1xx_hal_gpio.o
 .comment       0x0000000000000050       0x51 ./Drivers/STM32F1xx_HAL_Driver/Src/stm32f1xx_hal_i2c.o
 .comment       0x0000000000000050       0x51 ./Drivers/STM32F1xx_HAL_Driver/Src/stm32f1xx_hal_rcc.o
 .comment       0x0000000000000050       0x51 ./Drivers/STM32F1xx_HAL_Driver/Src/stm32f1xx_hal_spi.o
 .comment       0x0000000000000050       0x51 ./Drivers/STM32F1xx_HAL_Driver/Src/stm32f1xx_hal_tim.o
 .comment       0x0000000000000050       0x51 ./Drivers/STM32F1xx_HAL_Driver/Src/stm32f1xx_hal_tim_ex.o

.debug_frame    0x0000000000000000     0x4a64
 .debug_frame   0x0000000000000000       0xcc ./Core/Src/PID control.o
 .debug_frame   0x00000000000000cc      0x378 ./Core/Src/main.o
 .debug_frame   0x0000000000000444       0xfc ./Core/Src/mpu6050.o
 .debug_frame   0x0000000000000540      0x410 ./Core/Src/nrf24l01mbal.o
 .debug_frame   0x0000000000000950      0x18c ./Core/Src/stm32f1xx_hal_msp.o
 .debug_frame   0x0000000000000adc      0x120 ./Core/Src/stm32f1xx_it.o
 .debug_frame   0x0000000000000bfc       0x58 ./Core/Src/system_stm32f1xx.o
 .debug_frame   0x0000000000000c54      0x334 ./Drivers/STM32F1xx_HAL_Driver/Src/stm32f1xx_hal.o
 .debug_frame   0x0000000000000f88      0x428 ./Drivers/STM32F1xx_HAL_Driver/Src/stm32f1xx_hal_cortex.o
 .debug_frame   0x00000000000013b0      0x14c ./Drivers/STM32F1xx_HAL_Driver/Src/stm32f1xx_hal_gpio.o
 .debug_frame   0x00000000000014fc      0xc5c ./Drivers/STM32F1xx_HAL_Driver/Src/stm32f1xx_hal_i2c.o
 .debug_frame   0x0000000000002158      0x21c ./Drivers/STM32F1xx_HAL_Driver/Src/stm32f1xx_hal_rcc.o
 .debug_frame   0x0000000000002374      0x824 ./Drivers/STM32F1xx_HAL_Driver/Src/stm32f1xx_hal_spi.o
 .debug_frame   0x0000000000002b98     0x11b8 ./Drivers/STM32F1xx_HAL_Driver/Src/stm32f1xx_hal_tim.o
 .debug_frame   0x0000000000003d50      0x638 ./Drivers/STM32F1xx_HAL_Driver/Src/stm32f1xx_hal_tim_ex.o
 .debug_frame   0x0000000000004388       0x20 c:/st/stm32cubeide_1.10.1/stm32cubeide/plugins/com.st.stm32cube.ide.mcu.externaltools.gnu-tools-for-stm32.10.3-2021.10.win32_1.0.0.202111181127/tools/bin/../lib/gcc/arm-none-eabi/10.3.1/../../../../arm-none-eabi/lib/thumb/v7-m/nofp\libc_nano.a(lib_a-errno.o)
 .debug_frame   0x00000000000043a8       0x2c c:/st/stm32cubeide_1.10.1/stm32cubeide/plugins/com.st.stm32cube.ide.mcu.externaltools.gnu-tools-for-stm32.10.3-2021.10.win32_1.0.0.202111181127/tools/bin/../lib/gcc/arm-none-eabi/10.3.1/../../../../arm-none-eabi/lib/thumb/v7-m/nofp\libc_nano.a(lib_a-init.o)
 .debug_frame   0x00000000000043d4       0x20 c:/st/stm32cubeide_1.10.1/stm32cubeide/plugins/com.st.stm32cube.ide.mcu.externaltools.gnu-tools-for-stm32.10.3-2021.10.win32_1.0.0.202111181127/tools/bin/../lib/gcc/arm-none-eabi/10.3.1/../../../../arm-none-eabi/lib/thumb/v7-m/nofp\libc_nano.a(lib_a-memset.o)
 .debug_frame   0x00000000000043f4       0x34 c:/st/stm32cubeide_1.10.1/stm32cubeide/plugins/com.st.stm32cube.ide.mcu.externaltools.gnu-tools-for-stm32.10.3-2021.10.win32_1.0.0.202111181127/tools/bin/../lib/gcc/arm-none-eabi/10.3.1/../../../../arm-none-eabi/lib/thumb/v7-m/nofp\libm.a(lib_a-s_sin.o)
 .debug_frame   0x0000000000004428       0x3c c:/st/stm32cubeide_1.10.1/stm32cubeide/plugins/com.st.stm32cube.ide.mcu.externaltools.gnu-tools-for-stm32.10.3-2021.10.win32_1.0.0.202111181127/tools/bin/../lib/gcc/arm-none-eabi/10.3.1/../../../../arm-none-eabi/lib/thumb/v7-m/nofp\libm.a(lib_a-w_asin.o)
 .debug_frame   0x0000000000004464       0x30 c:/st/stm32cubeide_1.10.1/stm32cubeide/plugins/com.st.stm32cube.ide.mcu.externaltools.gnu-tools-for-stm32.10.3-2021.10.win32_1.0.0.202111181127/tools/bin/../lib/gcc/arm-none-eabi/10.3.1/../../../../arm-none-eabi/lib/thumb/v7-m/nofp\libm.a(lib_a-w_sqrt.o)
 .debug_frame   0x0000000000004494       0x40 c:/st/stm32cubeide_1.10.1/stm32cubeide/plugins/com.st.stm32cube.ide.mcu.externaltools.gnu-tools-for-stm32.10.3-2021.10.win32_1.0.0.202111181127/tools/bin/../lib/gcc/arm-none-eabi/10.3.1/../../../../arm-none-eabi/lib/thumb/v7-m/nofp\libm.a(lib_a-e_asin.o)