../Core/Src/main.c:68:6:ADC_Select_CH0	24	static
../Core/Src/main.c:79:6:ADC_Select_CH1	24	static
../Core/Src/main.c:90:6:HAL_GPIO_EXTI_Callback	16	static
../Core/Src/main.c:131:6:HAL_ADC_ConvCpltCallback	16	static
../Core/Src/main.c:180:5:main	8	static
../Core/Src/main.c:264:6:SystemClock_Config	88	static
../Core/Src/main.c:311:13:MX_ADC1_Init	24	static
../Core/Src/main.c:358:13:MX_SPI1_Init	8	static
../Core/Src/main.c:396:13:MX_GPIO_Init	40	static
../Core/Src/main.c:450:6:Error_Handler	4	static,ignoring_inline_asm
